Component: ARM Compiler 5.06 update 7 (build 960) Tool: armlink [4d3601]

==============================================================================

Section Cross References

    startup_stm32f407xx.o(STACK) refers (Special) to heapauxi.o(.text) for __use_two_region_memory
    startup_stm32f407xx.o(HEAP) refers (Special) to heapauxi.o(.text) for __use_two_region_memory
    startup_stm32f407xx.o(RESET) refers (Special) to heapauxi.o(.text) for __use_two_region_memory
    startup_stm32f407xx.o(RESET) refers to startup_stm32f407xx.o(STACK) for __initial_sp
    startup_stm32f407xx.o(RESET) refers to startup_stm32f407xx.o(.text) for Reset_Handler
    startup_stm32f407xx.o(RESET) refers to stm32f4xx_it.o(i.NMI_Handler) for NMI_Handler
    startup_stm32f407xx.o(RESET) refers to stm32f4xx_it.o(i.HardFault_Handler) for HardFault_Handler
    startup_stm32f407xx.o(RESET) refers to stm32f4xx_it.o(i.MemManage_Handler) for MemManage_Handler
    startup_stm32f407xx.o(RESET) refers to stm32f4xx_it.o(i.BusFault_Handler) for BusFault_Handler
    startup_stm32f407xx.o(RESET) refers to stm32f4xx_it.o(i.UsageFault_Handler) for UsageFault_Handler
    startup_stm32f407xx.o(RESET) refers to port.o(.emb_text) for SVC_Handler
    startup_stm32f407xx.o(RESET) refers to stm32f4xx_it.o(i.DebugMon_Handler) for DebugMon_Handler
    startup_stm32f407xx.o(RESET) refers to port.o(i.SysTick_Handler) for SysTick_Handler
    startup_stm32f407xx.o(RESET) refers to stm32f4xx_it.o(i.DMA1_Stream1_IRQHandler) for DMA1_Stream1_IRQHandler
    startup_stm32f407xx.o(RESET) refers to stm32f4xx_it.o(i.CAN1_TX_IRQHandler) for CAN1_TX_IRQHandler
    startup_stm32f407xx.o(RESET) refers to stm32f4xx_it.o(i.CAN1_RX0_IRQHandler) for CAN1_RX0_IRQHandler
    startup_stm32f407xx.o(RESET) refers to stm32f4xx_it.o(i.TIM2_IRQHandler) for TIM2_IRQHandler
    startup_stm32f407xx.o(RESET) refers to stm32f4xx_it.o(i.USART3_IRQHandler) for USART3_IRQHandler
    startup_stm32f407xx.o(RESET) refers to stm32f4xx_it.o(i.CAN2_TX_IRQHandler) for CAN2_TX_IRQHandler
    startup_stm32f407xx.o(RESET) refers to stm32f4xx_it.o(i.CAN2_RX0_IRQHandler) for CAN2_RX0_IRQHandler
    startup_stm32f407xx.o(RESET) refers to stm32f4xx_it.o(i.OTG_FS_IRQHandler) for OTG_FS_IRQHandler
    startup_stm32f407xx.o(.text) refers (Special) to heapauxi.o(.text) for __use_two_region_memory
    startup_stm32f407xx.o(.text) refers to system_stm32f4xx.o(i.SystemInit) for SystemInit
    startup_stm32f407xx.o(.text) refers to __main.o(!!!main) for __main
    startup_stm32f407xx.o(.text) refers to startup_stm32f407xx.o(HEAP) for Heap_Mem
    startup_stm32f407xx.o(.text) refers to startup_stm32f407xx.o(STACK) for Stack_Mem
    main.o(i.HAL_TIM_PeriodElapsedCallback) refers to stm32f4xx_hal.o(i.HAL_IncTick) for HAL_IncTick
    main.o(i.SystemClock_Config) refers to rt_memclr_w.o(.text) for __aeabi_memclr4
    main.o(i.SystemClock_Config) refers to stm32f4xx_hal_rcc.o(i.HAL_RCC_OscConfig) for HAL_RCC_OscConfig
    main.o(i.SystemClock_Config) refers to stm32f4xx_hal_rcc.o(i.HAL_RCC_ClockConfig) for HAL_RCC_ClockConfig
    main.o(i.main) refers to stm32f4xx_hal.o(i.HAL_Init) for HAL_Init
    main.o(i.main) refers to main.o(i.SystemClock_Config) for SystemClock_Config
    main.o(i.main) refers to gpio.o(i.MX_GPIO_Init) for MX_GPIO_Init
    main.o(i.main) refers to dma.o(i.MX_DMA_Init) for MX_DMA_Init
    main.o(i.main) refers to can.o(i.MX_CAN1_Init) for MX_CAN1_Init
    main.o(i.main) refers to can.o(i.MX_CAN2_Init) for MX_CAN2_Init
    main.o(i.main) refers to usart.o(i.MX_USART3_UART_Init) for MX_USART3_UART_Init
    main.o(i.main) refers to tim.o(i.MX_TIM4_Init) for MX_TIM4_Init
    main.o(i.main) refers to tim.o(i.MX_TIM1_Init) for MX_TIM1_Init
    main.o(i.main) refers to sysinit.o(i.Sys_Init) for Sys_Init
    main.o(i.main) refers to freertos.o(i.MX_FREERTOS_Init) for MX_FREERTOS_Init
    main.o(i.main) refers to cmsis_os.o(i.osKernelStart) for osKernelStart
    gpio.o(i.MX_GPIO_Init) refers to rt_memclr_w.o(.text) for __aeabi_memclr4
    gpio.o(i.MX_GPIO_Init) refers to stm32f4xx_hal_gpio.o(i.HAL_GPIO_WritePin) for HAL_GPIO_WritePin
    gpio.o(i.MX_GPIO_Init) refers to stm32f4xx_hal_gpio.o(i.HAL_GPIO_Init) for HAL_GPIO_Init
    freertos.o(i.MX_FREERTOS_Init) refers to rt_memcpy_w.o(.text) for __aeabi_memcpy4
    freertos.o(i.MX_FREERTOS_Init) refers to cmsis_os.o(i.osThreadCreate) for osThreadCreate
    freertos.o(i.MX_FREERTOS_Init) refers to freertos.o(.constdata) for .constdata
    freertos.o(i.MX_FREERTOS_Init) refers to freertos.o(.data) for .data
    freertos.o(i.StartDefaultTask) refers to usb_device.o(i.MX_USB_DEVICE_Init) for MX_USB_DEVICE_Init
    freertos.o(i.StartDefaultTask) refers to cmsis_os.o(i.osDelay) for osDelay
    freertos.o(i.vApplicationGetIdleTaskMemory) refers to freertos.o(.bss) for .bss
    freertos.o(.constdata) refers to freertos.o(.conststring) for .conststring
    freertos.o(.constdata) refers to freertos.o(i.StartDefaultTask) for StartDefaultTask
[...]
    HAL_Init                                 0x08001fed   Thumb Code    48  stm32f4xx_hal.o(i.HAL_Init)
    HAL_InitTick                             0x08002021   Thumb Code   134  stm32f4xx_hal_timebase_tim.o(i.HAL_InitTick)
    HAL_MspInit                              0x080020b9   Thumb Code    52  stm32f4xx_hal_msp.o(i.HAL_MspInit)
    HAL_NVIC_EnableIRQ                       0x080020f1   Thumb Code    26  stm32f4xx_hal_cortex.o(i.HAL_NVIC_EnableIRQ)
    HAL_NVIC_SetPriority                     0x0800210d   Thumb Code    60  stm32f4xx_hal_cortex.o(i.HAL_NVIC_SetPriority)
    HAL_NVIC_SetPriorityGrouping             0x0800214d   Thumb Code    26  stm32f4xx_hal_cortex.o(i.HAL_NVIC_SetPriorityGrouping)
    HAL_PCDEx_LPM_Callback                   0x08002171   Thumb Code     2  stm32f4xx_hal_pcd_ex.o(i.HAL_PCDEx_LPM_Callback)
    HAL_PCDEx_SetRxFiFo                      0x08002173   Thumb Code     8  stm32f4xx_hal_pcd_ex.o(i.HAL_PCDEx_SetRxFiFo)
    HAL_PCDEx_SetTxFiFo                      0x0800217b   Thumb Code    68  stm32f4xx_hal_pcd_ex.o(i.HAL_PCDEx_SetTxFiFo)
    HAL_PCD_ConnectCallback                  0x080021bf   Thumb Code     8  usbd_conf.o(i.HAL_PCD_ConnectCallback)
    HAL_PCD_DataInStageCallback              0x080021c7   Thumb Code    18  usbd_conf.o(i.HAL_PCD_DataInStageCallback)
    HAL_PCD_DataOutStageCallback             0x080021d9   Thumb Code    20  usbd_conf.o(i.HAL_PCD_DataOutStageCallback)
    HAL_PCD_DisconnectCallback               0x080021ed   Thumb Code     8  usbd_conf.o(i.HAL_PCD_DisconnectCallback)
    HAL_PCD_EP_Abort                         0x080021f5   Thumb Code    30  stm32f4xx_hal_pcd.o(i.HAL_PCD_EP_Abort)
    HAL_PCD_EP_Close                         0x08002213   Thumb Code    76  stm32f4xx_hal_pcd.o(i.HAL_PCD_EP_Close)
    HAL_PCD_EP_ClrStall                      0x0800225f   Thumb Code    92  stm32f4xx_hal_pcd.o(i.HAL_PCD_EP_ClrStall)
    HAL_PCD_EP_GetRxCount                    0x080022bb   Thumb Code    18  stm32f4xx_hal_pcd.o(i.HAL_PCD_EP_GetRxCount)
    HAL_PCD_EP_Open                          0x080022cd   Thumb Code    96  stm32f4xx_hal_pcd.o(i.HAL_PCD_EP_Open)
    HAL_PCD_EP_Receive                       0x0800232d   Thumb Code    72  stm32f4xx_hal_pcd.o(i.HAL_PCD_EP_Receive)
    HAL_PCD_EP_SetStall                      0x08002375   Thumb Code   116  stm32f4xx_hal_pcd.o(i.HAL_PCD_EP_SetStall)
    HAL_PCD_EP_Transmit                      0x080023e9   Thumb Code    64  stm32f4xx_hal_pcd.o(i.HAL_PCD_EP_Transmit)
    HAL_PCD_IRQHandler                       0x08002429   Thumb Code  1376  stm32f4xx_hal_pcd.o(i.HAL_PCD_IRQHandler)
    HAL_PCD_ISOINIncompleteCallback          0x08002989   Thumb Code     8  usbd_conf.o(i.HAL_PCD_ISOINIncompleteCallback)
    HAL_PCD_ISOOUTIncompleteCallback         0x08002991   Thumb Code     8  usbd_conf.o(i.HAL_PCD_ISOOUTIncompleteCallback)
    HAL_PCD_Init                             0x08002999   Thumb Code   226  stm32f4xx_hal_pcd.o(i.HAL_PCD_Init)
    HAL_PCD_MspInit                          0x08002a7d   Thumb Code   122  usbd_conf.o(i.HAL_PCD_MspInit)
    HAL_PCD_ResetCallback                    0x08002b01   Thumb Code    44  usbd_conf.o(i.HAL_PCD_ResetCallback)
    HAL_PCD_ResumeCallback                   0x08002b2d   Thumb Code     8  usbd_conf.o(i.HAL_PCD_ResumeCallback)
    HAL_PCD_SOFCallback                      0x08002b35   Thumb Code     8  usbd_conf.o(i.HAL_PCD_SOFCallback)
    HAL_PCD_SetAddress                       0x08002b3d   Thumb Code    40  stm32f4xx_hal_pcd.o(i.HAL_PCD_SetAddress)
    HAL_PCD_SetupStageCallback               0x08002b65   Thumb Code    14  usbd_conf.o(i.HAL_PCD_SetupStageCallback)
    HAL_PCD_Start                            0x08002b73   Thumb Code    66  stm32f4xx_hal_pcd.o(i.HAL_PCD_Start)
    HAL_PCD_SuspendCallback                  0x08002bb5   Thumb Code    44  usbd_conf.o(i.HAL_PCD_SuspendCallback)
    HAL_RCC_ClockConfig                      0x08002be5   Thumb Code   288  stm32f4xx_hal_rcc.o(i.HAL_RCC_ClockConfig)
    HAL_RCC_GetClockConfig                   0x08002d19   Thumb Code    54  stm32f4xx_hal_rcc.o(i.HAL_RCC_GetClockConfig)
    HAL_RCC_GetHCLKFreq                      0x08002d59   Thumb Code     6  stm32f4xx_hal_rcc.o(i.HAL_RCC_GetHCLKFreq)
    HAL_RCC_GetPCLK1Freq                     0x08002d65   Thumb Code    20  stm32f4xx_hal_rcc.o(i.HAL_RCC_GetPCLK1Freq)
    HAL_RCC_GetPCLK2Freq                     0x08002d85   Thumb Code    20  stm32f4xx_hal_rcc.o(i.HAL_RCC_GetPCLK2Freq)
    HAL_RCC_GetSysClockFreq                  0x08002da5   Thumb Code    88  stm32f4xx_hal_rcc.o(i.HAL_RCC_GetSysClockFreq)
    HAL_RCC_OscConfig                        0x08002e09   Thumb Code   856  stm32f4xx_hal_rcc.o(i.HAL_RCC_OscConfig)
    HAL_TIMEx_BreakCallback                  0x08003175   Thumb Code     2  stm32f4xx_hal_tim_ex.o(i.HAL_TIMEx_BreakCallback)
    HAL_TIMEx_CommutCallback                 0x08003177   Thumb Code     2  stm32f4xx_hal_tim_ex.o(i.HAL_TIMEx_CommutCallback)
    HAL_TIMEx_ConfigBreakDeadTime            0x08003179   Thumb Code    84  stm32f4xx_hal_tim_ex.o(i.HAL_TIMEx_ConfigBreakDeadTime)
    HAL_TIMEx_MasterConfigSynchronization    0x080031cd   Thumb Code   116  stm32f4xx_hal_tim_ex.o(i.HAL_TIMEx_MasterConfigSynchronization)
    HAL_TIM_Base_Init                        0x0800325d   Thumb Code    90  stm32f4xx_hal_tim.o(i.HAL_TIM_Base_Init)
    HAL_TIM_Base_MspInit                     0x080032b9   Thumb Code    30  tim.o(i.HAL_TIM_Base_MspInit)
    HAL_TIM_Base_Start_IT                    0x080032e1   Thumb Code   100  stm32f4xx_hal_tim.o(i.HAL_TIM_Base_Start_IT)
    HAL_TIM_ConfigClockSource                0x08003361   Thumb Code   220  stm32f4xx_hal_tim.o(i.HAL_TIM_ConfigClockSource)
    HAL_TIM_IC_CaptureCallback               0x0800343d   Thumb Code     2  stm32f4xx_hal_tim.o(i.HAL_TIM_IC_CaptureCallback)
    HAL_TIM_IRQHandler                       0x0800343f   Thumb Code   358  stm32f4xx_hal_tim.o(i.HAL_TIM_IRQHandler)
    HAL_TIM_MspPostInit                      0x080035a5   Thumb Code   110  tim.o(i.HAL_TIM_MspPostInit)
    HAL_TIM_OC_DelayElapsedCallback          0x08003629   Thumb Code     2  stm32f4xx_hal_tim.o(i.HAL_TIM_OC_DelayElapsedCallback)
    HAL_TIM_PWM_ConfigChannel                0x0800362b   Thumb Code   204  stm32f4xx_hal_tim.o(i.HAL_TIM_PWM_ConfigChannel)
    HAL_TIM_PWM_Init                         0x080036f7   Thumb Code    90  stm32f4xx_hal_tim.o(i.HAL_TIM_PWM_Init)
    HAL_TIM_PWM_MspInit                      0x08003751   Thumb Code    30  tim.o(i.HAL_TIM_PWM_MspInit)
    HAL_TIM_PWM_PulseFinishedCallback        0x08003779   Thumb Code     2  stm32f4xx_hal_tim.o(i.HAL_TIM_PWM_PulseFinishedCallback)
    HAL_TIM_PeriodElapsedCallback            0x0800377b   Thumb Code    14  main.o(i.HAL_TIM_PeriodElapsedCallback)
    HAL_TIM_TriggerCallback                  0x08003789   Thumb Code     2  stm32f4xx_hal_tim.o(i.HAL_TIM_TriggerCallback)
    HAL_UARTEx_RxEventCallback               0x0800378b   Thumb Code     2  stm32f4xx_hal_uart.o(i.HAL_UARTEx_RxEventCallback)
    HAL_UART_ErrorCallback                   0x0800378d   Thumb Code     2  stm32f4xx_hal_uart.o(i.HAL_UART_ErrorCallback)
    HAL_UART_IRQHandler                      0x08003791   Thumb Code   610  stm32f4xx_hal_uart.o(i.HAL_UART_IRQHandler)
    HAL_UART_Init                            0x080039f9   Thumb Code    98  stm32f4xx_hal_uart.o(i.HAL_UART_Init)
    HAL_UART_MspInit                         0x08003a5d   Thumb Code   158  usart.o(i.HAL_UART_MspInit)
    HAL_UART_RxCpltCallback                  0x08003b11   Thumb Code     2  stm32f4xx_hal_uart.o(i.HAL_UART_RxCpltCallback)
    HAL_UART_TxCpltCallback                  0x08003b13   Thumb Code     2  stm32f4xx_hal_uart.o(i.HAL_UART_TxCpltCallback)
    HardFault_Handler                        0x08003b37   Thumb Code     2  stm32f4xx_it.o(i.HardFault_Handler)
    Is_Online                                0x08003b89   Thumb Code    24  detect_task.o(i.Is_Online)
    Lift_Up_Drive                            0x08003cf9   Thumb Code   192  chassismotor.o(i.Lift_Up_Drive)
    MX_CAN1_Init                             0x08003dbd   Thumb Code    60  can.o(i.MX_CAN1_Init)
    MX_CAN2_Init                             0x08003e01   Thumb Code    62  can.o(i.MX_CAN2_Init)
    MX_DMA_Init                              0x08003e49   Thumb Code    40  dma.o(i.MX_DMA_Init)
    MX_FREERTOS_Init                         0x08003e75   Thumb Code    96  freertos.o(i.MX_FREERTOS_Init)
    MX_GPIO_Init                             0x08003edd   Thumb Code   150  gpio.o(i.MX_GPIO_Init)
    MX_TIM1_Init                             0x08003f7d   Thumb Code   156  tim.o(i.MX_TIM1_Init)
    MX_TIM4_Init                             0x08004021   Thumb Code   142  tim.o(i.MX_TIM4_Init)
    MX_USART3_UART_Init                      0x080040b9   Thumb Code    50  usart.o(i.MX_USART3_UART_Init)
    MX_USB_DEVICE_Init                       0x080040f9   Thumb Code    66  usb_device.o(i.MX_USB_DEVICE_Init)
    MemManage_Handler                        0x0800414d   Thumb Code     2  stm32f4xx_it.o(i.MemManage_Handler)
    MotorValZero                             0x0800414f   Thumb Code     8  rmmotor.o(i.MotorValZero)
    Motor_Data_Deal                          0x08004159   Thumb Code   378  chassismotor.o(i.Motor_Data_Deal)
    NMI_Handler                              0x080042dd   Thumb Code     2  stm32f4xx_it.o(i.NMI_Handler)
    OTG_FS_IRQHandler                        0x080042e1   Thumb Code     6  stm32f4xx_it.o(i.OTG_FS_IRQHandler)
    PidCalculate                             0x080044a3   Thumb Code   606  pid.o(i.PidCalculate)
    PidInit                                  0x08004701   Thumb Code    60  pid.o(i.PidInit)
    PidInitMode                              0x0800473d   Thumb Code   130  pid.o(i.PidInitMode)
    RC_Check_Data_IS_ERROR                   0x080047cd   Thumb Code   102  bsp_dr16.o(i.RC_Check_Data_IS_ERROR)
    RC_DataProcess                           0x08004839   Thumb Code   192  bsp_dr16.o(i.RC_DataProcess)
    RC_DataReload                            0x080048f9   Thumb Code    28  bsp_dr16.o(i.RC_DataReload)
    RC_Get_RC_Pointer                        0x08004919   Thumb Code     4  bsp_dr16.o(i.RC_Get_RC_Pointer)
    RC_Init                                  0x08004921   Thumb Code    98  bsp_dr16.o(i.RC_Init)
    RC_UART_IRQHandler                       0x08004985   Thumb Code   162  bsp_dr16.o(i.RC_UART_IRQHandler)
    Remote_Data_Deal                         0x08004a3d   Thumb Code    94  remotedeal.o(i.Remote_Data_Deal)
    Remote_Data_Init                         0x08004aa1   Thumb Code    84  remotedeal.o(i.Remote_Data_Init)
    Remote_Task                              0x08004afd   Thumb Code    20  remote_task.o(i.Remote_Task)
    Remote_Task_Init                         0x08004b11   Thumb Code     8  remote_task.o(i.Remote_Task_Init)
    Return_Chassis_FSM                       0x08004b21   Thumb Code     4  chassis_fsm.o(i.Return_Chassis_FSM)
    Return_RemoteDeal_Point                  0x08004b29   Thumb Code     4  remotedeal.o(i.Return_RemoteDeal_Point)
    SEGGER_RTT_Init                          0x08004b31   Thumb Code     4  segger_rtt.o(i.SEGGER_RTT_Init)
    StartDefaultTask                         0x08004b3f   Thumb Code    12  freertos.o(i.StartDefaultTask)
    StateChange                              0x08004b4b   Thumb Code    12  fsm.o(i.StateChange)
    SysTick_Handler                          0x08004b59   Thumb Code    38  port.o(i.SysTick_Handler)
    Sys_Init                                 0x08004b85   Thumb Code    22  sysinit.o(i.Sys_Init)
    SystemClock_Config                       0x08004b9d   Thumb Code   140  main.o(i.SystemClock_Config)
    SystemInit                               0x08004c31   Thumb Code    12  system_stm32f4xx.o(i.SystemInit)
    TIM2_IRQHandler                          0x08004c41   Thumb Code     6  stm32f4xx_it.o(i.TIM2_IRQHandler)
    TIM_Base_SetConfig                       0x08004c4d   Thumb Code   156  stm32f4xx_hal_tim.o(i.TIM_Base_SetConfig)
    TIM_ETR_SetConfig                        0x08004d15   Thumb Code    20  stm32f4xx_hal_tim.o(i.TIM_ETR_SetConfig)
    TIM_OC2_SetConfig                        0x08004d99   Thumb Code    98  stm32f4xx_hal_tim.o(i.TIM_OC2_SetConfig)
    USART3_IRQHandler                        0x0800512d   Thumb Code    16  stm32f4xx_it.o(i.USART3_IRQHandler)
    USBD_CDC_GetDeviceQualifierDescriptor    0x080052bd   Thumb Code     8  usbd_cdc.o(i.USBD_CDC_GetDeviceQualifierDescriptor)
    USBD_CDC_ReceivePacket                   0x08005499   Thumb Code    50  usbd_cdc.o(i.USBD_CDC_ReceivePacket)
    USBD_CDC_RegisterInterface               0x080054d1   Thumb Code    22  usbd_cdc.o(i.USBD_CDC_RegisterInterface)
    USBD_CDC_SetRxBuffer                     0x080054e7   Thumb Code    26  usbd_cdc.o(i.USBD_CDC_SetRxBuffer)
    USBD_CDC_SetTxBuffer                     0x08005501   Thumb Code    30  usbd_cdc.o(i.USBD_CDC_SetTxBuffer)
    USBD_ClrClassConfig                      0x080055f3   Thumb Code    20  usbd_core.o(i.USBD_ClrClassConfig)
    USBD_CoreFindEP                          0x08005607   Thumb Code     4  usbd_core.o(i.USBD_CoreFindEP)
    USBD_CoreFindIF                          0x0800560b   Thumb Code     4  usbd_core.o(i.USBD_CoreFindIF)
    USBD_CtlContinueRx                       0x0800560f   Thumb Code    16  usbd_ioreq.o(i.USBD_CtlContinueRx)
    USBD_CtlContinueSendData                 0x0800561f   Thumb Code    16  usbd_ioreq.o(i.USBD_CtlContinueSendData)
    USBD_CtlError                            0x0800562f   Thumb Code    22  usbd_ctlreq.o(i.USBD_CtlError)
    USBD_CtlPrepareRx                        0x08005645   Thumb Code    30  usbd_ioreq.o(i.USBD_CtlPrepareRx)
    USBD_CtlReceiveStatus                    0x08005663   Thumb Code    22  usbd_ioreq.o(i.USBD_CtlReceiveStatus)
    USBD_CtlSendData                         0x08005679   Thumb Code    26  usbd_ioreq.o(i.USBD_CtlSendData)
    USBD_CtlSendStatus                       0x08005693   Thumb Code    22  usbd_ioreq.o(i.USBD_CtlSendStatus)
    USBD_FS_ConfigStrDescriptor              0x080056a9   Thumb Code    16  usbd_desc.o(i.USBD_FS_ConfigStrDescriptor)
    USBD_FS_DeviceDescriptor                 0x080056c9   Thumb Code     8  usbd_desc.o(i.USBD_FS_DeviceDescriptor)
    USBD_FS_InterfaceStrDescriptor           0x080056d5   Thumb Code    16  usbd_desc.o(i.USBD_FS_InterfaceStrDescriptor)
    USBD_FS_LangIDStrDescriptor              0x080056f9   Thumb Code     8  usbd_desc.o(i.USBD_FS_LangIDStrDescriptor)
    USBD_FS_ManufacturerStrDescriptor        0x08005705   Thumb Code    16  usbd_desc.o(i.USBD_FS_ManufacturerStrDescriptor)
    USBD_FS_ProductStrDescriptor             0x0800572d   Thumb Code    16  usbd_desc.o(i.USBD_FS_ProductStrDescriptor)
    USBD_FS_SerialStrDescriptor              0x08005759   Thumb Code    48  usbd_desc.o(i.USBD_FS_SerialStrDescriptor)
    USBD_GetEpDesc                           0x08005877   Thumb Code    58  usbd_core.o(i.USBD_GetEpDesc)
    USBD_GetNextDesc                         0x080058b1   Thumb Code    14  usbd_core.o(i.USBD_GetNextDesc)
    USBD_GetString                           0x080058bf   Thumb Code    72  usbd_ctlreq.o(i.USBD_GetString)
    USBD_Get_USB_Status                      0x08005907   Thumb Code    24  usbd_conf.o(i.USBD_Get_USB_Status)
    USBD_Init                                0x0800591f   Thumb Code    38  usbd_core.o(i.USBD_Init)
    USBD_LL_ClearStallEP                     0x08005945   Thumb Code    18  usbd_conf.o(i.USBD_LL_ClearStallEP)
    USBD_LL_CloseEP                          0x08005957   Thumb Code    18  usbd_conf.o(i.USBD_LL_CloseEP)
    USBD_LL_DataInStage                      0x08005969   Thumb Code   182  usbd_core.o(i.USBD_LL_DataInStage)
    USBD_LL_DataOutStage                     0x08005a1f   Thumb Code   142  usbd_core.o(i.USBD_LL_DataOutStage)
    USBD_LL_DevConnected                     0x08005aad   Thumb Code     4  usbd_core.o(i.USBD_LL_DevConnected)
    USBD_LL_DevDisconnected                  0x08005ab1   Thumb Code    30  usbd_core.o(i.USBD_LL_DevDisconnected)
    USBD_LL_GetRxDataSize                    0x08005acf   Thumb Code     8  usbd_conf.o(i.USBD_LL_GetRxDataSize)
    USBD_LL_Init                             0x08005ad9   Thumb Code    90  usbd_conf.o(i.USBD_LL_Init)
    USBD_LL_IsStallEP                        0x08005b39   Thumb Code    32  usbd_conf.o(i.USBD_LL_IsStallEP)
    USBD_LL_IsoINIncomplete                  0x08005b59   Thumb Code    40  usbd_core.o(i.USBD_LL_IsoINIncomplete)
    USBD_LL_IsoOUTIncomplete                 0x08005b81   Thumb Code    40  usbd_core.o(i.USBD_LL_IsoOUTIncomplete)
    USBD_LL_OpenEP                           0x08005ba9   Thumb Code    24  usbd_conf.o(i.USBD_LL_OpenEP)
    USBD_LL_PrepareReceive                   0x08005bc1   Thumb Code    18  usbd_conf.o(i.USBD_LL_PrepareReceive)
    USBD_LL_Reset                            0x08005bd3   Thumb Code    92  usbd_core.o(i.USBD_LL_Reset)
    USBD_LL_Resume                           0x08005c2f   Thumb Code    20  usbd_core.o(i.USBD_LL_Resume)
    USBD_LL_SOF                              0x08005c43   Thumb Code    26  usbd_core.o(i.USBD_LL_SOF)
    USBD_LL_SetSpeed                         0x08005c5d   Thumb Code     6  usbd_core.o(i.USBD_LL_SetSpeed)
    USBD_LL_SetUSBAddress                    0x08005c63   Thumb Code    18  usbd_conf.o(i.USBD_LL_SetUSBAddress)
    USBD_LL_SetupStage                       0x08005c75   Thumb Code    96  usbd_core.o(i.USBD_LL_SetupStage)
    USBD_LL_StallEP                          0x08005cd5   Thumb Code    18  usbd_conf.o(i.USBD_LL_StallEP)
    USBD_LL_Start                            0x08005ce7   Thumb Code    18  usbd_conf.o(i.USBD_LL_Start)
    USBD_LL_Suspend                          0x08005cf9   Thumb Code    18  usbd_core.o(i.USBD_LL_Suspend)
    USBD_LL_Transmit                         0x08005d0b   Thumb Code    18  usbd_conf.o(i.USBD_LL_Transmit)
    USBD_ParseSetupRequest                   0x08005d1d   Thumb Code    44  usbd_ctlreq.o(i.USBD_ParseSetupRequest)
    USBD_RegisterClass                       0x08005d49   Thumb Code    58  usbd_core.o(i.USBD_RegisterClass)
    USBD_SetClassConfig                      0x08005d83   Thumb Code    20  usbd_core.o(i.USBD_SetClassConfig)
    USBD_Start                               0x08005e51   Thumb Code     4  usbd_core.o(i.USBD_Start)
    USBD_StdDevReq                           0x08005e55   Thumb Code   300  usbd_ctlreq.o(i.USBD_StdDevReq)
    USBD_StdEPReq                            0x08005f81   Thumb Code   352  usbd_ctlreq.o(i.USBD_StdEPReq)
    USBD_StdItfReq                           0x080060e1   Thumb Code   114  usbd_ctlreq.o(i.USBD_StdItfReq)
    USBD_static_free                         0x08006153   Thumb Code     2  usbd_conf.o(i.USBD_static_free)
    USBD_static_malloc                       0x08006155   Thumb Code     4  usbd_conf.o(i.USBD_static_malloc)
    USB_ActivateEndpoint                     0x0800615d   Thumb Code   122  stm32f4xx_ll_usb.o(i.USB_ActivateEndpoint)
    USB_ActivateSetup                        0x080061dd   Thumb Code    28  stm32f4xx_ll_usb.o(i.USB_ActivateSetup)
    USB_CoreInit                             0x080061f9   Thumb Code   112  stm32f4xx_ll_usb.o(i.USB_CoreInit)
    USB_DeactivateEndpoint                   0x080062ad   Thumb Code   194  stm32f4xx_ll_usb.o(i.USB_DeactivateEndpoint)
    USB_DevConnect                           0x08006379   Thumb Code    28  stm32f4xx_ll_usb.o(i.USB_DevConnect)
    USB_DevDisconnect                        0x08006395   Thumb Code    28  stm32f4xx_ll_usb.o(i.USB_DevDisconnect)
    USB_DevInit                              0x080063b1   Thumb Code   362  stm32f4xx_ll_usb.o(i.USB_DevInit)
    USB_DisableGlobalInt                     0x08006525   Thumb Code    12  stm32f4xx_ll_usb.o(i.USB_DisableGlobalInt)
    USB_EP0StartXfer                         0x08006531   Thumb Code   280  stm32f4xx_ll_usb.o(i.USB_EP0StartXfer)
    USB_EP0_OutStart                         0x0800664d   Thumb Code    84  stm32f4xx_ll_usb.o(i.USB_EP0_OutStart)
    USB_EPClearStall                         0x080066a5   Thumb Code    88  stm32f4xx_ll_usb.o(i.USB_EPClearStall)
    USB_EPSetStall                           0x080066fd   Thumb Code    88  stm32f4xx_ll_usb.o(i.USB_EPSetStall)
    USB_EPStartXfer                          0x08006755   Thumb Code   480  stm32f4xx_ll_usb.o(i.USB_EPStartXfer)
    USB_EPStopXfer                           0x08006939   Thumb Code   158  stm32f4xx_ll_usb.o(i.USB_EPStopXfer)
    USB_EnableGlobalInt                      0x080069d7   Thumb Code    12  stm32f4xx_ll_usb.o(i.USB_EnableGlobalInt)
    USB_FlushRxFifo                          0x080069e5   Thumb Code    54  stm32f4xx_ll_usb.o(i.USB_FlushRxFifo)
    USB_FlushTxFifo                          0x08006a21   Thumb Code    58  stm32f4xx_ll_usb.o(i.USB_FlushTxFifo)
    USB_GetDevSpeed                          0x08006a61   Thumb Code    26  stm32f4xx_ll_usb.o(i.USB_GetDevSpeed)
    USB_GetMode                              0x08006a7b   Thumb Code     8  stm32f4xx_ll_usb.o(i.USB_GetMode)
    USB_ReadDevAllInEpInterrupt              0x08006a83   Thumb Code    14  stm32f4xx_ll_usb.o(i.USB_ReadDevAllInEpInterrupt)
    USB_ReadDevAllOutEpInterrupt             0x08006a91   Thumb Code    14  stm32f4xx_ll_usb.o(i.USB_ReadDevAllOutEpInterrupt)
    USB_ReadDevInEPInterrupt                 0x08006a9f   Thumb Code    36  stm32f4xx_ll_usb.o(i.USB_ReadDevInEPInterrupt)
    USB_ReadDevOutEPInterrupt                0x08006ac3   Thumb Code    16  stm32f4xx_ll_usb.o(i.USB_ReadDevOutEPInterrupt)
    USB_ReadInterrupts                       0x08006ad3   Thumb Code     8  stm32f4xx_ll_usb.o(i.USB_ReadInterrupts)
    USB_ReadPacket                           0x08006adb   Thumb Code    62  stm32f4xx_ll_usb.o(i.USB_ReadPacket)
    USB_SetCurrentMode                       0x08006b19   Thumb Code    92  stm32f4xx_ll_usb.o(i.USB_SetCurrentMode)
    USB_SetDevAddress                        0x08006b75   Thumb Code    34  stm32f4xx_ll_usb.o(i.USB_SetDevAddress)
    USB_SetTurnaroundTime                    0x08006b99   Thumb Code   158  stm32f4xx_ll_usb.o(i.USB_SetTurnaroundTime)
    USB_WritePacket                          0x08006c81   Thumb Code    40  stm32f4xx_ll_usb.o(i.USB_WritePacket)
    UsageFault_Handler                       0x08006ca9   Thumb Code     2  stm32f4xx_it.o(i.UsageFault_Handler)
    Wheel_Motor_Init                         0x08006cad   Thumb Code   764  chassismotor.o(i.Wheel_Motor_Init)
    angle_limiting_int16                     0x08007059   Thumb Code    32  bsp_motor_encoder.o(i.angle_limiting_int16)
    detect_hook                              0x080070e1   Thumb Code    74  detect_task.o(i.detect_hook)
    eTaskGetState                            0x080071b1   Thumb Code   106  tasks.o(i.eTaskGetState)
    fifo_get                                 0x080072b9   Thumb Code    66  fifo.o(i.fifo_get)
    fifo_get_noprotect                       0x080072fb   Thumb Code    62  fifo.o(i.fifo_get_noprotect)
    fifo_init                                0x08007339   Thumb Code    30  fifo.o(i.fifo_init)
    fifo_is_empty                            0x08007357   Thumb Code    12  fifo.o(i.fifo_is_empty)
    fifo_is_full                             0x08007363   Thumb Code    12  fifo.o(i.fifo_is_full)
    fifo_put                                 0x0800736f   Thumb Code    60  fifo.o(i.fifo_put)
    first_order_filter                       0x080073ab   Thumb Code    56  filter.o(i.first_order_filter)
    first_order_filter_init                  0x0800741b   Thumb Code    20  filter.o(i.first_order_filter_init)
    main                                     0x0800742f   Thumb Code    50  main.o(i.main)
    motor_position_speed_control             0x0800746d   Thumb Code    54  pid.o(i.motor_position_speed_control)
    osDelay                                  0x080074a3   Thumb Code    14  cmsis_os.o(i.osDelay)
    osKernelStart                            0x080074b1   Thumb Code    10  cmsis_os.o(i.osKernelStart)
    osThreadCreate                           0x080074bb   Thumb Code    84  cmsis_os.o(i.osThreadCreate)
    pid_clear                                0x0800750f   Thumb Code    36  pid.o(i.pid_clear)
    pvPortMalloc                             0x080078b5   Thumb Code   216  heap_4.o(i.pvPortMalloc)
    pxPortInitialiseStack                    0x08007991   Thumb Code    40  port.o(i.pxPortInitialiseStack)
    rc_lost_time_refresh                     0x080079bd   Thumb Code    14  bsp_dr16.o(i.rc_lost_time_refresh)
    uxListRemove                             0x080079d1   Thumb Code    38  list.o(i.uxListRemove)
    vApplicationGetIdleTaskMemory            0x080079f9   Thumb Code    16  freertos.o(i.vApplicationGetIdleTaskMemory)
    vListInitialise                          0x08007a0d   Thumb Code    22  list.o(i.vListInitialise)
    vListInitialiseItem                      0x08007a23   Thumb Code     6  list.o(i.vListInitialiseItem)
    vListInsert                              0x08007a29   Thumb Code    48  list.o(i.vListInsert)
    vListInsertEnd                           0x08007a59   Thumb Code    24  list.o(i.vListInsertEnd)
    vPortEnterCritical                       0x08007a71   Thumb Code    54  port.o(i.vPortEnterCritical)
    vPortExitCritical                        0x08007ab1   Thumb Code    34  port.o(i.vPortExitCritical)
    vPortFree                                0x08007ad9   Thumb Code    94  heap_4.o(i.vPortFree)
    vPortSetupTimerInterrupt                 0x08007b3d   Thumb Code    32  port.o(i.vPortSetupTimerInterrupt)
    vTaskDelay                               0x08007b61   Thumb Code    66  tasks.o(i.vTaskDelay)
    vTaskResume                              0x08007bad   Thumb Code   112  tasks.o(i.vTaskResume)
    vTaskStartScheduler                      0x08007c29   Thumb Code    90  tasks.o(i.vTaskStartScheduler)
    vTaskSuspend                             0x08007c95   Thumb Code   174  tasks.o(i.vTaskSuspend)
    vTaskSuspendAll                          0x08007d51   Thumb Code    10  tasks.o(i.vTaskSuspendAll)
    vTaskSwitchContext                       0x08007d61   Thumb Code    82  tasks.o(i.vTaskSwitchContext)
    xPortStartScheduler                      0x08007dbd   Thumb Code   222  port.o(i.xPortStartScheduler)
    xTaskCreate                              0x08007eb1   Thumb Code    90  tasks.o(i.xTaskCreate)
    xTaskCreateStatic                        0x08007f0b   Thumb Code    86  tasks.o(i.xTaskCreateStatic)
    xTaskGetTickCount                        0x08007f61   Thumb Code     6  tasks.o(i.xTaskGetTickCount)
    xTaskIncrementTick                       0x08007f6d   Thumb Code   194  tasks.o(i.xTaskIncrementTick)
    xTaskResumeAll                           0x08008039   Thumb Code   182  tasks.o(i.xTaskResumeAll)
    _fp_init                                 0x080080fd   Thumb Code    10  fpinit.o(x$fpl$fpinit)
    __fplib_config_fpu_vfp                   0x08008105   Thumb Code     0  fpinit.o(x$fpl$fpinit)
    __fplib_config_pureend_doubles           0x08008105   Thumb Code     0  fpinit.o(x$fpl$fpinit)
    AHBPrescTable                            0x08008180   Data          16  system_stm32f4xx.o(.constdata)
    APBPrescTable                            0x08008190   Data           8  system_stm32f4xx.o(.constdata)
    Region$$Table$$Base                      0x0800830c   Number         0  anon$$obj.o(Region$$Table)
    Region$$Table$$Limit                     0x0800832c   Number         0  anon$$obj.o(Region$$Table)
    defaultTaskHandle                        0x20000000   Data           4  freertos.o(.data)
    Task_ChassisHandle                       0x20000004   Data           4  freertos.o(.data)
    Task_RemoteHandle                        0x20000008   Data           4  freertos.o(.data)
    Task_DetectHandle                        0x2000000c   Data           4  freertos.o(.data)
    FS_Desc                                  0x20000014   Data          28  usbd_desc.o(.data)
    USBD_LangIDDesc                          0x20000030   Data           4  usbd_desc.o(.data)
    USBD_FS_DeviceDesc                       0x20000034   Data          18  usbd_desc.o(.data)
    USBD_StringSerial                        0x20000048   Data          26  usbd_desc.o(.data)
    USBD_Interface_fops_FS                   0x20000064   Data          20  usbd_cdc_if.o(.data)
    uwTickFreq                               0x20000078   Data           1  stm32f4xx_hal.o(.data)
    uwTickPrio                               0x2000007c   Data           4  stm32f4xx_hal.o(.data)
    uwTick                                   0x20000080   Data           4  stm32f4xx_hal.o(.data)
    SystemCoreClock                          0x20000084   Data           4  system_stm32f4xx.o(.data)
    USBD_CDC                                 0x200000e0   Data          56  usbd_cdc.o(.data)
    pxCurrentTCB                             0x20000118   Data           4  tasks.o(.data)
    TxmailboxesNum                           0x20000194   Data           2  bsp_can.o(.data)
    hcan1                                    0x20000404   Data          40  can.o(.bss)
    hcan2                                    0x2000042c   Data          40  can.o(.bss)
    htim1                                    0x20000454   Data          72  tim.o(.bss)
    htim4                                    0x2000049c   Data          72  tim.o(.bss)
    huart3                                   0x200004e4   Data          68  usart.o(.bss)
    hdma_usart3_rx                           0x20000528   Data          96  usart.o(.bss)
    htim2                                    0x20000588   Data          72  stm32f4xx_hal_timebase_tim.o(.bss)
    hUsbDeviceFS                             0x200005d0   Data         732  usb_device.o(.bss)
    USBD_StrDesc                             0x200008ac   Data         512  usbd_desc.o(.bss)
    UserRxBufferFS                           0x20000aac   Data        2048  usbd_cdc_if.o(.bss)
    UserTxBufferFS                           0x200012ac   Data        2048  usbd_cdc_if.o(.bss)
    hpcd_USB_OTG_FS                          0x20001ccc   Data        1292  usbd_conf.o(.bss)
    Chassis_FSM                              0x20005ec8   Data          16  chassis_fsm.o(.bss)
    OFFLINE                                  0x20005ed8   Data          12  chassis_fsm.o(.bss)
    INDEPEN                                  0x20005ee4   Data          12  chassis_fsm.o(.bss)
    KEYBOARD                                 0x20005ef0   Data          12  chassis_fsm.o(.bss)
    HAGEUP                                   0x20005efc   Data          12  chassis_fsm.o(.bss)
    Chassis_State_Table                      0x20005f08   Data         108  chassis_fsm.o(.bss)
    Chassis                                  0x20005f74   Data        3466  chassis_task.o(.bss)
    error_list                               0x20006cfe   Data         252  detect_task.o(.bss)
    REMOTE                                   0x20006dfa   Data         343  remotedeal.o(.bss)
    can1_manage                              0x20006f54   Data          48  bsp_can.o(.bss)
    can2_manage                              0x20006f84   Data          48  bsp_can.o(.bss)
    Sbus_RX_Buffer                           0x20008fd4   Data          72  bsp_dr16.o(.bss)
    CAN_Encoder                              0x2000901c   Data         540  bsp_motor_encoder.o(.bss)
    _SEGGER_RTT                              0x20009238   Data         168  segger_rtt.o(.bss)
    __libspace_start                         0x200096f0   Data          96  libspace.o(.bss)
    __temporary_stack_top$libspace           0x20009750   Data           0  libspace.o(.bss)



==============================================================================

Memory Map of the image

  Image Entry point : 0x08000189

  Load Region LR_IROM1 (Base: 0x08000000, Size: 0x000084dc, Max: 0x00100000, ABSOLUTE, COMPRESSED[0x000083ec])

    Execution Region ER_IROM1 (Exec base: 0x08000000, Load base: 0x08000000, Size: 0x0000832c, Max: 0x00100000, ABSOLUTE)

    Exec Addr    Load Addr    Size         Type   Attr      Idx    E Section Name        Object

    0x08000000   0x08000000   0x00000188   Data   RO            3    RESET               startup_stm32f407xx.o
    0x08000188   0x08000188   0x00000008   Code   RO         7937  * !!!main             c_w.l(__main.o)
    0x08000190   0x08000190   0x00000034   Code   RO         8318    !!!scatter          c_w.l(__scatter.o)
    0x080001c4   0x080001c4   0x0000005a   Code   RO         8316    !!dczerorl2         c_w.l(__dczerorl2.o)
    0x0800021e   0x0800021e   0x00000002   PAD
    0x08000220   0x08000220   0x0000001c   Code   RO         8320    !!handler_zi        c_w.l(__scatter_zi.o)
    0x0800023c   0x0800023c   0x00000002   Code   RO         8243    .ARM.Collect$$libinit$$00000000  c_w.l(libinit.o)
    0x0800023e   0x0800023e   0x00000004   Code   RO         8066    .ARM.Collect$$libinit$$00000001  c_w.l(libinit2.o)
    0x08000242   0x08000242   0x00000000   Code   RO         8069    .ARM.Collect$$libinit$$00000004  c_w.l(libinit2.o)
    0x08000242   0x08000242   0x00000000   Code   RO         8072    .ARM.Collect$$libinit$$0000000A  c_w.l(libinit2.o)
    0x08000242   0x08000242   0x00000000   Code   RO         8074    .ARM.Collect$$libinit$$0000000C  c_w.l(libinit2.o)
    0x08000242   0x08000242   0x00000000   Code   RO         8076    .ARM.Collect$$libinit$$0000000E  c_w.l(libinit2.o)
    0x08000242   0x08000242   0x00000000   Code   RO         8079    .ARM.Collect$$libinit$$00000011  c_w.l(libinit2.o)
    0x08000242   0x08000242   0x00000000   Code   RO         8081    .ARM.Collect$$libinit$$00000013  c_w.l(libinit2.o)
    0x08000242   0x08000242   0x00000000   Code   RO         8083    .ARM.Collect$$libinit$$00000015  c_w.l(libinit2.o)
    0x08000242   0x08000242   0x00000000   Code   RO         8085    .ARM.Collect$$libinit$$00000017  c_w.l(libinit2.o)
    0x08000242   0x08000242   0x00000000   Code   RO         8087    .ARM.Collect$$libinit$$00000019  c_w.l(libinit2.o)
    0x08000242   0x08000242   0x00000000   Code   RO         8089    .ARM.Collect$$libinit$$0000001B  c_w.l(libinit2.o)
    0x08000242   0x08000242   0x00000000   Code   RO         8091    .ARM.Collect$$libinit$$0000001D  c_w.l(libinit2.o)
    0x08000242   0x08000242   0x00000000   Code   RO         8093    .ARM.Collect$$libinit$$0000001F  c_w.l(libinit2.o)
    0x08000242   0x08000242   0x00000000   Code   RO         8095    .ARM.Collect$$libinit$$00000021  c_w.l(libinit2.o)
    0x08000242   0x08000242   0x00000000   Code   RO         8097    .ARM.Collect$$libinit$$00000023  c_w.l(libinit2.o)
    0x08000242   0x08000242   0x00000000   Code   RO         8099    .ARM.Collect$$libinit$$00000025  c_w.l(libinit2.o)
    0x08000242   0x08000242   0x00000000   Code   RO         8103    .ARM.Collect$$libinit$$0000002C  c_w.l(libinit2.o)
    0x08000242   0x08000242   0x00000000   Code   RO         8105    .ARM.Collect$$libinit$$0000002E  c_w.l(libinit2.o)
    0x08000242   0x08000242   0x00000000   Code   RO         8107    .ARM.Collect$$libinit$$00000030  c_w.l(libinit2.o)
    0x08000242   0x08000242   0x00000000   Code   RO         8109    .ARM.Collect$$libinit$$00000032  c_w.l(libinit2.o)
    0x08000242   0x08000242   0x00000002   Code   RO         8110    .ARM.Collect$$libinit$$00000033  c_w.l(libinit2.o)
    0x08000244   0x08000244   0x00000002   Code   RO         8313    .ARM.Collect$$libshutdown$$00000000  c_w.l(libshutdown.o)
    0x08000246   0x08000246   0x00000000   Code   RO         8269    .ARM.Collect$$libshutdown$$00000002  c_w.l(libshutdown2.o)
    0x08000246   0x08000246   0x00000000   Code   RO         8271    .ARM.Collect$$libshutdown$$00000004  c_w.l(libshutdown2.o)
    0x08000246   0x08000246   0x00000000   Code   RO         8273    .ARM.Collect$$libshutdown$$00000006  c_w.l(libshutdown2.o)
    0x08000246   0x08000246   0x00000000   Code   RO         8276    .ARM.Collect$$libshutdown$$00000009  c_w.l(libshutdown2.o)
    0x08000246   0x08000246   0x00000000   Code   RO         8279    .ARM.Collect$$libshutdown$$0000000C  c_w.l(libshutdown2.o)
    0x08000246   0x08000246   0x00000000   Code   RO         8281    .ARM.Collect$$libshutdown$$0000000E  c_w.l(libshutdown2.o)
    0x08000246   0x08000246   0x00000000   Code   RO         8284    .ARM.Collect$$libshutdown$$00000011  c_w.l(libshutdown2.o)
    0x08000246   0x08000246   0x00000002   Code   RO         8285    .ARM.Collect$$libshutdown$$00000012  c_w.l(libshutdown2.o)
    0x08000248   0x08000248   0x00000000   Code   RO         7941    .ARM.Collect$$rtentry$$00000000  c_w.l(__rtentry.o)
    0x08000248   0x08000248   0x00000000   Code   RO         8125    .ARM.Collect$$rtentry$$00000002  c_w.l(__rtentry2.o)
    0x08000248   0x08000248   0x00000006   Code   RO         8137    .ARM.Collect$$rtentry$$00000004  c_w.l(__rtentry4.o)
    0x0800024e   0x0800024e   0x00000000   Code   RO         8127    .ARM.Collect$$rtentry$$00000009  c_w.l(__rtentry2.o)
    0x0800024e   0x0800024e   0x00000004   Code   RO         8128    .ARM.Collect$$rtentry$$0000000A  c_w.l(__rtentry2.o)
    0x08000252   0x08000252   0x00000000   Code   RO         8130    .ARM.Collect$$rtentry$$0000000C  c_w.l(__rtentry2.o)
    0x08000252   0x08000252   0x00000008   Code   RO         8131    .ARM.Collect$$rtentry$$0000000D  c_w.l(__rtentry2.o)
    0x0800025a   0x0800025a   0x00000002   Code   RO         8251    .ARM.Collect$$rtexit$$00000000  c_w.l(rtexit.o)
    0x0800025c   0x0800025c   0x00000000   Code   RO         8289    .ARM.Collect$$rtexit$$00000002  c_w.l(rtexit2.o)
    0x0800025c   0x0800025c   0x00000004   Code   RO         8290    .ARM.Collect$$rtexit$$00000003  c_w.l(rtexit2.o)
    0x08000260   0x08000260   0x00000006   Code   RO         8291    .ARM.Collect$$rtexit$$00000004  c_w.l(rtexit2.o)
    0x08000266   0x08000266   0x00000002   PAD
    0x08000268   0x08000268   0x000000be   Code   RO         6076    .emb_text           port.o
    0x08000326   0x08000326   0x00000002   PAD
    0x08000328   0x08000328   0x00000040   Code   RO            4    .text               startup_stm32f407xx.o
    0x08000368   0x08000368   0x000000ee   Code   RO         7919    .text               c_w.l(lludivv7m.o)
    0x08000456   0x08000456   0x0000008a   Code   RO         7925    .text               c_w.l(rt_memcpy_v6.o)
    0x080004e0   0x080004e0   0x00000064   Code   RO         7927    .text               c_w.l(rt_memcpy_w.o)
    0x08000544   0x08000544   0x00000044   Code   RO         7931    .text               c_w.l(rt_memclr.o)
    0x08000588   0x08000588   0x0000004e   Code   RO         7933    .text               c_w.l(rt_memclr_w.o)
    0x080005d6   0x080005d6   0x00000006   Code   RO         7935    .text               c_w.l(heapauxi.o)
    0x080005dc   0x080005dc   0x00000008   Code   RO         8121    .text               c_w.l(libspace.o)
    0x080005e4   0x080005e4   0x00000002   Code   RO         8178    .text               c_w.l(use_no_semi.o)
    0x080005e6   0x080005e6   0x00000000   Code   RO         8180    .text               c_w.l(indicate_semi.o)
    0x080005e6   0x080005e6   0x0000004a   Code   RO         8181    .text               c_w.l(sys_stackheap_outer.o)
    0x08000630   0x08000630   0x00000012   Code   RO         8224    .text               c_w.l(exit.o)
    0x08000642   0x08000642   0x00000002   PAD
    0x08000644   0x08000644   0x0000000c   Code   RO         8249    .text               c_w.l(sys_exit.o)
    0x08000650   0x08000650   0x0000003a   Code   RO         7035    i.Block_Detect      bsp_motor_encoder.o
    0x0800068a   0x0800068a   0x00000002   Code   RO          557    i.BusFault_Handler  stm32f4xx_it.o
    0x0800068c   0x0800068c   0x0000003c   Code   RO         6791    i.CAN1_C620_OR_C610_201_TO_204_SendMsg  bsp_can.o
    0x080006c8   0x080006c8   0x00000040   Code   RO         6792    i.CAN1_C620_OR_C610_205_TO_208_SendMsg  bsp_can.o
    0x08000708   0x08000708   0x00000034   Code   RO         6793    i.CAN1_GM6020_1_TO_4_SendMsg  bsp_can.o
    0x0800073c   0x0800073c   0x0000000c   Code   RO          558    i.CAN1_RX0_IRQHandler  stm32f4xx_it.o
    0x08000748   0x08000748   0x0000000c   Code   RO          559    i.CAN1_TX_IRQHandler  stm32f4xx_it.o
    0x08000754   0x08000754   0x0000000c   Code   RO          560    i.CAN2_RX0_IRQHandler  stm32f4xx_it.o
    0x08000760   0x08000760   0x0000000c   Code   RO          561    i.CAN2_TX_IRQHandler  stm32f4xx_it.o
    0x0800076c   0x0800076c   0x0000005c   Code   RO         6566    i.CAN_A2B_RC_Rx     boardcommuni.o
    0x080007c8   0x080007c8   0x000000c4   Code   RO         7037    i.CAN_DATA_Encoder_Deal  bsp_motor_encoder.o
    0x0800088c   0x0800088c   0x00000004   Code   RO          860    i.CDC_Control_FS    usbd_cdc_if.o
    0x08000890   0x08000890   0x00000004   Code   RO          861    i.CDC_DeInit_FS     usbd_cdc_if.o
    0x08000894   0x08000894   0x00000024   Code   RO          862    i.CDC_Init_FS       usbd_cdc_if.o
    0x080008b8   0x080008b8   0x00000018   Code   RO          863    i.CDC_Receive_FS    usbd_cdc_if.o
    0x080008d0   0x080008d0   0x00000004   Code   RO          864    i.CDC_TransmitCplt_FS  usbd_cdc_if.o
    0x080008d4   0x080008d4   0x00000092   Code   RO         7493    i.Changing_Integration_Rate  pid.o
    0x08000966   0x08000966   0x00000002   PAD
    0x08000968   0x08000968   0x00000054   Code   RO         6606    i.Chassis_CameraTransmission_Drive  chassismotor.o
    0x080009bc   0x080009bc   0x000000b8   Code   RO         6156    i.Chassis_FSM_Init  chassis_fsm.o
    0x08000a74   0x08000a74   0x000000ea   Code   RO         6607    i.Chassis_Indepen_Drive  chassismotor.o
    0x08000b5e   0x08000b5e   0x00000002   PAD
    0x08000b60   0x08000b60   0x00000060   Code   RO         6157    i.Chassis_Normal_bhv  chassis_fsm.o
    0x08000bc0   0x08000bc0   0x000000a6   Code   RO         6608    i.Chassis_PowerOff_Drive  chassismotor.o
    0x08000c66   0x08000c66   0x00000002   PAD
    0x08000c68   0x08000c68   0x0000006c   Code   RO         6409    i.Chassis_Task      chassis_task.o
    0x08000cd4   0x08000cd4   0x0000000c   Code   RO          562    i.DMA1_Stream1_IRQHandler  stm32f4xx_it.o
    0x08000ce0   0x08000ce0   0x00000028   Code   RO         2168    i.DMA_CalcBaseAndBitshift  stm32f4xx_hal_dma.o
    0x08000d08   0x08000d08   0x00000054   Code   RO         2169    i.DMA_CheckFifoParam  stm32f4xx_hal_dma.o
    0x08000d5c   0x08000d5c   0x00000002   Code   RO          563    i.DebugMon_Handler  stm32f4xx_it.o
    0x08000d5e   0x08000d5e   0x00000002   PAD
    0x08000d60   0x08000d60   0x00000130   Code   RO         6448    i.Detect_Task       detect_task.o
    0x08000e90   0x08000e90   0x000000d4   Code   RO         6800    i.ECF_CAN_Init      bsp_can.o
    0x08000f64   0x08000f64   0x00000006   Code   RO         6801    i.ECF_CAN_Rx_Callback_Register  bsp_can.o
    0x08000f6a   0x08000f6a   0x00000002   PAD
    0x08000f6c   0x08000f6c   0x000000e8   Code   RO         6802    i.ECF_CAN_Send_Msg_FIFO  bsp_can.o
    0x08001054   0x08001054   0x00000018   Code   RO         6942    i.ECF_RC_Init       bsp_dr16.o
    0x0800106c   0x0800106c   0x0000000c   Code   RO         6943    i.ECF_RC_UART_Handler  bsp_dr16.o
    0x08001078   0x08001078   0x00000060   Code   RO         7039    i.Encoder_Init      bsp_motor_encoder.o
    0x080010d8   0x080010d8   0x00000006   Code   RO         7040    i.Encoder_Struct_Zero  bsp_motor_encoder.o
    0x080010de   0x080010de   0x00000004   Code   RO           13    i.Error_Handler     main.o
    0x080010e2   0x080010e2   0x00000052   Code   RO         6507    i.FSM_Deal          fsm.o
    0x08001134   0x08001134   0x00000024   Code   RO         2842    i.HAL_CAN_ActivateNotification  stm32f4xx_hal_can.o
    0x08001158   0x08001158   0x000000dc   Code   RO         2843    i.HAL_CAN_AddTxMessage  stm32f4xx_hal_can.o
    0x08001234   0x08001234   0x0000010c   Code   RO         2844    i.HAL_CAN_ConfigFilter  stm32f4xx_hal_can.o
    0x08001340   0x08001340   0x00000050   Code   RO         6803    i.HAL_CAN_ErrorCallback  bsp_can.o
    0x08001390   0x08001390   0x000000e8   Code   RO         2850    i.HAL_CAN_GetRxMessage  stm32f4xx_hal_can.o
    0x08001478   0x08001478   0x0000002c   Code   RO         2852    i.HAL_CAN_GetTxMailboxesFreeLevel  stm32f4xx_hal_can.o
    0x080014a4   0x080014a4   0x000001fc   Code   RO         2854    i.HAL_CAN_IRQHandler  stm32f4xx_hal_can.o
    0x080016a0   0x080016a0   0x0000011a   Code   RO         2855    i.HAL_CAN_Init      stm32f4xx_hal_can.o
    0x080017ba   0x080017ba   0x00000002   PAD
    0x080017bc   0x080017bc   0x0000011c   Code   RO          377    i.HAL_CAN_MspInit   can.o
    0x080018d8   0x080018d8   0x00000022   Code   RO         2861    i.HAL_CAN_ResetError  stm32f4xx_hal_can.o
    0x080018fa   0x080018fa   0x00000002   Code   RO         2862    i.HAL_CAN_RxFifo0FullCallback  stm32f4xx_hal_can.o
    0x080018fc   0x080018fc   0x00000044   Code   RO         6804    i.HAL_CAN_RxFifo0MsgPendingCallback  bsp_can.o
    0x08001940   0x08001940   0x00000002   Code   RO         2864    i.HAL_CAN_RxFifo1FullCallback  stm32f4xx_hal_can.o
    0x08001942   0x08001942   0x00000002   Code   RO         2865    i.HAL_CAN_RxFifo1MsgPendingCallback  stm32f4xx_hal_can.o
    0x08001944   0x08001944   0x00000002   Code   RO         2866    i.HAL_CAN_SleepCallback  stm32f4xx_hal_can.o
    0x08001946   0x08001946   0x00000002   PAD
    0x08001948   0x08001948   0x00000058   Code   RO         2867    i.HAL_CAN_Start     stm32f4xx_hal_can.o
    0x080019a0   0x080019a0   0x00000002   Code   RO         2869    i.HAL_CAN_TxMailbox0AbortCallback  stm32f4xx_hal_can.o
    0x080019a2   0x080019a2   0x00000002   PAD
    0x080019a4   0x080019a4   0x00000048   Code   RO         6805    i.HAL_CAN_TxMailbox0CompleteCallback  bsp_can.o
    0x080019ec   0x080019ec   0x00000002   Code   RO         2871    i.HAL_CAN_TxMailbox1AbortCallback  stm32f4xx_hal_can.o
    0x080019ee   0x080019ee   0x00000002   PAD
    0x080019f0   0x080019f0   0x00000048   Code   RO         6806    i.HAL_CAN_TxMailbox1CompleteCallback  bsp_can.o
    0x08001a38   0x08001a38   0x00000002   Code   RO         2873    i.HAL_CAN_TxMailbox2AbortCallback  stm32f4xx_hal_can.o
    0x08001a3a   0x08001a3a   0x00000002   PAD
    0x08001a3c   0x08001a3c   0x00000048   Code   RO         6807    i.HAL_CAN_TxMailbox2CompleteCallback  bsp_can.o
    0x08001a84   0x08001a84   0x00000002   Code   RO         2876    i.HAL_CAN_WakeUpFromRxMsgCallback  stm32f4xx_hal_can.o
    0x08001a86   0x08001a86   0x00000092   Code   RO         2171    i.HAL_DMA_Abort     stm32f4xx_hal_dma.o
    0x08001b18   0x08001b18   0x00000024   Code   RO         2172    i.HAL_DMA_Abort_IT  stm32f4xx_hal_dma.o
    0x08001b3c   0x08001b3c   0x000001a0   Code   RO         2176    i.HAL_DMA_IRQHandler  stm32f4xx_hal_dma.o
    0x08001cdc   0x08001cdc   0x000000d4   Code   RO         2177    i.HAL_DMA_Init      stm32f4xx_hal_dma.o
    0x08001db0   0x08001db0   0x00000024   Code   RO         2590    i.HAL_Delay         stm32f4xx_hal.o
    0x08001dd4   0x08001dd4   0x000001f0   Code   RO         2064    i.HAL_GPIO_Init     stm32f4xx_hal_gpio.o
    0x08001fc4   0x08001fc4   0x0000000a   Code   RO         2068    i.HAL_GPIO_WritePin  stm32f4xx_hal_gpio.o
    0x08001fce   0x08001fce   0x00000002   PAD
    0x08001fd0   0x08001fd0   0x0000000c   Code   RO         2596    i.HAL_GetTick       stm32f4xx_hal.o
    0x08001fdc   0x08001fdc   0x00000010   Code   RO         2602    i.HAL_IncTick       stm32f4xx_hal.o
    0x08001fec   0x08001fec   0x00000034   Code   RO         2603    i.HAL_Init          stm32f4xx_hal.o
    0x08002020   0x08002020   0x00000098   Code   RO          687    i.HAL_InitTick      stm32f4xx_hal_timebase_tim.o
    0x080020b8   0x080020b8   0x00000038   Code   RO          663    i.HAL_MspInit       stm32f4xx_hal_msp.o
    0x080020f0   0x080020f0   0x0000001a   Code   RO         2453    i.HAL_NVIC_EnableIRQ  stm32f4xx_hal_cortex.o
    0x0800210a   0x0800210a   0x00000002   PAD
    0x0800210c   0x0800210c   0x00000040   Code   RO         2459    i.HAL_NVIC_SetPriority  stm32f4xx_hal_cortex.o
    0x0800214c   0x0800214c   0x00000024   Code   RO         2460    i.HAL_NVIC_SetPriorityGrouping  stm32f4xx_hal_cortex.o
    0x08002170   0x08002170   0x00000002   Code   RO         1363    i.HAL_PCDEx_LPM_Callback  stm32f4xx_hal_pcd_ex.o
    0x08002172   0x08002172   0x00000008   Code   RO         1364    i.HAL_PCDEx_SetRxFiFo  stm32f4xx_hal_pcd_ex.o
    0x0800217a   0x0800217a   0x00000044   Code   RO         1365    i.HAL_PCDEx_SetTxFiFo  stm32f4xx_hal_pcd_ex.o
    0x080021be   0x080021be   0x00000008   Code   RO          917    i.HAL_PCD_ConnectCallback  usbd_conf.o
    0x080021c6   0x080021c6   0x00000012   Code   RO          918    i.HAL_PCD_DataInStageCallback  usbd_conf.o
    0x080021d8   0x080021d8   0x00000014   Code   RO          919    i.HAL_PCD_DataOutStageCallback  usbd_conf.o
    0x080021ec   0x080021ec   0x00000008   Code   RO          920    i.HAL_PCD_DisconnectCallback  usbd_conf.o
    0x080021f4   0x080021f4   0x0000001e   Code   RO         1133    i.HAL_PCD_EP_Abort  stm32f4xx_hal_pcd.o
    0x08002212   0x08002212   0x0000004c   Code   RO         1134    i.HAL_PCD_EP_Close  stm32f4xx_hal_pcd.o
    0x0800225e   0x0800225e   0x0000005c   Code   RO         1135    i.HAL_PCD_EP_ClrStall  stm32f4xx_hal_pcd.o
    0x080022ba   0x080022ba   0x00000012   Code   RO         1137    i.HAL_PCD_EP_GetRxCount  stm32f4xx_hal_pcd.o
    0x080022cc   0x080022cc   0x00000060   Code   RO         1138    i.HAL_PCD_EP_Open   stm32f4xx_hal_pcd.o
    0x0800232c   0x0800232c   0x00000048   Code   RO         1139    i.HAL_PCD_EP_Receive  stm32f4xx_hal_pcd.o
    0x08002374   0x08002374   0x00000074   Code   RO         1140    i.HAL_PCD_EP_SetStall  stm32f4xx_hal_pcd.o
    0x080023e8   0x080023e8   0x00000040   Code   RO         1141    i.HAL_PCD_EP_Transmit  stm32f4xx_hal_pcd.o
    0x08002428   0x08002428   0x00000560   Code   RO         1143    i.HAL_PCD_IRQHandler  stm32f4xx_hal_pcd.o
    0x08002988   0x08002988   0x00000008   Code   RO          921    i.HAL_PCD_ISOINIncompleteCallback  usbd_conf.o
    0x08002990   0x08002990   0x00000008   Code   RO          922    i.HAL_PCD_ISOOUTIncompleteCallback  usbd_conf.o
    0x08002998   0x08002998   0x000000e2   Code   RO         1146    i.HAL_PCD_Init      stm32f4xx_hal_pcd.o
    0x08002a7a   0x08002a7a   0x00000002   PAD
    0x08002a7c   0x08002a7c   0x00000084   Code   RO          924    i.HAL_PCD_MspInit   usbd_conf.o
    0x08002b00   0x08002b00   0x0000002c   Code   RO          925    i.HAL_PCD_ResetCallback  usbd_conf.o
    0x08002b2c   0x08002b2c   0x00000008   Code   RO          926    i.HAL_PCD_ResumeCallback  usbd_conf.o
    0x08002b34   0x08002b34   0x00000008   Code   RO          927    i.HAL_PCD_SOFCallback  usbd_conf.o
    0x08002b3c   0x08002b3c   0x00000028   Code   RO         1152    i.HAL_PCD_SetAddress  stm32f4xx_hal_pcd.o
    0x08002b64   0x08002b64   0x0000000e   Code   RO          928    i.HAL_PCD_SetupStageCallback  usbd_conf.o
    0x08002b72   0x08002b72   0x00000042   Code   RO         1155    i.HAL_PCD_Start     stm32f4xx_hal_pcd.o
    0x08002bb4   0x08002bb4   0x00000030   Code   RO          929    i.HAL_PCD_SuspendCallback  usbd_conf.o
    0x08002be4   0x08002be4   0x00000134   Code   RO         1710    i.HAL_RCC_ClockConfig  stm32f4xx_hal_rcc.o
    0x08002d18   0x08002d18   0x00000040   Code   RO         1714    i.HAL_RCC_GetClockConfig  stm32f4xx_hal_rcc.o
    0x08002d58   0x08002d58   0x0000000c   Code   RO         1715    i.HAL_RCC_GetHCLKFreq  stm32f4xx_hal_rcc.o
    0x08002d64   0x08002d64   0x00000020   Code   RO         1717    i.HAL_RCC_GetPCLK1Freq  stm32f4xx_hal_rcc.o
    0x08002d84   0x08002d84   0x00000020   Code   RO         1718    i.HAL_RCC_GetPCLK2Freq  stm32f4xx_hal_rcc.o
    0x08002da4   0x08002da4   0x00000064   Code   RO         1719    i.HAL_RCC_GetSysClockFreq  stm32f4xx_hal_rcc.o
    0x08002e08   0x08002e08   0x0000036c   Code   RO         1722    i.HAL_RCC_OscConfig  stm32f4xx_hal_rcc.o
    0x08003174   0x08003174   0x00000002   Code   RO         3781    i.HAL_TIMEx_BreakCallback  stm32f4xx_hal_tim_ex.o
    0x08003176   0x08003176   0x00000002   Code   RO         3782    i.HAL_TIMEx_CommutCallback  stm32f4xx_hal_tim_ex.o
    0x08003178   0x08003178   0x00000054   Code   RO         3784    i.HAL_TIMEx_ConfigBreakDeadTime  stm32f4xx_hal_tim_ex.o
    0x080031cc   0x080031cc   0x00000090   Code   RO         3800    i.HAL_TIMEx_MasterConfigSynchronization  stm32f4xx_hal_tim_ex.o
    0x0800325c   0x0800325c   0x0000005a   Code   RO         3077    i.HAL_TIM_Base_Init  stm32f4xx_hal_tim.o
    0x080032b6   0x080032b6   0x00000002   PAD
    0x080032b8   0x080032b8   0x00000028   Code   RO          450    i.HAL_TIM_Base_MspInit  tim.o
    0x080032e0   0x080032e0   0x00000080   Code   RO         3082    i.HAL_TIM_Base_Start_IT  stm32f4xx_hal_tim.o
    0x08003360   0x08003360   0x000000dc   Code   RO         3086    i.HAL_TIM_ConfigClockSource  stm32f4xx_hal_tim.o
    0x0800343c   0x0800343c   0x00000002   Code   RO         3111    i.HAL_TIM_IC_CaptureCallback  stm32f4xx_hal_tim.o
    0x0800343e   0x0800343e   0x00000166   Code   RO         3125    i.HAL_TIM_IRQHandler  stm32f4xx_hal_tim.o
    0x080035a4   0x080035a4   0x00000084   Code   RO          451    i.HAL_TIM_MspPostInit  tim.o
    0x08003628   0x08003628   0x00000002   Code   RO         3128    i.HAL_TIM_OC_DelayElapsedCallback  stm32f4xx_hal_tim.o
    0x0800362a   0x0800362a   0x000000cc   Code   RO         3149    i.HAL_TIM_PWM_ConfigChannel  stm32f4xx_hal_tim.o
    0x080036f6   0x080036f6   0x0000005a   Code   RO         3152    i.HAL_TIM_PWM_Init  stm32f4xx_hal_tim.o
    0x08003750   0x08003750   0x00000028   Code   RO          453    i.HAL_TIM_PWM_MspInit  tim.o
    0x08003778   0x08003778   0x00000002   Code   RO         3155    i.HAL_TIM_PWM_PulseFinishedCallback  stm32f4xx_hal_tim.o
    0x0800377a   0x0800377a   0x0000000e   Code   RO           14    i.HAL_TIM_PeriodElapsedCallback  main.o
    0x08003788   0x08003788   0x00000002   Code   RO         3168    i.HAL_TIM_TriggerCallback  stm32f4xx_hal_tim.o
    0x0800378a   0x0800378a   0x00000002   Code   RO         4059    i.HAL_UARTEx_RxEventCallback  stm32f4xx_hal_uart.o
    0x0800378c   0x0800378c   0x00000002   Code   RO         4073    i.HAL_UART_ErrorCallback  stm32f4xx_hal_uart.o
    0x0800378e   0x0800378e   0x00000002   PAD
    0x08003790   0x08003790   0x00000268   Code   RO         4076    i.HAL_UART_IRQHandler  stm32f4xx_hal_uart.o
    0x080039f8   0x080039f8   0x00000062   Code   RO         4077    i.HAL_UART_Init     stm32f4xx_hal_uart.o
    0x08003a5a   0x08003a5a   0x00000002   PAD
    0x08003a5c   0x08003a5c   0x000000b4   Code   RO          516    i.HAL_UART_MspInit  usart.o
    0x08003b10   0x08003b10   0x00000002   Code   RO         4083    i.HAL_UART_RxCpltCallback  stm32f4xx_hal_uart.o
    0x08003b12   0x08003b12   0x00000002   Code   RO         4088    i.HAL_UART_TxCpltCallback  stm32f4xx_hal_uart.o
    0x08003b14   0x08003b14   0x0000000c   Code   RO         6158    i.HageUP_Normal_bhv  chassis_fsm.o
    0x08003b20   0x08003b20   0x00000014   Code   RO         6159    i.HageUP_Prepare    chassis_fsm.o
    0x08003b34   0x08003b34   0x00000002   Code   RO         6160    i.HageUP_State      chassis_fsm.o
    0x08003b36   0x08003b36   0x00000002   Code   RO          564    i.HardFault_Handler  stm32f4xx_it.o
    0x08003b38   0x08003b38   0x00000014   Code   RO         6161    i.Indepen_Prepare   chassis_fsm.o
    0x08003b4c   0x08003b4c   0x00000002   Code   RO         6162    i.Indepen_State     chassis_fsm.o
    0x08003b4e   0x08003b4e   0x00000002   PAD
    0x08003b50   0x08003b50   0x00000038   Code   RO          774    i.IntToUnicode      usbd_desc.o
    0x08003b88   0x08003b88   0x0000001c   Code   RO         6449    i.Is_Online         detect_task.o
    0x08003ba4   0x08003ba4   0x00000002   Code   RO         6163    i.KeyBoard_Prepare  chassis_fsm.o
    0x08003ba6   0x08003ba6   0x00000002   Code   RO         6164    i.KeyBoard_State    chassis_fsm.o
    0x08003ba8   0x08003ba8   0x00000058   Code   RO         6165    i.KeyBoard_bhv      chassis_fsm.o
    0x08003c00   0x08003c00   0x000000f8   Code   RO         6664    i.Key_Mouse_Deal    remotedeal.o
    0x08003cf8   0x08003cf8   0x000000c4   Code   RO         6609    i.Lift_Up_Drive     chassismotor.o
    0x08003dbc   0x08003dbc   0x00000044   Code   RO          378    i.MX_CAN1_Init      can.o
    0x08003e00   0x08003e00   0x00000048   Code   RO          379    i.MX_CAN2_Init      can.o
    0x08003e48   0x08003e48   0x0000002c   Code   RO          425    i.MX_DMA_Init       dma.o
    0x08003e74   0x08003e74   0x00000068   Code   RO          323    i.MX_FREERTOS_Init  freertos.o
    0x08003edc   0x08003edc   0x000000a0   Code   RO          299    i.MX_GPIO_Init      gpio.o
    0x08003f7c   0x08003f7c   0x000000a4   Code   RO          454    i.MX_TIM1_Init      tim.o
    0x08004020   0x08004020   0x00000098   Code   RO          455    i.MX_TIM4_Init      tim.o
    0x080040b8   0x080040b8   0x00000040   Code   RO          517    i.MX_USART3_UART_Init  usart.o
    0x080040f8   0x080040f8   0x00000054   Code   RO          726    i.MX_USB_DEVICE_Init  usb_device.o
    0x0800414c   0x0800414c   0x00000002   Code   RO          565    i.MemManage_Handler  stm32f4xx_it.o
    0x0800414e   0x0800414e   0x00000008   Code   RO         6711    i.MotorValZero      rmmotor.o
    0x08004156   0x08004156   0x00000002   PAD
    0x08004158   0x08004158   0x00000184   Code   RO         6610    i.Motor_Data_Deal   chassismotor.o
    0x080042dc   0x080042dc   0x00000002   Code   RO          566    i.NMI_Handler       stm32f4xx_it.o
    0x080042de   0x080042de   0x00000002   PAD
    0x080042e0   0x080042e0   0x0000000c   Code   RO          567    i.OTG_FS_IRQHandler  stm32f4xx_it.o
    0x080042ec   0x080042ec   0x00000044   Code   RO         6166    i.Offline_Prepare   chassis_fsm.o
    0x08004330   0x08004330   0x00000002   Code   RO         6167    i.Offline_State     chassis_fsm.o
    0x08004332   0x08004332   0x00000002   PAD
    0x08004334   0x08004334   0x000000cc   Code   RO         1159    i.PCD_EP_OutXfrComplete_int  stm32f4xx_hal_pcd.o
    0x08004400   0x08004400   0x000000a2   Code   RO         1160    i.PCD_WriteEmptyTxFifo  stm32f4xx_hal_pcd.o
    0x080044a2   0x080044a2   0x0000025e   Code   RO         7494    i.PidCalculate      pid.o
    0x08004700   0x08004700   0x0000003c   Code   RO         7495    i.PidInit           pid.o
    0x0800473c   0x0800473c   0x00000082   Code   RO         7496    i.PidInitMode       pid.o
    0x080047be   0x080047be   0x00000002   PAD
    0x080047c0   0x080047c0   0x0000000c   Code   RO         6168    i.PowerOff_bhv      chassis_fsm.o
    0x080047cc   0x080047cc   0x0000006c   Code   RO         6944    i.RC_Check_Data_IS_ERROR  bsp_dr16.o
    0x08004838   0x08004838   0x000000c0   Code   RO         6945    i.RC_DataProcess    bsp_dr16.o
    0x080048f8   0x080048f8   0x00000020   Code   RO         6946    i.RC_DataReload     bsp_dr16.o
    0x08004918   0x08004918   0x00000008   Code   RO         6947    i.RC_Get_RC_Pointer  bsp_dr16.o
    0x08004920   0x08004920   0x00000062   Code   RO         6948    i.RC_Init           bsp_dr16.o
    0x08004982   0x08004982   0x00000002   PAD
    0x08004984   0x08004984   0x000000ac   Code   RO         6950    i.RC_UART_IRQHandler  bsp_dr16.o
    0x08004a30   0x08004a30   0x0000000a   Code   RO         6951    i.RC_abs            bsp_dr16.o
    0x08004a3a   0x08004a3a   0x00000002   PAD
    0x08004a3c   0x08004a3c   0x00000064   Code   RO         6665    i.Remote_Data_Deal  remotedeal.o
    0x08004aa0   0x08004aa0   0x0000005c   Code   RO         6666    i.Remote_Data_Init  remotedeal.o
    0x08004afc   0x08004afc   0x00000014   Code   RO         6528    i.Remote_Task       remote_task.o
    0x08004b10   0x08004b10   0x00000010   Code   RO         6529    i.Remote_Task_Init  remote_task.o
    0x08004b20   0x08004b20   0x00000008   Code   RO         6169    i.Return_Chassis_FSM  chassis_fsm.o
    0x08004b28   0x08004b28   0x00000008   Code   RO         6667    i.Return_RemoteDeal_Point  remotedeal.o
    0x08004b30   0x08004b30   0x00000004   Code   RO         7575    i.SEGGER_RTT_Init   segger_rtt.o
    0x08004b34   0x08004b34   0x0000000a   Code   RO         4602    i.SWAPBYTE          usbd_ctlreq.o
    0x08004b3e   0x08004b3e   0x0000000c   Code   RO          324    i.StartDefaultTask  freertos.o
    0x08004b4a   0x08004b4a   0x0000000c   Code   RO         6508    i.StateChange       fsm.o
    0x08004b56   0x08004b56   0x00000002   PAD
    0x08004b58   0x08004b58   0x0000002c   Code   RO         6077    i.SysTick_Handler   port.o
    0x08004b84   0x08004b84   0x00000016   Code   RO         6741    i.Sys_Init          sysinit.o
    0x08004b9a   0x08004b9a   0x00000002   PAD
    0x08004b9c   0x08004b9c   0x00000094   Code   RO           15    i.SystemClock_Config  main.o
    0x08004c30   0x08004c30   0x00000010   Code   RO         4406    i.SystemInit        system_stm32f4xx.o
    0x08004c40   0x08004c40   0x0000000c   Code   RO          568    i.TIM2_IRQHandler   stm32f4xx_it.o
    0x08004c4c   0x08004c4c   0x000000c8   Code   RO         3170    i.TIM_Base_SetConfig  stm32f4xx_hal_tim.o
    0x08004d14   0x08004d14   0x00000014   Code   RO         3181    i.TIM_ETR_SetConfig  stm32f4xx_hal_tim.o
    0x08004d28   0x08004d28   0x00000010   Code   RO         3182    i.TIM_ITRx_SetConfig  stm32f4xx_hal_tim.o
    0x08004d38   0x08004d38   0x00000060   Code   RO         3183    i.TIM_OC1_SetConfig  stm32f4xx_hal_tim.o
    0x08004d98   0x08004d98   0x0000006c   Code   RO         3184    i.TIM_OC2_SetConfig  stm32f4xx_hal_tim.o
    0x08004e04   0x08004e04   0x00000068   Code   RO         3185    i.TIM_OC3_SetConfig  stm32f4xx_hal_tim.o
    0x08004e6c   0x08004e6c   0x00000050   Code   RO         3186    i.TIM_OC4_SetConfig  stm32f4xx_hal_tim.o
    0x08004ebc   0x08004ebc   0x00000022   Code   RO         3188    i.TIM_TI1_ConfigInputStage  stm32f4xx_hal_tim.o
    0x08004ede   0x08004ede   0x00000024   Code   RO         3190    i.TIM_TI2_ConfigInputStage  stm32f4xx_hal_tim.o
    0x08004f02   0x08004f02   0x00000010   Code   RO         4090    i.UART_DMAAbortOnError  stm32f4xx_hal_uart.o
    0x08004f12   0x08004f12   0x0000004e   Code   RO         4100    i.UART_EndRxTransfer  stm32f4xx_hal_uart.o
    0x08004f60   0x08004f60   0x000000c0   Code   RO         4102    i.UART_Receive_IT   stm32f4xx_hal_uart.o
    0x08005020   0x08005020   0x0000010c   Code   RO         4103    i.UART_SetConfig    stm32f4xx_hal_uart.o
    0x0800512c   0x0800512c   0x00000014   Code   RO          569    i.USART3_IRQHandler  stm32f4xx_it.o
    0x08005140   0x08005140   0x00000076   Code   RO         4735    i.USBD_CDC_DataIn   usbd_cdc.o
    0x080051b6   0x080051b6   0x0000003c   Code   RO         4736    i.USBD_CDC_DataOut  usbd_cdc.o
    0x080051f2   0x080051f2   0x00000002   PAD
    0x080051f4   0x080051f4   0x00000090   Code   RO         4737    i.USBD_CDC_DeInit   usbd_cdc.o
    0x08005284   0x08005284   0x00000036   Code   RO         4738    i.USBD_CDC_EP0_RxReady  usbd_cdc.o
    0x080052ba   0x080052ba   0x00000002   PAD
    0x080052bc   0x080052bc   0x0000000c   Code   RO         4739    i.USBD_CDC_GetDeviceQualifierDescriptor  usbd_cdc.o
    0x080052c8   0x080052c8   0x0000003c   Code   RO         4740    i.USBD_CDC_GetFSCfgDesc  usbd_cdc.o
    0x08005304   0x08005304   0x00000040   Code   RO         4741    i.USBD_CDC_GetHSCfgDesc  usbd_cdc.o
    0x08005344   0x08005344   0x0000003c   Code   RO         4742    i.USBD_CDC_GetOtherSpeedCfgDesc  usbd_cdc.o
    0x08005380   0x08005380   0x00000118   Code   RO         4743    i.USBD_CDC_Init     usbd_cdc.o
    0x08005498   0x08005498   0x00000038   Code   RO         4744    i.USBD_CDC_ReceivePacket  usbd_cdc.o
    0x080054d0   0x080054d0   0x00000016   Code   RO         4745    i.USBD_CDC_RegisterInterface  usbd_cdc.o
    0x080054e6   0x080054e6   0x0000001a   Code   RO         4746    i.USBD_CDC_SetRxBuffer  usbd_cdc.o
    0x08005500   0x08005500   0x0000001e   Code   RO         4747    i.USBD_CDC_SetTxBuffer  usbd_cdc.o
    0x0800551e   0x0800551e   0x000000d4   Code   RO         4748    i.USBD_CDC_Setup    usbd_cdc.o
    0x080055f2   0x080055f2   0x00000014   Code   RO         4443    i.USBD_ClrClassConfig  usbd_core.o
    0x08005606   0x08005606   0x00000004   Code   RO         4444    i.USBD_CoreFindEP   usbd_core.o
    0x0800560a   0x0800560a   0x00000004   Code   RO         4445    i.USBD_CoreFindIF   usbd_core.o
    0x0800560e   0x0800560e   0x00000010   Code   RO         4675    i.USBD_CtlContinueRx  usbd_ioreq.o
    0x0800561e   0x0800561e   0x00000010   Code   RO         4676    i.USBD_CtlContinueSendData  usbd_ioreq.o
    0x0800562e   0x0800562e   0x00000016   Code   RO         4603    i.USBD_CtlError     usbd_ctlreq.o
    0x08005644   0x08005644   0x0000001e   Code   RO         4677    i.USBD_CtlPrepareRx  usbd_ioreq.o
    0x08005662   0x08005662   0x00000016   Code   RO         4678    i.USBD_CtlReceiveStatus  usbd_ioreq.o
    0x08005678   0x08005678   0x0000001a   Code   RO         4679    i.USBD_CtlSendData  usbd_ioreq.o
    0x08005692   0x08005692   0x00000016   Code   RO         4680    i.USBD_CtlSendStatus  usbd_ioreq.o
    0x080056a8   0x080056a8   0x00000020   Code   RO          775    i.USBD_FS_ConfigStrDescriptor  usbd_desc.o
    0x080056c8   0x080056c8   0x0000000c   Code   RO          776    i.USBD_FS_DeviceDescriptor  usbd_desc.o
    0x080056d4   0x080056d4   0x00000024   Code   RO          777    i.USBD_FS_InterfaceStrDescriptor  usbd_desc.o
    0x080056f8   0x080056f8   0x0000000c   Code   RO          778    i.USBD_FS_LangIDStrDescriptor  usbd_desc.o
    0x08005704   0x08005704   0x00000028   Code   RO          779    i.USBD_FS_ManufacturerStrDescriptor  usbd_desc.o
    0x0800572c   0x0800572c   0x0000002c   Code   RO          780    i.USBD_FS_ProductStrDescriptor  usbd_desc.o
    0x08005758   0x08005758   0x00000038   Code   RO          781    i.USBD_FS_SerialStrDescriptor  usbd_desc.o
    0x08005790   0x08005790   0x000000e6   Code   RO         4604    i.USBD_GetDescriptor  usbd_ctlreq.o
    0x08005876   0x08005876   0x0000003a   Code   RO         4447    i.USBD_GetEpDesc    usbd_core.o
    0x080058b0   0x080058b0   0x0000000e   Code   RO         4448    i.USBD_GetNextDesc  usbd_core.o
    0x080058be   0x080058be   0x00000048   Code   RO         4605    i.USBD_GetString    usbd_ctlreq.o
    0x08005906   0x08005906   0x00000018   Code   RO          930    i.USBD_Get_USB_Status  usbd_conf.o
    0x0800591e   0x0800591e   0x00000026   Code   RO         4449    i.USBD_Init         usbd_core.o
    0x08005944   0x08005944   0x00000012   Code   RO          931    i.USBD_LL_ClearStallEP  usbd_conf.o
    0x08005956   0x08005956   0x00000012   Code   RO          932    i.USBD_LL_CloseEP   usbd_conf.o
    0x08005968   0x08005968   0x000000b6   Code   RO         4450    i.USBD_LL_DataInStage  usbd_core.o
    0x08005a1e   0x08005a1e   0x0000008e   Code   RO         4451    i.USBD_LL_DataOutStage  usbd_core.o
    0x08005aac   0x08005aac   0x00000004   Code   RO         4452    i.USBD_LL_DevConnected  usbd_core.o
    0x08005ab0   0x08005ab0   0x0000001e   Code   RO         4453    i.USBD_LL_DevDisconnected  usbd_core.o
    0x08005ace   0x08005ace   0x00000008   Code   RO          936    i.USBD_LL_GetRxDataSize  usbd_conf.o
    0x08005ad6   0x08005ad6   0x00000002   PAD
    0x08005ad8   0x08005ad8   0x00000060   Code   RO          937    i.USBD_LL_Init      usbd_conf.o
    0x08005b38   0x08005b38   0x00000020   Code   RO          938    i.USBD_LL_IsStallEP  usbd_conf.o
    0x08005b58   0x08005b58   0x00000028   Code   RO         4454    i.USBD_LL_IsoINIncomplete  usbd_core.o
    0x08005b80   0x08005b80   0x00000028   Code   RO         4455    i.USBD_LL_IsoOUTIncomplete  usbd_core.o
    0x08005ba8   0x08005ba8   0x00000018   Code   RO          939    i.USBD_LL_OpenEP    usbd_conf.o
    0x08005bc0   0x08005bc0   0x00000012   Code   RO          940    i.USBD_LL_PrepareReceive  usbd_conf.o
    0x08005bd2   0x08005bd2   0x0000005c   Code   RO         4456    i.USBD_LL_Reset     usbd_core.o
    0x08005c2e   0x08005c2e   0x00000014   Code   RO         4457    i.USBD_LL_Resume    usbd_core.o
    0x08005c42   0x08005c42   0x0000001a   Code   RO         4458    i.USBD_LL_SOF       usbd_core.o
    0x08005c5c   0x08005c5c   0x00000006   Code   RO         4459    i.USBD_LL_SetSpeed  usbd_core.o
    0x08005c62   0x08005c62   0x00000012   Code   RO          941    i.USBD_LL_SetUSBAddress  usbd_conf.o
    0x08005c74   0x08005c74   0x00000060   Code   RO         4460    i.USBD_LL_SetupStage  usbd_core.o
    0x08005cd4   0x08005cd4   0x00000012   Code   RO          942    i.USBD_LL_StallEP   usbd_conf.o
    0x08005ce6   0x08005ce6   0x00000012   Code   RO          943    i.USBD_LL_Start     usbd_conf.o
    0x08005cf8   0x08005cf8   0x00000012   Code   RO         4461    i.USBD_LL_Suspend   usbd_core.o
    0x08005d0a   0x08005d0a   0x00000012   Code   RO          945    i.USBD_LL_Transmit  usbd_conf.o
    0x08005d1c   0x08005d1c   0x0000002c   Code   RO         4606    i.USBD_ParseSetupRequest  usbd_ctlreq.o
    0x08005d48   0x08005d48   0x0000003a   Code   RO         4462    i.USBD_RegisterClass  usbd_core.o
    0x08005d82   0x08005d82   0x00000014   Code   RO         4464    i.USBD_SetClassConfig  usbd_core.o
    0x08005d96   0x08005d96   0x00000002   PAD
    0x08005d98   0x08005d98   0x000000b8   Code   RO         4607    i.USBD_SetConfig    usbd_ctlreq.o
    0x08005e50   0x08005e50   0x00000004   Code   RO         4465    i.USBD_Start        usbd_core.o
    0x08005e54   0x08005e54   0x0000012c   Code   RO         4608    i.USBD_StdDevReq    usbd_ctlreq.o
    0x08005f80   0x08005f80   0x00000160   Code   RO         4609    i.USBD_StdEPReq     usbd_ctlreq.o
    0x080060e0   0x080060e0   0x00000072   Code   RO         4610    i.USBD_StdItfReq    usbd_ctlreq.o
    0x08006152   0x08006152   0x00000002   Code   RO          946    i.USBD_static_free  usbd_conf.o
    0x08006154   0x08006154   0x00000008   Code   RO          947    i.USBD_static_malloc  usbd_conf.o
    0x0800615c   0x0800615c   0x00000080   Code   RO         1405    i.USB_ActivateEndpoint  stm32f4xx_ll_usb.o
    0x080061dc   0x080061dc   0x0000001c   Code   RO         1407    i.USB_ActivateSetup  stm32f4xx_ll_usb.o
    0x080061f8   0x080061f8   0x00000074   Code   RO         1409    i.USB_CoreInit      stm32f4xx_ll_usb.o
    0x0800626c   0x0800626c   0x00000040   Code   RO         1410    i.USB_CoreReset     stm32f4xx_ll_usb.o
    0x080062ac   0x080062ac   0x000000cc   Code   RO         1413    i.USB_DeactivateEndpoint  stm32f4xx_ll_usb.o
    0x08006378   0x08006378   0x0000001c   Code   RO         1414    i.USB_DevConnect    stm32f4xx_ll_usb.o
    0x08006394   0x08006394   0x0000001c   Code   RO         1415    i.USB_DevDisconnect  stm32f4xx_ll_usb.o
    0x080063b0   0x080063b0   0x00000174   Code   RO         1416    i.USB_DevInit       stm32f4xx_ll_usb.o
    0x08006524   0x08006524   0x0000000c   Code   RO         1417    i.USB_DisableGlobalInt  stm32f4xx_ll_usb.o
    0x08006530   0x08006530   0x0000011c   Code   RO         1420    i.USB_EP0StartXfer  stm32f4xx_ll_usb.o
    0x0800664c   0x0800664c   0x00000058   Code   RO         1421    i.USB_EP0_OutStart  stm32f4xx_ll_usb.o
    0x080066a4   0x080066a4   0x00000058   Code   RO         1422    i.USB_EPClearStall  stm32f4xx_ll_usb.o
    0x080066fc   0x080066fc   0x00000058   Code   RO         1423    i.USB_EPSetStall    stm32f4xx_ll_usb.o
    0x08006754   0x08006754   0x000001e4   Code   RO         1424    i.USB_EPStartXfer   stm32f4xx_ll_usb.o
    0x08006938   0x08006938   0x0000009e   Code   RO         1425    i.USB_EPStopXfer    stm32f4xx_ll_usb.o
    0x080069d6   0x080069d6   0x0000000c   Code   RO         1426    i.USB_EnableGlobalInt  stm32f4xx_ll_usb.o
    0x080069e2   0x080069e2   0x00000002   PAD
    0x080069e4   0x080069e4   0x0000003c   Code   RO         1427    i.USB_FlushRxFifo   stm32f4xx_ll_usb.o
    0x08006a20   0x08006a20   0x00000040   Code   RO         1428    i.USB_FlushTxFifo   stm32f4xx_ll_usb.o
    0x08006a60   0x08006a60   0x0000001a   Code   RO         1430    i.USB_GetDevSpeed   stm32f4xx_ll_usb.o
    0x08006a7a   0x08006a7a   0x00000008   Code   RO         1432    i.USB_GetMode       stm32f4xx_ll_usb.o
    0x08006a82   0x08006a82   0x0000000e   Code   RO         1439    i.USB_ReadDevAllInEpInterrupt  stm32f4xx_ll_usb.o
    0x08006a90   0x08006a90   0x0000000e   Code   RO         1440    i.USB_ReadDevAllOutEpInterrupt  stm32f4xx_ll_usb.o
    0x08006a9e   0x08006a9e   0x00000024   Code   RO         1441    i.USB_ReadDevInEPInterrupt  stm32f4xx_ll_usb.o
    0x08006ac2   0x08006ac2   0x00000010   Code   RO         1442    i.USB_ReadDevOutEPInterrupt  stm32f4xx_ll_usb.o
    0x08006ad2   0x08006ad2   0x00000008   Code   RO         1443    i.USB_ReadInterrupts  stm32f4xx_ll_usb.o
    0x08006ada   0x08006ada   0x0000003e   Code   RO         1444    i.USB_ReadPacket    stm32f4xx_ll_usb.o
    0x08006b18   0x08006b18   0x0000005c   Code   RO         1446    i.USB_SetCurrentMode  stm32f4xx_ll_usb.o
    0x08006b74   0x08006b74   0x00000022   Code   RO         1447    i.USB_SetDevAddress  stm32f4xx_ll_usb.o
    0x08006b96   0x08006b96   0x00000002   PAD
    0x08006b98   0x08006b98   0x000000e8   Code   RO         1449    i.USB_SetTurnaroundTime  stm32f4xx_ll_usb.o
    0x08006c80   0x08006c80   0x00000028   Code   RO         1452    i.USB_WritePacket   stm32f4xx_ll_usb.o
    0x08006ca8   0x08006ca8   0x00000002   Code   RO          570    i.UsageFault_Handler  stm32f4xx_it.o
    0x08006caa   0x08006caa   0x00000002   PAD
    0x08006cac   0x08006cac   0x00000328   Code   RO         6611    i.Wheel_Motor_Init  chassismotor.o
    0x08006fd4   0x08006fd4   0x00000064   Code   RO         7597    i._DoInit           segger_rtt.o
    0x08007038   0x08007038   0x00000020   Code   RO         2466    i.__NVIC_SetPriority  stm32f4xx_hal_cortex.o
    0x08007058   0x08007058   0x00000020   Code   RO         7041    i.angle_limiting_int16  bsp_motor_encoder.o
    0x08007078   0x08007078   0x00000068   Code   RO         6808    i.can_tx_mailbox_complete_hanle  bsp_can.o
    0x080070e0   0x080070e0   0x00000050   Code   RO         6450    i.detect_hook       detect_task.o
    0x08007130   0x08007130   0x00000080   Code   RO         6451    i.detect_init       detect_task.o
    0x080071b0   0x080071b0   0x00000074   Code   RO         5305    i.eTaskGetState     tasks.o
    0x08007224   0x08007224   0x00000094   Code   RO         7498    i.f_StepIn          pid.o
    0x080072b8   0x080072b8   0x00000042   Code   RO         7145    i.fifo_get          fifo.o
    0x080072fa   0x080072fa   0x0000003e   Code   RO         7146    i.fifo_get_noprotect  fifo.o
    0x08007338   0x08007338   0x0000001e   Code   RO         7147    i.fifo_init         fifo.o
    0x08007356   0x08007356   0x0000000c   Code   RO         7148    i.fifo_is_empty     fifo.o
    0x08007362   0x08007362   0x0000000c   Code   RO         7149    i.fifo_is_full      fifo.o
    0x0800736e   0x0800736e   0x0000003c   Code   RO         7151    i.fifo_put          fifo.o
    0x080073aa   0x080073aa   0x00000038   Code   RO         7340    i.first_order_filter  filter.o
    0x080073e2   0x080073e2   0x00000038   Code   RO         7499    i.first_order_filter  pid.o
    0x0800741a   0x0800741a   0x00000014   Code   RO         7341    i.first_order_filter_init  filter.o
    0x0800742e   0x0800742e   0x00000032   Code   RO           16    i.main              main.o
    0x08007460   0x08007460   0x0000000c   Code   RO         5630    i.makeFreeRtosPriority  cmsis_os.o
    0x0800746c   0x0800746c   0x00000036   Code   RO         7500    i.motor_position_speed_control  pid.o
    0x080074a2   0x080074a2   0x0000000e   Code   RO         5632    i.osDelay           cmsis_os.o
    0x080074b0   0x080074b0   0x0000000a   Code   RO         5635    i.osKernelStart     cmsis_os.o
    0x080074ba   0x080074ba   0x00000054   Code   RO         5669    i.osThreadCreate    cmsis_os.o
    0x0800750e   0x0800750e   0x00000024   Code   RO         7502    i.pid_clear         pid.o
    0x08007532   0x08007532   0x00000002   PAD
    0x08007534   0x08007534   0x00000070   Code   RO         5307    i.prvAddCurrentTaskToDelayedList  tasks.o
    0x080075a4   0x080075a4   0x000000d0   Code   RO         5308    i.prvAddNewTaskToReadyList  tasks.o
    0x08007674   0x08007674   0x00000034   Code   RO         5309    i.prvDeleteTCB      tasks.o
    0x080076a8   0x080076a8   0x0000004c   Code   RO         6009    i.prvHeapInit       heap_4.o
    0x080076f4   0x080076f4   0x00000060   Code   RO         5310    i.prvIdleTask       tasks.o
    0x08007754   0x08007754   0x00000098   Code   RO         5311    i.prvInitialiseNewTask  tasks.o
    0x080077ec   0x080077ec   0x0000004c   Code   RO         6010    i.prvInsertBlockIntoFreeList  heap_4.o
    0x08007838   0x08007838   0x00000020   Code   RO         5312    i.prvResetNextTaskUnblockTime  tasks.o
    0x08007858   0x08007858   0x00000028   Code   RO         6078    i.prvTaskExitError  port.o
    0x08007880   0x08007880   0x00000034   Code   RO         5313    i.prvTaskIsTaskSuspended  tasks.o
    0x080078b4   0x080078b4   0x000000dc   Code   RO         6011    i.pvPortMalloc      heap_4.o
    0x08007990   0x08007990   0x0000002c   Code   RO         6079    i.pxPortInitialiseStack  port.o
    0x080079bc   0x080079bc   0x00000014   Code   RO         6953    i.rc_lost_time_refresh  bsp_dr16.o
    0x080079d0   0x080079d0   0x00000026   Code   RO         4942    i.uxListRemove      list.o
    0x080079f6   0x080079f6   0x00000002   PAD
    0x080079f8   0x080079f8   0x00000014   Code   RO          325    i.vApplicationGetIdleTaskMemory  freertos.o
    0x08007a0c   0x08007a0c   0x00000016   Code   RO         4943    i.vListInitialise   list.o
    0x08007a22   0x08007a22   0x00000006   Code   RO         4944    i.vListInitialiseItem  list.o
    0x08007a28   0x08007a28   0x00000030   Code   RO         4945    i.vListInsert       list.o
    0x08007a58   0x08007a58   0x00000018   Code   RO         4946    i.vListInsertEnd    list.o
    0x08007a70   0x08007a70   0x00000040   Code   RO         6081    i.vPortEnterCritical  port.o
    0x08007ab0   0x08007ab0   0x00000028   Code   RO         6082    i.vPortExitCritical  port.o
    0x08007ad8   0x08007ad8   0x00000064   Code   RO         6012    i.vPortFree         heap_4.o
    0x08007b3c   0x08007b3c   0x00000024   Code   RO         6083    i.vPortSetupTimerInterrupt  port.o
    0x08007b60   0x08007b60   0x0000004c   Code   RO         5321    i.vTaskDelay        tasks.o
    0x08007bac   0x08007bac   0x0000007c   Code   RO         5332    i.vTaskResume       tasks.o
    0x08007c28   0x08007c28   0x0000006c   Code   RO         5334    i.vTaskStartScheduler  tasks.o
    0x08007c94   0x08007c94   0x000000bc   Code   RO         5335    i.vTaskSuspend      tasks.o
    0x08007d50   0x08007d50   0x00000010   Code   RO         5336    i.vTaskSuspendAll   tasks.o
    0x08007d60   0x08007d60   0x0000005c   Code   RO         5337    i.vTaskSwitchContext  tasks.o
    0x08007dbc   0x08007dbc   0x000000f4   Code   RO         6085    i.xPortStartScheduler  port.o
    0x08007eb0   0x08007eb0   0x0000005a   Code   RO         5340    i.xTaskCreate       tasks.o
    0x08007f0a   0x08007f0a   0x00000056   Code   RO         5341    i.xTaskCreateStatic  tasks.o
    0x08007f60   0x08007f60   0x0000000c   Code   RO         5346    i.xTaskGetTickCount  tasks.o
    0x08007f6c   0x08007f6c   0x000000cc   Code   RO         5348    i.xTaskIncrementTick  tasks.o
    0x08008038   0x08008038   0x000000c4   Code   RO         5354    i.xTaskResumeAll    tasks.o
    0x080080fc   0x080080fc   0x0000000a   Code   RO         8176    x$fpl$fpinit        fz_wm.l(fpinit.o)
    0x08008106   0x08008106   0x00000002   PAD
    0x08008108   0x08008108   0x00000070   Data   RO          327    .constdata          freertos.o
    0x08008178   0x08008178   0x00000008   Data   RO         2183    .constdata          stm32f4xx_hal_dma.o
    0x08008180   0x08008180   0x00000010   Data   RO         4407    .constdata          system_stm32f4xx.o
    0x08008190   0x08008190   0x00000008   Data   RO         4408    .constdata          system_stm32f4xx.o
    0x08008198   0x08008198   0x00000024   Data   RO         6455    .constdata          detect_task.o
    0x080081bc   0x080081bc   0x00000108   Data   RO         6612    .constdata          chassismotor.o
    0x080082c4   0x080082c4   0x00000011   Data   RO         7603    .constdata          segger_rtt.o
    0x080082d5   0x080082d5   0x00000003   PAD
    0x080082d8   0x080082d8   0x00000034   Data   RO          328    .conststring        freertos.o
    0x0800830c   0x0800830c   0x00000020   Data   RO         8314    Region$$Table       anon$$obj.o


    Execution Region RW_IRAM1 (Exec base: 0x20000000, Load base: 0x0800832c, Size: 0x0000d750, Max: 0x0001c000, ABSOLUTE, COMPRESSED[0x000000c0])

    Exec Addr    Load Addr    Size         Type   Attr      Idx    E Section Name        Object

    0x20000000   COMPRESSED   0x00000010   Data   RW          329    .data               freertos.o
    0x20000010   COMPRESSED   0x00000004   Data   RW          381    .data               can.o
    0x20000014   COMPRESSED   0x0000001c   Data   RW          783    .data               usbd_desc.o
    0x20000030   COMPRESSED   0x00000032   Data   RW          784    .data               usbd_desc.o
    0x20000062   COMPRESSED   0x00000002   PAD
    0x20000064   COMPRESSED   0x00000014   Data   RW          867    .data               usbd_cdc_if.o
    0x20000078   COMPRESSED   0x0000000c   Data   RW         2610    .data               stm32f4xx_hal.o
    0x20000084   COMPRESSED   0x00000004   Data   RW         4409    .data               system_stm32f4xx.o
    0x20000088   COMPRESSED   0x00000001   Data   RW         4611    .data               usbd_ctlreq.o
    0x20000089   COMPRESSED   0x00000003   PAD
    0x2000008c   COMPRESSED   0x00000053   Data   RW         4750    .data               usbd_cdc.o
    0x200000df   COMPRESSED   0x00000001   PAD
    0x200000e0   COMPRESSED   0x00000038   Data   RW         4751    .data               usbd_cdc.o
    0x20000118   COMPRESSED   0x0000003c   Data   RW         5357    .data               tasks.o
    0x20000154   COMPRESSED   0x00000020   Data   RW         6018    .data               heap_4.o
    0x20000174   COMPRESSED   0x0000000c   Data   RW         6086    .data               port.o
    0x20000180   COMPRESSED   0x00000008   Data   RW         6456    .data               detect_task.o
    0x20000188   COMPRESSED   0x0000000c   Data   RW         6613    .data               chassismotor.o
    0x20000194   COMPRESSED   0x00000012   Data   RW         6810    .data               bsp_can.o
    0x200001a6   COMPRESSED   0x00000002   PAD
    0x200001a8   COMPRESSED   0x00000008   Data   RW         6955    .data               bsp_dr16.o
    0x200001b0        -       0x00000254   Zero   RW          326    .bss                freertos.o
    0x20000404        -       0x00000050   Zero   RW          380    .bss                can.o
    0x20000454        -       0x00000090   Zero   RW          456    .bss                tim.o
    0x200004e4        -       0x000000a4   Zero   RW          518    .bss                usart.o
    0x20000588        -       0x00000048   Zero   RW          690    .bss                stm32f4xx_hal_timebase_tim.o
    0x200005d0        -       0x000002dc   Zero   RW          727    .bss                usb_device.o
    0x200008ac        -       0x00000200   Zero   RW          782    .bss                usbd_desc.o
    0x20000aac        -       0x00001000   Zero   RW          866    .bss                usbd_cdc_if.o
    0x20001aac        -       0x0000072c   Zero   RW          948    .bss                usbd_conf.o
    0x200021d8        -       0x000000f0   Zero   RW         5356    .bss                tasks.o
    0x200022c8        -       0x00003c00   Zero   RW         6017    .bss                heap_4.o
    0x20005ec8        -       0x000000ac   Zero   RW         6170    .bss                chassis_fsm.o
    0x20005f74        -       0x00000d8a   Zero   RW         6410    .bss                chassis_task.o
    0x20006cfe        -       0x000000fc   Zero   RW         6454    .bss                detect_task.o
    0x20006dfa        -       0x00000157   Zero   RW         6668    .bss                remotedeal.o
    0x20006f51   COMPRESSED   0x00000003   PAD
    0x20006f54        -       0x00002060   Zero   RW         6809    .bss                bsp_can.o
    0x20008fb4        -       0x00000068   Zero   RW         6954    .bss                bsp_dr16.o
    0x2000901c        -       0x0000021c   Zero   RW         7043    .bss                bsp_motor_encoder.o
    0x20009238        -       0x000004b8   Zero   RW         7602    .bss                segger_rtt.o
    0x200096f0        -       0x00000060   Zero   RW         8122    .bss                c_w.l(libspace.o)
    0x20009750        -       0x00002000   Zero   RW            2    HEAP                startup_stm32f407xx.o
    0x2000b750        -       0x00002000   Zero   RW            1    STACK               startup_stm32f407xx.o


    Execution Region RW_IRAM2 (Exec base: 0x2001c000, Load base: 0x080083ec, Size: 0x00000000, Max: 0x00004000, ABSOLUTE)

    **** No section assigned to this execution region ****


==============================================================================

Image component sizes


      Code (inc. data)   RO Data    RW Data    ZI Data      Debug   Object Name

        92          4          0          0          0       1388   boardcommuni.o
      1094        116          0         18       8288      17430   bsp_can.o
       676         46          0          8        104       7093   bsp_dr16.o
       388         10          0          0        540       4380   bsp_motor_encoder.o
       424         44          0          4         80       2694   can.o
       518        102          0          0        172     623402   chassis_fsm.o
       108         22          0          0       3466       2529   chassis_task.o
      1876         72        264         12          0       5738   chassismotor.o
       120          0          0          0          0      23761   cmsis_os.o
       540         40         36          8        252       8414   detect_task.o
        44          4          0          0          0        854   dma.o
         0          0          0          0          0      17020   event_groups.o
       242          0          0          0          0       4794   fifo.o
        76          0          0          0          0       3299   filter.o
       136         12        164         16        596       7625   freertos.o
        94          0          0          0          0       1625   fsm.o
       160         10          0          0          0       1103   gpio.o
       472         24          0         32      15360       7687   heap_4.o
       138          0          0          0          0       3774   list.o
       216          8          0          0          0     766325   main.o
      1236         14          0          0          0       6870   pid.o
       702         72          0         12          0      11416   port.o
        36          8          0          0          0       1561   remote_task.o
       448         30          0          0        343       3397   remotedeal.o
         8          0          0          0          0        907   rmmotor.o
       104         20         17          0       1208       6324   segger_rtt.o
        64         26        392          0      16384        884   startup_stm32f407xx.o
       116         18          0         12          0       8990   stm32f4xx_hal.o
      1728          6          0          0          0      14191   stm32f4xx_hal_can.o
       158         14          0          0          0      33346   stm32f4xx_hal_cortex.o
       934         16          8          0          0       5891   stm32f4xx_hal_dma.o
       506         46          0          0          0       2312   stm32f4xx_hal_gpio.o
        56          4          0          0          0        946   stm32f4xx_hal_msp.o
      2638         12          0          0          0      14280   stm32f4xx_hal_pcd.o
        78          0          0          0          0       2553   stm32f4xx_hal_pcd_ex.o
      1424         92          0          0          0       6689   stm32f4xx_hal_rcc.o
      1792        108          0          0          0      15664   stm32f4xx_hal_tim.o
       232         28          0          0          0       3469   stm32f4xx_hal_tim_ex.o
       152         18          0          0         72       1595   stm32f4xx_hal_timebase_tim.o
      1276         16          0          0          0       8760   stm32f4xx_hal_uart.o
       116         46          0          0          0       7135   stm32f4xx_it.o
      2888        134          0          0          0      25203   stm32f4xx_ll_usb.o
         0          0          0          0          0        392   stream_buffer.o
        22          0          0          0          0        539   sysinit.o
        16          4         24          4          0       1247   system_stm32f4xx.o
      2012        158          0         60        240      24607   tasks.o
       528         60          0          0        144       3983   tim.o
       244         36          0          0        164       1957   usart.o
        84         18          0          0        732       2739   usb_device.o
      1198         32          0        139          0      14259   usbd_cdc.o
        72         16          0         20       4096       3498   usbd_cdc_if.o
       644         24          0          0       1836      17912   usbd_conf.o
       916          0          0          0          0      16315   usbd_core.o
      1328         28          0          1          0      15324   usbd_ctlreq.o
       288        104          0         78        512       6569   usbd_desc.o
       132          0          0          0          0       4800   usbd_ioreq.o

    ----------------------------------------------------------------------
     31660       1722        940        432      54592    1807459   Object Totals
         0          0         32          0          0          0   (incl. Generated)
        70          0          3          8          3          0   (incl. Padding)

    ----------------------------------------------------------------------

      Code (inc. data)   RO Data    RW Data    ZI Data      Debug   Library Member Name

        90          0          0          0          0          0   __dczerorl2.o
         8          0          0          0          0         68   __main.o
         0          0          0          0          0          0   __rtentry.o
        12          0          0          0          0          0   __rtentry2.o
         6          0          0          0          0          0   __rtentry4.o
        52          8          0          0          0          0   __scatter.o
        28          0          0          0          0          0   __scatter_zi.o
        18          0          0          0          0         80   exit.o
         6          0          0          0          0        152   heapauxi.o
         0          0          0          0          0          0   indicate_semi.o
         2          0          0          0          0          0   libinit.o
         6          0          0          0          0          0   libinit2.o
         2          0          0          0          0          0   libshutdown.o
         2          0          0          0          0          0   libshutdown2.o
         8          4          0          0         96         68   libspace.o
       238          0          0          0          0        100   lludivv7m.o
        68          0          0          0          0         68   rt_memclr.o
        78          0          0          0          0         80   rt_memclr_w.o
       138          0          0          0          0         68   rt_memcpy_v6.o
       100          0          0          0          0         80   rt_memcpy_w.o
         2          0          0          0          0          0   rtexit.o
        10          0          0          0          0          0   rtexit2.o
        12          4          0          0          0         68   sys_exit.o
        74          0          0          0          0         80   sys_stackheap_outer.o
         2          0          0          0          0         68   use_no_semi.o
        10          0          0          0          0        116   fpinit.o

    ----------------------------------------------------------------------
       980         16          0          0         96       1096   Library Totals
         8          0          0          0          0          0   (incl. Padding)

    ----------------------------------------------------------------------

      Code (inc. data)   RO Data    RW Data    ZI Data      Debug   Library Name

       962         16          0          0         96        980   c_w.l
        10          0          0          0          0        116   fz_wm.l

    ----------------------------------------------------------------------
       980         16          0          0         96       1096   Library Totals

    ----------------------------------------------------------------------

==============================================================================


      Code (inc. data)   RO Data    RW Data    ZI Data      Debug   

     32640       1738        940        432      54688    1772539   Grand Totals
     32640       1738        940        192      54688    1772539   ELF Image Totals (compressed)
     32640       1738        940        192          0          0   ROM Totals

==============================================================================

    Total RO  Size (Code + RO Data)                33580 (  32.79kB)
    Total RW  Size (RW Data + ZI Data)             55120 (  53.83kB)
    Total ROM Size (Code + RO Data + RW Data)      33772 (  32.98kB)

==============================================================================

