<html>
<body>
<pre>
<h1>�Vision Build Log</h1>
<h2>Tool Versions:</h2>
IDE-Version: ��Vision V5.38.0.0
Copyright (C) 2022 ARM Ltd and ARM Germany GmbH. All rights reserved.
License Information: 1 1677195845@qq.com, 1, LIC=UJWP0-B11JP-MMP9I-TDNL4-7AGNY-2FDV7
 
Tool Versions:
Toolchain:       MDK-ARM Plus  Version: 5.38.0.0
Toolchain Path:  C:\Keil_v5\ARM\ARMCC\Bin
C Compiler:      Armcc.exe V5.06 update 7 (build 960)
Assembler:       Armasm.exe V5.06 update 7 (build 960)
Linker/Locator:  ArmLink.exe V5.06 update 7 (build 960)
Library Manager: ArmAr.exe V5.06 update 7 (build 960)
Hex Converter:   FromElf.exe V5.06 update 7 (build 960)
CPU DLL:         SARMCM3.DLL V5.38.0.0
Dialog DLL:      DCM.DLL V1.17.5.0
Target DLL:      CMSIS_AGDI.dll V1.33.15.0
Dialog DLL:      TCM.DLL V1.56.4.0
 
<h2>Project:</h2>
E:\New_Engineering\Engineering_B_ButCmake\MDK-ARM\Engineering_B_2023_C_Board.uvprojx
Project File Date:  04/30/2023

<h2>Output:</h2>
*** Using Compiler 'V5.06 update 7 (build 960)', folder: 'C:\Keil_v5\ARM\ARMCC\Bin'
Rebuild target 'Engineering_B_2023_C_Board'
assembling startup_stm32f407xx.s...
compiling stm32f4xx_hal_msp.c...
compiling usart.c...
compiling dma.c...
compiling stm32f4xx_it.c...
compiling usbd_desc.c...
compiling stm32f4xx_hal_timebase_tim.c...
compiling gpio.c...
compiling usb_device.c...
compiling usbd_conf.c...
compiling usbd_cdc_if.c...
compiling tim.c...
compiling can.c...
compiling stm32f4xx_hal_pcd.c...
compiling freertos.c...
compiling main.c...
compiling stm32f4xx_hal_flash_ramfunc.c...
compiling stm32f4xx_hal_dma.c...
compiling stm32f4xx_hal_pwr_ex.c...
compiling stm32f4xx_hal_pwr.c...
compiling stm32f4xx_hal_rcc_ex.c...
compiling stm32f4xx_hal_flash.c...
compiling stm32f4xx_hal_cortex.c...
compiling stm32f4xx_hal_pcd_ex.c...
compiling stm32f4xx_hal_gpio.c...
compiling stm32f4xx_hal_exti.c...
compiling stm32f4xx_hal_flash_ex.c...
compiling stm32f4xx_hal.c...
compiling stm32f4xx_hal_rcc.c...
compiling stm32f4xx_hal_dma_ex.c...
compiling stm32f4xx_ll_usb.c...
compiling croutine.c...
compiling list.c...
compiling event_groups.c...
compiling stream_buffer.c...
compiling queue.c...
compiling timers.c...
compiling heap_4.c...
compiling tasks.c...
compiling fsm.c...
compiling cmsis_os.c...
compiling port.c...
compiling usbd_ioreq.c...
compiling system_stm32f4xx.c...
compiling usbd_cdc.c...
compiling stm32f4xx_hal_can.c...
compiling usbd_ctlreq.c...
compiling stm32f4xx_hal_tim_ex.c...
compiling usbd_core.c...
compiling stm32f4xx_hal_uart.c...
compiling Remote_Task.c...
compiling BoardCommuni.c...
compiling Chassis_Task.c...
compiling Chassis_Fsm.c...
compiling Detect_Task.c...
..\Task\Src\Detect_Task.c(59): warning:  #513-D: a value of type "bool_t (*)(void)" cannot be assigned to an entity of type "void (*)(void)"
      error_list[DBUS_TOE].solve_lost_fun = &RC_Check_Data_IS_ERROR;
..\Task\Src\Detect_Task.c(205): warning:  #1-D: last line of file ends without a newline
  }
..\Task\Src\Detect_Task.c: 2 warnings, 0 errors
compiling ChassisMotor.c...
..\Control\Src\ChassisMotor.c(200): warning:  #177-D: variable "Val"  was declared but never referenced
      int16_t Val[4] = {0, 0, 0, 0}; //记录电机实时速度�??
..\Control\Src\ChassisMotor.c(201): warning:  #177-D: variable "MAX"  was declared but never referenced
      int16_t MAX = 0;               //四个电机里的�??大�?�度
..\Control\Src\ChassisMotor.c(202): warning:  #177-D: variable "SPID_OUT"  was declared but never referenced
      float SPID_OUT[4];             // PIDout
..\Control\Src\ChassisMotor.c(271): warning:  #223-D: function "abs" declared implicitly
      else if(abs(abs(Lift_MotorLockPos[0])- abs(C->liftUp.Lift_Motor[0].Encoder->Encode_Record_Val))>MAX_ABS_HIGHT){
..\Control\Src\ChassisMotor.c: 4 warnings, 0 errors
compiling SEGGER_RTT.c...
compiling stm32f4xx_hal_tim.c...
compiling filter.c...
..\ACE-ECF\Algorithm\src\filter.c(252): warning:  #1-D: last line of file ends without a newline
  }
..\ACE-ECF\Algorithm\src\filter.c: 1 warning, 0 errors
compiling maths.c...
compiling SEGGER_RTT_printf.c...
compiling rmmotor.c...
compiling bsp_Motor_Encoder.c...
compiling pid.c...
..\ACE-ECF\Algorithm\src\pid.c(377): warning:  #1-D: last line of file ends without a newline
  }
..\ACE-ECF\Algorithm\src\pid.c: 1 warning, 0 errors
compiling bsp_usb.c...
../ACE-ECF/Bsp/Inc/bsp_usb.h(9): warning:  #1-D: last line of file ends without a newline
  #endif
..\ACE-ECF\Bsp\Src\bsp_usb.c: 1 warning, 0 errors
compiling bsp_dr16.c...
compiling bsp_can.c...
../ACE-ECF/Bsp/Inc/bsp_usb.h(9): warning:  #1-D: last line of file ends without a newline
  #endif
..\ACE-ECF\Bsp\Src\bsp_can.c: 1 warning, 0 errors
compiling fifo.c...
compiling RemoteDeal.c...
compiling SYSInit.c...
..\Control\Src\SYSInit.c(61): warning:  #1-D: last line of file ends without a newline
  #endif
..\Control\Src\SYSInit.c: 1 warning, 0 errors
linking...
Program Size: Code=32256 RO-data=892 RW-data=432 ZI-data=54064  
FromELF: creating hex file...
"Engineering_B_2023_C_Board\Engineering_B_2023_C_Board.axf" - 0 Error(s), 11 Warning(s).

<h2>Software Packages used:</h2>

Package Vendor: ARM
                http://www.keil.com/pack/ARM.CMSIS.5.9.0.pack
                ARM.CMSIS.5.9.0
                CMSIS (Common Microcontroller Software Interface Standard)
   * Component: CORE Version: 5.6.0

Package Vendor: Keil
                http://www.keil.com/pack/Keil.STM32F4xx_DFP.2.16.0.pack
                Keil.STM32F4xx_DFP.2.16.0
                STMicroelectronics STM32F4 Series Device Support, Drivers and Examples

<h2>Collection of Component include folders:</h2>
  ./RTE/_Engineering_B_2023_C_Board
  C:/Users/16771/AppData/Local/Arm/Packs/ARM/CMSIS/5.9.0/CMSIS/Core/Include
  C:/Users/16771/AppData/Local/Arm/Packs/Keil/STM32F4xx_DFP/2.16.0/Drivers/CMSIS/Device/ST/STM32F4xx/Include

<h2>Collection of Component Files used:</h2>

   * Component: ARM::CMSIS:CORE:5.6.0
      Include file:  CMSIS/Core/Include/tz_context.h
Build Time Elapsed:  00:00:23
</pre>
</body>
</html>
