Archive member included to satisfy reference by file (symbol)

e:/application/10 2021.10/bin/../lib/gcc/arm-none-eabi/10.3.1/thumb/v7e-m+fp/hard\libgcc.a(_aeabi_uldivmod.o)
                              CMakeFiles/Engineering_B_2023_C_Board.elf.dir/Drivers/STM32F4xx_HAL_Driver/Src/stm32f4xx_hal_rcc.c.obj (__aeabi_uldivmod)
e:/application/10 2021.10/bin/../lib/gcc/arm-none-eabi/10.3.1/thumb/v7e-m+fp/hard\libgcc.a(_udivmoddi4.o)
                              e:/application/10 2021.10/bin/../lib/gcc/arm-none-eabi/10.3.1/thumb/v7e-m+fp/hard\libgcc.a(_aeabi_uldivmod.o) (__udivmoddi4)
e:/application/10 2021.10/bin/../lib/gcc/arm-none-eabi/10.3.1/thumb/v7e-m+fp/hard\libgcc.a(_dvmd_tls.o)
                              e:/application/10 2021.10/bin/../lib/gcc/arm-none-eabi/10.3.1/thumb/v7e-m+fp/hard\libgcc.a(_aeabi_uldivmod.o) (__aeabi_ldiv0)
e:/application/10 2021.10/bin/../lib/gcc/arm-none-eabi/10.3.1/../../../../arm-none-eabi/lib/thumb/v7e-m+fp/hard\libg.a(lib_a-errno.o)
                              CMakeFiles/Engineering_B_2023_C_Board.elf.dir/Core/Src/syscalls.c.obj (__errno)
e:/application/10 2021.10/bin/../lib/gcc/arm-none-eabi/10.3.1/../../../../arm-none-eabi/lib/thumb/v7e-m+fp/hard\libg.a(lib_a-exit.o)
                              e:/application/10 2021.10/bin/../lib/gcc/arm-none-eabi/10.3.1/../../../../arm-none-eabi/lib/thumb/v7e-m+fp/hard/crt0.o (exit)
e:/application/10 2021.10/bin/../lib/gcc/arm-none-eabi/10.3.1/../../../../arm-none-eabi/lib/thumb/v7e-m+fp/hard\libg.a(lib_a-impure.o)
                              e:/application/10 2021.10/bin/../lib/gcc/arm-none-eabi/10.3.1/../../../../arm-none-eabi/lib/thumb/v7e-m+fp/hard\libg.a(lib_a-exit.o) (_global_impure_ptr)
e:/application/10 2021.10/bin/../lib/gcc/arm-none-eabi/10.3.1/../../../../arm-none-eabi/lib/thumb/v7e-m+fp/hard\libg.a(lib_a-init.o)
                              e:/application/10 2021.10/bin/../lib/gcc/arm-none-eabi/10.3.1/../../../../arm-none-eabi/lib/thumb/v7e-m+fp/hard/crt0.o (__libc_init_array)
e:/application/10 2021.10/bin/../lib/gcc/arm-none-eabi/10.3.1/../../../../arm-none-eabi/lib/thumb/v7e-m+fp/hard\libg.a(lib_a-memcpy.o)
                              CMakeFiles/Engineering_B_2023_C_Board.elf.dir/Middlewares/Third_Party/FreeRTOS/Source/queue.c.obj (memcpy)
e:/application/10 2021.10/bin/../lib/gcc/arm-none-eabi/10.3.1/../../../../arm-none-eabi/lib/thumb/v7e-m+fp/hard\libg.a(lib_a-memset.o)
                              e:/application/10 2021.10/bin/../lib/gcc/arm-none-eabi/10.3.1/../../../../arm-none-eabi/lib/thumb/v7e-m+fp/hard/crt0.o (memset)
e:/application/10 2021.10/bin/../lib/gcc/arm-none-eabi/10.3.1/../../../../arm-none-eabi/lib/thumb/v7e-m+fp/hard\libg.a(lib_a-__call_atexit.o)
                              e:/application/10 2021.10/bin/../lib/gcc/arm-none-eabi/10.3.1/../../../../arm-none-eabi/lib/thumb/v7e-m+fp/hard\libg.a(lib_a-exit.o) (__call_exitprocs)
e:/application/10 2021.10/bin/../lib/gcc/arm-none-eabi/10.3.1/../../../../arm-none-eabi/lib/thumb/v7e-m+fp/hard\libg.a(lib_a-atexit.o)
                              e:/application/10 2021.10/bin/../lib/gcc/arm-none-eabi/10.3.1/../../../../arm-none-eabi/lib/thumb/v7e-m+fp/hard\libg.a(lib_a-__call_atexit.o) (atexit)
e:/application/10 2021.10/bin/../lib/gcc/arm-none-eabi/10.3.1/../../../../arm-none-eabi/lib/thumb/v7e-m+fp/hard\libg.a(lib_a-fini.o)
                              e:/application/10 2021.10/bin/../lib/gcc/arm-none-eabi/10.3.1/../../../../arm-none-eabi/lib/thumb/v7e-m+fp/hard\libg.a(lib_a-__call_atexit.o) (__libc_fini_array)
e:/application/10 2021.10/bin/../lib/gcc/arm-none-eabi/10.3.1/../../../../arm-none-eabi/lib/thumb/v7e-m+fp/hard\libg.a(lib_a-lock.o)
                              e:/application/10 2021.10/bin/../lib/gcc/arm-none-eabi/10.3.1/../../../../arm-none-eabi/lib/thumb/v7e-m+fp/hard\libg.a(lib_a-__call_atexit.o) (__retarget_lock_acquire_recursive)
e:/application/10 2021.10/bin/../lib/gcc/arm-none-eabi/10.3.1/../../../../arm-none-eabi/lib/thumb/v7e-m+fp/hard\libg.a(lib_a-__atexit.o)
                              e:/application/10 2021.10/bin/../lib/gcc/arm-none-eabi/10.3.1/../../../../arm-none-eabi/lib/thumb/v7e-m+fp/hard\libg.a(lib_a-atexit.o) (__register_exitproc)

Discarded input sections

 .text          0x00000000        0x0 e:/application/10 2021.10/bin/../lib/gcc/arm-none-eabi/10.3.1/thumb/v7e-m+fp/hard/crti.o
 .data          0x00000000        0x0 e:/application/10 2021.10/bin/../lib/gcc/arm-none-eabi/10.3.1/thumb/v7e-m+fp/hard/crti.o
 .bss           0x00000000        0x0 e:/application/10 2021.10/bin/../lib/gcc/arm-none-eabi/10.3.1/thumb/v7e-m+fp/hard/crti.o
 .data          0x00000000        0x4 e:/application/10 2021.10/bin/../lib/gcc/arm-none-eabi/10.3.1/thumb/v7e-m+fp/hard/crtbegin.o
 .rodata        0x00000000       0x24 e:/application/10 2021.10/bin/../lib/gcc/arm-none-eabi/10.3.1/thumb/v7e-m+fp/hard/crtbegin.o
[...]
Memory Configuration

Name             Origin             Length             Attributes
CCMRAM           0x10000000         0x00010000         xrw
RAM              0x20000000         0x00020000         xrw
FLASH            0x08000000         0x00100000         xr
*default*        0x00000000         0xffffffff

Linker script and memory map

LOAD e:/application/10 2021.10/bin/../lib/gcc/arm-none-eabi/10.3.1/thumb/v7e-m+fp/hard/crti.o
LOAD e:/application/10 2021.10/bin/../lib/gcc/arm-none-eabi/10.3.1/thumb/v7e-m+fp/hard/crtbegin.o
LOAD e:/application/10 2021.10/bin/../lib/gcc/arm-none-eabi/10.3.1/../../../../arm-none-eabi/lib/thumb/v7e-m+fp/hard/crt0.o
LOAD CMakeFiles/Engineering_B_2023_C_Board.elf.dir/Core/Src/can.c.obj
LOAD CMakeFiles/Engineering_B_2023_C_Board.elf.dir/Core/Src/dma.c.obj
LOAD CMakeFiles/Engineering_B_2023_C_Board.elf.dir/Core/Src/freertos.c.obj
LOAD CMakeFiles/Engineering_B_2023_C_Board.elf.dir/Core/Src/gpio.c.obj
LOAD CMakeFiles/Engineering_B_2023_C_Board.elf.dir/Core/Src/main.c.obj
LOAD CMakeFiles/Engineering_B_2023_C_Board.elf.dir/Core/Src/stm32f4xx_hal_msp.c.obj
LOAD CMakeFiles/Engineering_B_2023_C_Board.elf.dir/Core/Src/stm32f4xx_hal_timebase_tim.c.obj
LOAD CMakeFiles/Engineering_B_2023_C_Board.elf.dir/Core/Src/stm32f4xx_it.c.obj
LOAD CMakeFiles/Engineering_B_2023_C_Board.elf.dir/Core/Src/syscalls.c.obj
LOAD CMakeFiles/Engineering_B_2023_C_Board.elf.dir/Core/Src/sysmem.c.obj
LOAD CMakeFiles/Engineering_B_2023_C_Board.elf.dir/Core/Src/system_stm32f4xx.c.obj
LOAD CMakeFiles/Engineering_B_2023_C_Board.elf.dir/Core/Src/tim.c.obj
LOAD CMakeFiles/Engineering_B_2023_C_Board.elf.dir/Core/Src/usart.c.obj
LOAD CMakeFiles/Engineering_B_2023_C_Board.elf.dir/Core/Startup/startup_stm32f407ighx.s.obj
LOAD CMakeFiles/Engineering_B_2023_C_Board.elf.dir/Drivers/STM32F4xx_HAL_Driver/Src/stm32f4xx_hal.c.obj
LOAD CMakeFiles/Engineering_B_2023_C_Board.elf.dir/Drivers/STM32F4xx_HAL_Driver/Src/stm32f4xx_hal_can.c.obj
LOAD CMakeFiles/Engineering_B_2023_C_Board.elf.dir/Drivers/STM32F4xx_HAL_Driver/Src/stm32f4xx_hal_cortex.c.obj
LOAD CMakeFiles/Engineering_B_2023_C_Board.elf.dir/Drivers/STM32F4xx_HAL_Driver/Src/stm32f4xx_hal_dma.c.obj
LOAD CMakeFiles/Engineering_B_2023_C_Board.elf.dir/Drivers/STM32F4xx_HAL_Driver/Src/stm32f4xx_hal_dma_ex.c.obj
LOAD CMakeFiles/Engineering_B_2023_C_Board.elf.dir/Drivers/STM32F4xx_HAL_Driver/Src/stm32f4xx_hal_exti.c.obj
LOAD CMakeFiles/Engineering_B_2023_C_Board.elf.dir/Drivers/STM32F4xx_HAL_Driver/Src/stm32f4xx_hal_flash.c.obj
LOAD CMakeFiles/Engineering_B_2023_C_Board.elf.dir/Drivers/STM32F4xx_HAL_Driver/Src/stm32f4xx_hal_flash_ex.c.obj
LOAD CMakeFiles/Engineering_B_2023_C_Board.elf.dir/Drivers/STM32F4xx_HAL_Driver/Src/stm32f4xx_hal_flash_ramfunc.c.obj
LOAD CMakeFiles/Engineering_B_2023_C_Board.elf.dir/Drivers/STM32F4xx_HAL_Driver/Src/stm32f4xx_hal_gpio.c.obj
LOAD CMakeFiles/Engineering_B_2023_C_Board.elf.dir/Drivers/STM32F4xx_HAL_Driver/Src/stm32f4xx_hal_pcd.c.obj
LOAD CMakeFiles/Engineering_B_2023_C_Board.elf.dir/Drivers/STM32F4xx_HAL_Driver/Src/stm32f4xx_hal_pcd_ex.c.obj
LOAD CMakeFiles/Engineering_B_2023_C_Board.elf.dir/Drivers/STM32F4xx_HAL_Driver/Src/stm32f4xx_hal_pwr.c.obj
LOAD CMakeFiles/Engineering_B_2023_C_Board.elf.dir/Drivers/STM32F4xx_HAL_Driver/Src/stm32f4xx_hal_pwr_ex.c.obj
LOAD CMakeFiles/Engineering_B_2023_C_Board.elf.dir/Drivers/STM32F4xx_HAL_Driver/Src/stm32f4xx_hal_rcc.c.obj
LOAD CMakeFiles/Engineering_B_2023_C_Board.elf.dir/Drivers/STM32F4xx_HAL_Driver/Src/stm32f4xx_hal_rcc_ex.c.obj
LOAD CMakeFiles/Engineering_B_2023_C_Board.elf.dir/Drivers/STM32F4xx_HAL_Driver/Src/stm32f4xx_hal_tim.c.obj
LOAD CMakeFiles/Engineering_B_2023_C_Board.elf.dir/Drivers/STM32F4xx_HAL_Driver/Src/stm32f4xx_hal_tim_ex.c.obj
LOAD CMakeFiles/Engineering_B_2023_C_Board.elf.dir/Drivers/STM32F4xx_HAL_Driver/Src/stm32f4xx_hal_uart.c.obj
LOAD CMakeFiles/Engineering_B_2023_C_Board.elf.dir/Drivers/STM32F4xx_HAL_Driver/Src/stm32f4xx_ll_usb.c.obj
LOAD CMakeFiles/Engineering_B_2023_C_Board.elf.dir/Middlewares/ST/STM32_USB_Device_Library/Class/CDC/Src/usbd_cdc.c.obj
LOAD CMakeFiles/Engineering_B_2023_C_Board.elf.dir/Middlewares/ST/STM32_USB_Device_Library/Core/Src/usbd_core.c.obj
LOAD CMakeFiles/Engineering_B_2023_C_Board.elf.dir/Middlewares/ST/STM32_USB_Device_Library/Core/Src/usbd_ctlreq.c.obj
LOAD CMakeFiles/Engineering_B_2023_C_Board.elf.dir/Middlewares/ST/STM32_USB_Device_Library/Core/Src/usbd_ioreq.c.obj
LOAD CMakeFiles/Engineering_B_2023_C_Board.elf.dir/Middlewares/Third_Party/FreeRTOS/Source/CMSIS_RTOS/cmsis_os.c.obj
LOAD CMakeFiles/Engineering_B_2023_C_Board.elf.dir/Middlewares/Third_Party/FreeRTOS/Source/croutine.c.obj
LOAD CMakeFiles/Engineering_B_2023_C_Board.elf.dir/Middlewares/Third_Party/FreeRTOS/Source/event_groups.c.obj
LOAD CMakeFiles/Engineering_B_2023_C_Board.elf.dir/Middlewares/Third_Party/FreeRTOS/Source/list.c.obj
LOAD CMakeFiles/Engineering_B_2023_C_Board.elf.dir/Middlewares/Third_Party/FreeRTOS/Source/portable/GCC/ARM_CM4F/port.c.obj
LOAD CMakeFiles/Engineering_B_2023_C_Board.elf.dir/Middlewares/Third_Party/FreeRTOS/Source/portable/MemMang/heap_4.c.obj
LOAD CMakeFiles/Engineering_B_2023_C_Board.elf.dir/Middlewares/Third_Party/FreeRTOS/Source/queue.c.obj
LOAD CMakeFiles/Engineering_B_2023_C_Board.elf.dir/Middlewares/Third_Party/FreeRTOS/Source/stream_buffer.c.obj
LOAD CMakeFiles/Engineering_B_2023_C_Board.elf.dir/Middlewares/Third_Party/FreeRTOS/Source/tasks.c.obj
LOAD CMakeFiles/Engineering_B_2023_C_Board.elf.dir/Middlewares/Third_Party/FreeRTOS/Source/timers.c.obj
LOAD CMakeFiles/Engineering_B_2023_C_Board.elf.dir/USB_DEVICE/App/usb_device.c.obj
LOAD CMakeFiles/Engineering_B_2023_C_Board.elf.dir/USB_DEVICE/App/usbd_cdc_if.c.obj
LOAD CMakeFiles/Engineering_B_2023_C_Board.elf.dir/USB_DEVICE/App/usbd_desc.c.obj
LOAD CMakeFiles/Engineering_B_2023_C_Board.elf.dir/USB_DEVICE/Target/usbd_conf.c.obj
START GROUP
LOAD e:/application/10 2021.10/bin/../lib/gcc/arm-none-eabi/10.3.1/thumb/v7e-m+fp/hard\libgcc.a
LOAD e:/application/10 2021.10/bin/../lib/gcc/arm-none-eabi/10.3.1/../../../../arm-none-eabi/lib/thumb/v7e-m+fp/hard\libg.a
LOAD e:/application/10 2021.10/bin/../lib/gcc/arm-none-eabi/10.3.1/../../../../arm-none-eabi/lib/thumb/v7e-m+fp/hard\libc.a
END GROUP
LOAD e:/application/10 2021.10/bin/../lib/gcc/arm-none-eabi/10.3.1/thumb/v7e-m+fp/hard/crtend.o
LOAD e:/application/10 2021.10/bin/../lib/gcc/arm-none-eabi/10.3.1/thumb/v7e-m+fp/hard/crtn.o
                0x20020000                _estack = (ORIGIN (RAM) + LENGTH (RAM))
                0x00000200                _Min_Heap_Size = 0x200
                0x00000400                _Min_Stack_Size = 0x400

.isr_vector     0x08000000      0x188
                0x08000000                . = ALIGN (0x4)
 *(.isr_vector)
 .isr_vector    0x08000000      0x188 CMakeFiles/Engineering_B_2023_C_Board.elf.dir/Core/Startup/startup_stm32f407ighx.s.obj
                0x08000000                g_pfnVectors
                0x08000188                . = ALIGN (0x4)

.text           0x08000190     0x6a68
                0x08000190                . = ALIGN (0x4)
 *(.text)
 .text          0x08000190       0x40 e:/application/10 2021.10/bin/../lib/gcc/arm-none-eabi/10.3.1/thumb/v7e-m+fp/hard/crtbegin.o
 .text          0x080001d0       0x30 e:/application/10 2021.10/bin/../lib/gcc/arm-none-eabi/10.3.1/thumb/v7e-m+fp/hard\libgcc.a(_aeabi_uldivmod.o)
                0x080001d0                __aeabi_uldivmod
 .text          0x08000200      0x2d0 e:/application/10 2021.10/bin/../lib/gcc/arm-none-eabi/10.3.1/thumb/v7e-m+fp/hard\libgcc.a(_udivmoddi4.o)
                0x08000200                __udivmoddi4
 .text          0x080004d0        0x4 e:/application/10 2021.10/bin/../lib/gcc/arm-none-eabi/10.3.1/thumb/v7e-m+fp/hard\libgcc.a(_dvmd_tls.o)
                0x080004d0                __aeabi_idiv0
                0x080004d0                __aeabi_ldiv0
 *(.text*)
 .text.MX_CAN1_Init
                0x080004d4       0x40 CMakeFiles/Engineering_B_2023_C_Board.elf.dir/Core/Src/can.c.obj
                0x080004d4                MX_CAN1_Init
 .text.MX_CAN2_Init
                0x08000514       0x44 CMakeFiles/Engineering_B_2023_C_Board.elf.dir/Core/Src/can.c.obj
                0x08000514                MX_CAN2_Init
 .text.HAL_CAN_MspInit
                0x08000558      0x140 CMakeFiles/Engineering_B_2023_C_Board.elf.dir/Core/Src/can.c.obj
                0x08000558                HAL_CAN_MspInit
 .text.MX_DMA_Init
                0x08000698       0x34 CMakeFiles/Engineering_B_2023_C_Board.elf.dir/Core/Src/dma.c.obj
                0x08000698                MX_DMA_Init
 .text.StartDefaultTask
                0x080006cc        0xe CMakeFiles/Engineering_B_2023_C_Board.elf.dir/Core/Src/freertos.c.obj
                0x080006cc                StartDefaultTask
 *fill*         0x080006da        0x2 
 .text.vApplicationGetIdleTaskMemory
                0x080006dc       0x18 CMakeFiles/Engineering_B_2023_C_Board.elf.dir/Core/Src/freertos.c.obj
                0x080006dc                vApplicationGetIdleTaskMemory
 .text.MX_FREERTOS_Init
                0x080006f4       0x30 CMakeFiles/Engineering_B_2023_C_Board.elf.dir/Core/Src/freertos.c.obj
                0x080006f4                MX_FREERTOS_Init
 .text.MX_GPIO_Init
                0x08000724       0xbc CMakeFiles/Engineering_B_2023_C_Board.elf.dir/Core/Src/gpio.c.obj
                0x08000724                MX_GPIO_Init
 .text.HAL_TIM_PeriodElapsedCallback
                0x080007e0       0x12 CMakeFiles/Engineering_B_2023_C_Board.elf.dir/Core/Src/main.c.obj
                0x080007e0                HAL_TIM_PeriodElapsedCallback
 .text.Error_Handler
                0x080007f2        0x4 CMakeFiles/Engineering_B_2023_C_Board.elf.dir/Core/Src/main.c.obj
                0x080007f2                Error_Handler
 *fill*         0x080007f6        0x2 
 .text.SystemClock_Config
                0x080007f8       0xa8 CMakeFiles/Engineering_B_2023_C_Board.elf.dir/Core/Src/main.c.obj
                0x080007f8                SystemClock_Config
 .text.main     0x080008a0       0x30 CMakeFiles/Engineering_B_2023_C_Board.elf.dir/Core/Src/main.c.obj
                0x080008a0                main
 .text.HAL_MspInit
                0x080008d0       0x44 CMakeFiles/Engineering_B_2023_C_Board.elf.dir/Core/Src/stm32f4xx_hal_msp.c.obj
                0x080008d0                HAL_MspInit
 .text.HAL_InitTick
                0x08000914       0xa4 CMakeFiles/Engineering_B_2023_C_Board.elf.dir/Core/Src/stm32f4xx_hal_timebase_tim.c.obj
                0x08000914                HAL_InitTick
 .text.NMI_Handler
                0x080009b8        0x2 CMakeFiles/Engineering_B_2023_C_Board.elf.dir/Core/Src/stm32f4xx_it.c.obj
                0x080009b8                NMI_Handler
 .text.HardFault_Handler
                0x080009ba        0x2 CMakeFiles/Engineering_B_2023_C_Board.elf.dir/Core/Src/stm32f4xx_it.c.obj
                0x080009ba                HardFault_Handler
 .text.MemManage_Handler
                0x080009bc        0x2 CMakeFiles/Engineering_B_2023_C_Board.elf.dir/Core/Src/stm32f4xx_it.c.obj
                0x080009bc                MemManage_Handler
 .text.BusFault_Handler
                0x080009be        0x2 CMakeFiles/Engineering_B_2023_C_Board.elf.dir/Core/Src/stm32f4xx_it.c.obj
                0x080009be                BusFault_Handler
 .text.UsageFault_Handler
                0x080009c0        0x2 CMakeFiles/Engineering_B_2023_C_Board.elf.dir/Core/Src/stm32f4xx_it.c.obj
                0x080009c0                UsageFault_Handler
 .text.DebugMon_Handler
                0x080009c2        0x2 CMakeFiles/Engineering_B_2023_C_Board.elf.dir/Core/Src/stm32f4xx_it.c.obj
                0x080009c2                DebugMon_Handler
 .text.DMA1_Stream1_IRQHandler
                0x080009c4       0x10 CMakeFiles/Engineering_B_2023_C_Board.elf.dir/Core/Src/stm32f4xx_it.c.obj
                0x080009c4                DMA1_Stream1_IRQHandler
 .text.CAN1_TX_IRQHandler
                0x080009d4       0x10 CMakeFiles/Engineering_B_2023_C_Board.elf.dir/Core/Src/stm32f4xx_it.c.obj
                0x080009d4                CAN1_TX_IRQHandler
 .text.CAN1_RX0_IRQHandler
                0x080009e4       0x10 CMakeFiles/Engineering_B_2023_C_Board.elf.dir/Core/Src/stm32f4xx_it.c.obj
                0x080009e4                CAN1_RX0_IRQHandler
 .text.TIM2_IRQHandler
                0x080009f4       0x10 CMakeFiles/Engineering_B_2023_C_Board.elf.dir/Core/Src/stm32f4xx_it.c.obj
                0x080009f4                TIM2_IRQHandler
 .text.USART3_IRQHandler
                0x08000a04       0x10 CMakeFiles/Engineering_B_2023_C_Board.elf.dir/Core/Src/stm32f4xx_it.c.obj
                0x08000a04                USART3_IRQHandler
 .text.CAN2_TX_IRQHandler
                0x08000a14       0x10 CMakeFiles/Engineering_B_2023_C_Board.elf.dir/Core/Src/stm32f4xx_it.c.obj
                0x08000a14                CAN2_TX_IRQHandler
 .text.CAN2_RX0_IRQHandler
                0x08000a24       0x10 CMakeFiles/Engineering_B_2023_C_Board.elf.dir/Core/Src/stm32f4xx_it.c.obj
                0x08000a24                CAN2_RX0_IRQHandler
 .text.OTG_FS_IRQHandler
                0x08000a34       0x10 CMakeFiles/Engineering_B_2023_C_Board.elf.dir/Core/Src/stm32f4xx_it.c.obj
                0x08000a34                OTG_FS_IRQHandler
 .text.SystemInit
                0x08000a44       0x14 CMakeFiles/Engineering_B_2023_C_Board.elf.dir/Core/Src/system_stm32f4xx.c.obj
                0x08000a44                SystemInit
 .text.HAL_TIM_PWM_MspInit
                0x08000a58       0x30 CMakeFiles/Engineering_B_2023_C_Board.elf.dir/Core/Src/tim.c.obj
                0x08000a58                HAL_TIM_PWM_MspInit
 .text.HAL_TIM_Base_MspInit
                0x08000a88       0x30 CMakeFiles/Engineering_B_2023_C_Board.elf.dir/Core/Src/tim.c.obj
                0x08000a88                HAL_TIM_Base_MspInit
 .text.HAL_TIM_MspPostInit
                0x08000ab8       0x98 CMakeFiles/Engineering_B_2023_C_Board.elf.dir/Core/Src/tim.c.obj
                0x08000ab8                HAL_TIM_MspPostInit
 .text.MX_TIM1_Init
                0x08000b50       0xbc CMakeFiles/Engineering_B_2023_C_Board.elf.dir/Core/Src/tim.c.obj
                0x08000b50                MX_TIM1_Init
 .text.MX_TIM4_Init
                0x08000c0c       0xac CMakeFiles/Engineering_B_2023_C_Board.elf.dir/Core/Src/tim.c.obj
                0x08000c0c                MX_TIM4_Init
 .text.MX_USART3_UART_Init
                0x08000cb8       0x3c CMakeFiles/Engineering_B_2023_C_Board.elf.dir/Core/Src/usart.c.obj
                0x08000cb8                MX_USART3_UART_Init
 .text.HAL_UART_MspInit
                0x08000cf4       0xc0 CMakeFiles/Engineering_B_2023_C_Board.elf.dir/Core/Src/usart.c.obj
                0x08000cf4                HAL_UART_MspInit
 .text.Reset_Handler
                0x08000db4       0x50 CMakeFiles/Engineering_B_2023_C_Board.elf.dir/Core/Startup/startup_stm32f407ighx.s.obj
                0x08000db4                Reset_Handler
 .text.Default_Handler
                0x08000e04        0x2 CMakeFiles/Engineering_B_2023_C_Board.elf.dir/Core/Startup/startup_stm32f407ighx.s.obj
                0x08000e04                RTC_Alarm_IRQHandler
                0x08000e04                HASH_RNG_IRQHandler
                0x08000e04                EXTI2_IRQHandler
                0x08000e04                TIM8_CC_IRQHandler
                0x08000e04                TIM1_CC_IRQHandler
                0x08000e04                DMA2_Stream5_IRQHandler
                0x08000e04                DMA1_Stream5_IRQHandler
                0x08000e04                PVD_IRQHandler
                0x08000e04                SDIO_IRQHandler
                0x08000e04                TAMP_STAMP_IRQHandler
                0x08000e04                CAN2_RX1_IRQHandler
                0x08000e04                EXTI3_IRQHandler
                0x08000e04                TIM8_TRG_COM_TIM14_IRQHandler
                0x08000e04                TIM1_UP_TIM10_IRQHandler
                0x08000e04                TIM8_UP_TIM13_IRQHandler
                0x08000e04                I2C3_ER_IRQHandler
                0x08000e04                EXTI0_IRQHandler
                0x08000e04                I2C2_EV_IRQHandler
                0x08000e04                DMA1_Stream2_IRQHandler
                0x08000e04                FPU_IRQHandler
                0x08000e04                OTG_HS_WKUP_IRQHandler
                0x08000e04                CAN2_SCE_IRQHandler
                0x08000e04                DMA2_Stream2_IRQHandler
                0x08000e04                SPI1_IRQHandler
                0x08000e04                TIM6_DAC_IRQHandler
                0x08000e04                TIM1_BRK_TIM9_IRQHandler
                0x08000e04                DCMI_IRQHandler
                0x08000e04                DMA2_Stream3_IRQHandler
                0x08000e04                USART6_IRQHandler
                0x08000e04                CAN1_RX1_IRQHandler
                0x08000e04                UART5_IRQHandler
                0x08000e04                DMA2_Stream0_IRQHandler
                0x08000e04                TIM4_IRQHandler
                0x08000e04                I2C1_EV_IRQHandler
                0x08000e04                DMA1_Stream6_IRQHandler
                0x08000e04                UART4_IRQHandler
                0x08000e04                TIM3_IRQHandler
                0x08000e04                RCC_IRQHandler
                0x08000e04                TIM8_BRK_TIM12_IRQHandler
                0x08000e04                Default_Handler
                0x08000e04                EXTI15_10_IRQHandler
                0x08000e04                ADC_IRQHandler
                0x08000e04                DMA1_Stream7_IRQHandler
                0x08000e04                TIM7_IRQHandler
                0x08000e04                TIM5_IRQHandler
                0x08000e04                DMA2_Stream7_IRQHandler
                0x08000e04                I2C3_EV_IRQHandler
                0x08000e04                EXTI9_5_IRQHandler
                0x08000e04                RTC_WKUP_IRQHandler
                0x08000e04                ETH_WKUP_IRQHandler
                0x08000e04                SPI2_IRQHandler
                0x08000e04                OTG_HS_EP1_IN_IRQHandler
                0x08000e04                DMA1_Stream0_IRQHandler
                0x08000e04                EXTI4_IRQHandler
                0x08000e04                FSMC_IRQHandler
                0x08000e04                ETH_IRQHandler
                0x08000e04                OTG_HS_EP1_OUT_IRQHandler
                0x08000e04                WWDG_IRQHandler
                0x08000e04                OTG_FS_WKUP_IRQHandler
                0x08000e04                TIM1_TRG_COM_TIM11_IRQHandler
                0x08000e04                OTG_HS_IRQHandler
                0x08000e04                EXTI1_IRQHandler
                0x08000e04                USART2_IRQHandler
                0x08000e04                I2C2_ER_IRQHandler
                0x08000e04                DMA2_Stream1_IRQHandler
                0x08000e04                CAN1_SCE_IRQHandler
                0x08000e04                FLASH_IRQHandler
                0x08000e04                DMA2_Stream4_IRQHandler
                0x08000e04                USART1_IRQHandler
                0x08000e04                SPI3_IRQHandler
                0x08000e04                DMA1_Stream4_IRQHandler
                0x08000e04                I2C1_ER_IRQHandler
                0x08000e04                DMA2_Stream6_IRQHandler
                0x08000e04                DMA1_Stream3_IRQHandler
 *fill*         0x08000e06        0x2 
 .text.HAL_Init
                0x08000e08       0x34 CMakeFiles/Engineering_B_2023_C_Board.elf.dir/Drivers/STM32F4xx_HAL_Driver/Src/stm32f4xx_hal.c.obj
                0x08000e08                HAL_Init
 .text.HAL_IncTick
                0x08000e3c       0x18 CMakeFiles/Engineering_B_2023_C_Board.elf.dir/Drivers/STM32F4xx_HAL_Driver/Src/stm32f4xx_hal.c.obj
                0x08000e3c                HAL_IncTick
 .text.HAL_GetTick
                0x08000e54        0xc CMakeFiles/Engineering_B_2023_C_Board.elf.dir/Drivers/STM32F4xx_HAL_Driver/Src/stm32f4xx_hal.c.obj
                0x08000e54                HAL_GetTick
 .text.HAL_Delay
                0x08000e60       0x28 CMakeFiles/Engineering_B_2023_C_Board.elf.dir/Drivers/STM32F4xx_HAL_Driver/Src/stm32f4xx_hal.c.obj
                0x08000e60                HAL_Delay
 .text.HAL_CAN_Init
                0x08000e88      0x14c CMakeFiles/Engineering_B_2023_C_Board.elf.dir/Drivers/STM32F4xx_HAL_Driver/Src/stm32f4xx_hal_can.c.obj
                0x08000e88                HAL_CAN_Init
 .text.HAL_CAN_TxMailbox0CompleteCallback
                0x08000fd4        0x2 CMakeFiles/Engineering_B_2023_C_Board.elf.dir/Drivers/STM32F4xx_HAL_Driver/Src/stm32f4xx_hal_can.c.obj
                0x08000fd4                HAL_CAN_TxMailbox0CompleteCallback
 .text.HAL_CAN_TxMailbox1CompleteCallback
                0x08000fd6        0x2 CMakeFiles/Engineering_B_2023_C_Board.elf.dir/Drivers/STM32F4xx_HAL_Driver/Src/stm32f4xx_hal_can.c.obj
                0x08000fd6                HAL_CAN_TxMailbox1CompleteCallback
 .text.HAL_CAN_TxMailbox2CompleteCallback
                0x08000fd8        0x2 CMakeFiles/Engineering_B_2023_C_Board.elf.dir/Drivers/STM32F4xx_HAL_Driver/Src/stm32f4xx_hal_can.c.obj
                0x08000fd8                HAL_CAN_TxMailbox2CompleteCallback
 .text.HAL_CAN_TxMailbox0AbortCallback
                0x08000fda        0x2 CMakeFiles/Engineering_B_2023_C_Board.elf.dir/Drivers/STM32F4xx_HAL_Driver/Src/stm32f4xx_hal_can.c.obj
                0x08000fda                HAL_CAN_TxMailbox0AbortCallback
 .text.HAL_CAN_TxMailbox1AbortCallback
                0x08000fdc        0x2 CMakeFiles/Engineering_B_2023_C_Board.elf.dir/Drivers/STM32F4xx_HAL_Driver/Src/stm32f4xx_hal_can.c.obj
                0x08000fdc                HAL_CAN_TxMailbox1AbortCallback
 .text.HAL_CAN_TxMailbox2AbortCallback
                0x08000fde        0x2 CMakeFiles/Engineering_B_2023_C_Board.elf.dir/Drivers/STM32F4xx_HAL_Driver/Src/stm32f4xx_hal_can.c.obj
                0x08000fde                HAL_CAN_TxMailbox2AbortCallback
 .text.HAL_CAN_RxFifo0MsgPendingCallback
                0x08000fe0        0x2 CMakeFiles/Engineering_B_2023_C_Board.elf.dir/Drivers/STM32F4xx_HAL_Driver/Src/stm32f4xx_hal_can.c.obj
                0x08000fe0                HAL_CAN_RxFifo0MsgPendingCallback
 .text.HAL_CAN_RxFifo0FullCallback
                0x08000fe2        0x2 CMakeFiles/Engineering_B_2023_C_Board.elf.dir/Drivers/STM32F4xx_HAL_Driver/Src/stm32f4xx_hal_can.c.obj
                0x08000fe2                HAL_CAN_RxFifo0FullCallback
 .text.HAL_CAN_RxFifo1MsgPendingCallback
                0x08000fe4        0x2 CMakeFiles/Engineering_B_2023_C_Board.elf.dir/Drivers/STM32F4xx_HAL_Driver/Src/stm32f4xx_hal_can.c.obj
                0x08000fe4                HAL_CAN_RxFifo1MsgPendingCallback
 .text.HAL_CAN_RxFifo1FullCallback
                0x08000fe6        0x2 CMakeFiles/Engineering_B_2023_C_Board.elf.dir/Drivers/STM32F4xx_HAL_Driver/Src/stm32f4xx_hal_can.c.obj
                0x08000fe6                HAL_CAN_RxFifo1FullCallback
 .text.HAL_CAN_SleepCallback
                0x08000fe8        0x2 CMakeFiles/Engineering_B_2023_C_Board.elf.dir/Drivers/STM32F4xx_HAL_Driver/Src/stm32f4xx_hal_can.c.obj
                0x08000fe8                HAL_CAN_SleepCallback
 .text.HAL_CAN_WakeUpFromRxMsgCallback
                0x08000fea        0x2 CMakeFiles/Engineering_B_2023_C_Board.elf.dir/Drivers/STM32F4xx_HAL_Driver/Src/stm32f4xx_hal_can.c.obj
                0x08000fea                HAL_CAN_WakeUpFromRxMsgCallback
 .text.HAL_CAN_ErrorCallback
                0x08000fec        0x2 CMakeFiles/Engineering_B_2023_C_Board.elf.dir/Drivers/STM32F4xx_HAL_Driver/Src/stm32f4xx_hal_can.c.obj
                0x08000fec                HAL_CAN_ErrorCallback
 .text.HAL_CAN_IRQHandler
                0x08000fee      0x24a CMakeFiles/Engineering_B_2023_C_Board.elf.dir/Drivers/STM32F4xx_HAL_Driver/Src/stm32f4xx_hal_can.c.obj
                0x08000fee                HAL_CAN_IRQHandler
 .text.HAL_NVIC_SetPriorityGrouping
                0x08001238       0x24 CMakeFiles/Engineering_B_2023_C_Board.elf.dir/Drivers/STM32F4xx_HAL_Driver/Src/stm32f4xx_hal_cortex.c.obj
                0x08001238                HAL_NVIC_SetPriorityGrouping
 .text.HAL_NVIC_SetPriority
                0x0800125c       0x70 CMakeFiles/Engineering_B_2023_C_Board.elf.dir/Drivers/STM32F4xx_HAL_Driver/Src/stm32f4xx_hal_cortex.c.obj
                0x0800125c                HAL_NVIC_SetPriority
 .text.HAL_NVIC_EnableIRQ
                0x080012cc       0x1c CMakeFiles/Engineering_B_2023_C_Board.elf.dir/Drivers/STM32F4xx_HAL_Driver/Src/stm32f4xx_hal_cortex.c.obj
                0x080012cc                HAL_NVIC_EnableIRQ
 .text.DMA_CalcBaseAndBitshift
                0x080012e8       0x44 CMakeFiles/Engineering_B_2023_C_Board.elf.dir/Drivers/STM32F4xx_HAL_Driver/Src/stm32f4xx_hal_dma.c.obj
 .text.DMA_CheckFifoParam
                0x0800132c       0x8e CMakeFiles/Engineering_B_2023_C_Board.elf.dir/Drivers/STM32F4xx_HAL_Driver/Src/stm32f4xx_hal_dma.c.obj
 *fill*         0x080013ba        0x2 
 .text.HAL_DMA_Init
                0x080013bc       0xcc CMakeFiles/Engineering_B_2023_C_Board.elf.dir/Drivers/STM32F4xx_HAL_Driver/Src/stm32f4xx_hal_dma.c.obj
                0x080013bc                HAL_DMA_Init
 .text.HAL_DMA_Abort
                0x08001488       0x94 CMakeFiles/Engineering_B_2023_C_Board.elf.dir/Drivers/STM32F4xx_HAL_Driver/Src/stm32f4xx_hal_dma.c.obj
                0x08001488                HAL_DMA_Abort
 .text.HAL_DMA_Abort_IT
                0x0800151c       0x26 CMakeFiles/Engineering_B_2023_C_Board.elf.dir/Drivers/STM32F4xx_HAL_Driver/Src/stm32f4xx_hal_dma.c.obj
                0x0800151c                HAL_DMA_Abort_IT
 *fill*         0x08001542        0x2 
 .text.HAL_DMA_IRQHandler
                0x08001544      0x1dc CMakeFiles/Engineering_B_2023_C_Board.elf.dir/Drivers/STM32F4xx_HAL_Driver/Src/stm32f4xx_hal_dma.c.obj
                0x08001544                HAL_DMA_IRQHandler
 .text.HAL_GPIO_Init
                0x08001720      0x1e4 CMakeFiles/Engineering_B_2023_C_Board.elf.dir/Drivers/STM32F4xx_HAL_Driver/Src/stm32f4xx_hal_gpio.c.obj
                0x08001720                HAL_GPIO_Init
 .text.HAL_GPIO_WritePin
                0x08001904        0xc CMakeFiles/Engineering_B_2023_C_Board.elf.dir/Drivers/STM32F4xx_HAL_Driver/Src/stm32f4xx_hal_gpio.c.obj
                0x08001904                HAL_GPIO_WritePin
 .text.PCD_WriteEmptyTxFifo
                0x08001910       0xd0 CMakeFiles/Engineering_B_2023_C_Board.elf.dir/Drivers/STM32F4xx_HAL_Driver/Src/stm32f4xx_hal_pcd.c.obj
 .text.HAL_PCD_Init
                0x080019e0      0x12e CMakeFiles/Engineering_B_2023_C_Board.elf.dir/Drivers/STM32F4xx_HAL_Driver/Src/stm32f4xx_hal_pcd.c.obj
                0x080019e0                HAL_PCD_Init
 .text.HAL_PCD_Start
                0x08001b0e       0x42 CMakeFiles/Engineering_B_2023_C_Board.elf.dir/Drivers/STM32F4xx_HAL_Driver/Src/stm32f4xx_hal_pcd.c.obj
                0x08001b0e                HAL_PCD_Start
 .text.PCD_EP_OutXfrComplete_int
                0x08001b50      0x104 CMakeFiles/Engineering_B_2023_C_Board.elf.dir/Drivers/STM32F4xx_HAL_Driver/Src/stm32f4xx_hal_pcd.c.obj
 .text.PCD_EP_OutSetupPacket_int
                0x08001c54       0x50 CMakeFiles/Engineering_B_2023_C_Board.elf.dir/Drivers/STM32F4xx_HAL_Driver/Src/stm32f4xx_hal_pcd.c.obj
 .text.HAL_PCD_SetAddress
                0x08001ca4       0x28 CMakeFiles/Engineering_B_2023_C_Board.elf.dir/Drivers/STM32F4xx_HAL_Driver/Src/stm32f4xx_hal_pcd.c.obj
                0x08001ca4                HAL_PCD_SetAddress
 .text.HAL_PCD_EP_Open
                0x08001ccc       0x8a CMakeFiles/Engineering_B_2023_C_Board.elf.dir/Drivers/STM32F4xx_HAL_Driver/Src/stm32f4xx_hal_pcd.c.obj
                0x08001ccc                HAL_PCD_EP_Open
 .text.HAL_PCD_EP_Close
                0x08001d56       0x72 CMakeFiles/Engineering_B_2023_C_Board.elf.dir/Drivers/STM32F4xx_HAL_Driver/Src/stm32f4xx_hal_pcd.c.obj
                0x08001d56                HAL_PCD_EP_Close
 .text.HAL_PCD_EP_Receive
                0x08001dc8       0x5e CMakeFiles/Engineering_B_2023_C_Board.elf.dir/Drivers/STM32F4xx_HAL_Driver/Src/stm32f4xx_hal_pcd.c.obj
                0x08001dc8                HAL_PCD_EP_Receive
 .text.HAL_PCD_EP_GetRxCount
                0x08001e26       0x12 CMakeFiles/Engineering_B_2023_C_Board.elf.dir/Drivers/STM32F4xx_HAL_Driver/Src/stm32f4xx_hal_pcd.c.obj
                0x08001e26                HAL_PCD_EP_GetRxCount
 .text.HAL_PCD_EP_Transmit
                0x08001e38       0x5e CMakeFiles/Engineering_B_2023_C_Board.elf.dir/Drivers/STM32F4xx_HAL_Driver/Src/stm32f4xx_hal_pcd.c.obj
                0x08001e38                HAL_PCD_EP_Transmit
 .text.HAL_PCD_EP_SetStall
                0x08001e96       0x88 CMakeFiles/Engineering_B_2023_C_Board.elf.dir/Drivers/STM32F4xx_HAL_Driver/Src/stm32f4xx_hal_pcd.c.obj
                0x08001e96                HAL_PCD_EP_SetStall
 .text.HAL_PCD_EP_ClrStall
                0x08001f1e       0x76 CMakeFiles/Engineering_B_2023_C_Board.elf.dir/Drivers/STM32F4xx_HAL_Driver/Src/stm32f4xx_hal_pcd.c.obj
                0x08001f1e                HAL_PCD_EP_ClrStall
 .text.HAL_PCD_EP_Abort
                0x08001f94       0x34 CMakeFiles/Engineering_B_2023_C_Board.elf.dir/Drivers/STM32F4xx_HAL_Driver/Src/stm32f4xx_hal_pcd.c.obj
                0x08001f94                HAL_PCD_EP_Abort
 .text.HAL_PCD_IRQHandler
                0x08001fc8      0x5c4 CMakeFiles/Engineering_B_2023_C_Board.elf.dir/Drivers/STM32F4xx_HAL_Driver/Src/stm32f4xx_hal_pcd.c.obj
                0x08001fc8                HAL_PCD_IRQHandler
 .text.HAL_PCDEx_SetTxFiFo
                0x0800258c       0x4c CMakeFiles/Engineering_B_2023_C_Board.elf.dir/Drivers/STM32F4xx_HAL_Driver/Src/stm32f4xx_hal_pcd_ex.c.obj
                0x0800258c                HAL_PCDEx_SetTxFiFo
 .text.HAL_PCDEx_SetRxFiFo
                0x080025d8        0x8 CMakeFiles/Engineering_B_2023_C_Board.elf.dir/Drivers/STM32F4xx_HAL_Driver/Src/stm32f4xx_hal_pcd_ex.c.obj
                0x080025d8                HAL_PCDEx_SetRxFiFo
 .text.HAL_PCDEx_LPM_Callback
                0x080025e0        0x2 CMakeFiles/Engineering_B_2023_C_Board.elf.dir/Drivers/STM32F4xx_HAL_Driver/Src/stm32f4xx_hal_pcd_ex.c.obj
                0x080025e0                HAL_PCDEx_LPM_Callback
 *fill*         0x080025e2        0x2 
 .text.HAL_RCC_OscConfig
                0x080025e4      0x3f8 CMakeFiles/Engineering_B_2023_C_Board.elf.dir/Drivers/STM32F4xx_HAL_Driver/Src/stm32f4xx_hal_rcc.c.obj
                0x080025e4                HAL_RCC_OscConfig
 .text.HAL_RCC_GetSysClockFreq
                0x080029dc       0xa4 CMakeFiles/Engineering_B_2023_C_Board.elf.dir/Drivers/STM32F4xx_HAL_Driver/Src/stm32f4xx_hal_rcc.c.obj
                0x080029dc                HAL_RCC_GetSysClockFreq
 .text.HAL_RCC_ClockConfig
                0x08002a80      0x160 CMakeFiles/Engineering_B_2023_C_Board.elf.dir/Drivers/STM32F4xx_HAL_Driver/Src/stm32f4xx_hal_rcc.c.obj
                0x08002a80                HAL_RCC_ClockConfig
 .text.HAL_RCC_GetHCLKFreq
                0x08002be0        0xc CMakeFiles/Engineering_B_2023_C_Board.elf.dir/Drivers/STM32F4xx_HAL_Driver/Src/stm32f4xx_hal_rcc.c.obj
                0x08002be0                HAL_RCC_GetHCLKFreq
 .text.HAL_RCC_GetPCLK1Freq
                0x08002bec       0x20 CMakeFiles/Engineering_B_2023_C_Board.elf.dir/Drivers/STM32F4xx_HAL_Driver/Src/stm32f4xx_hal_rcc.c.obj
                0x08002bec                HAL_RCC_GetPCLK1Freq
 .text.HAL_RCC_GetPCLK2Freq
                0x08002c0c       0x20 CMakeFiles/Engineering_B_2023_C_Board.elf.dir/Drivers/STM32F4xx_HAL_Driver/Src/stm32f4xx_hal_rcc.c.obj
                0x08002c0c                HAL_RCC_GetPCLK2Freq
 .text.HAL_RCC_GetClockConfig
                0x08002c2c       0x3c CMakeFiles/Engineering_B_2023_C_Board.elf.dir/Drivers/STM32F4xx_HAL_Driver/Src/stm32f4xx_hal_rcc.c.obj
                0x08002c2c                HAL_RCC_GetClockConfig
 .text.TIM_OC1_SetConfig
                0x08002c68       0x68 CMakeFiles/Engineering_B_2023_C_Board.elf.dir/Drivers/STM32F4xx_HAL_Driver/Src/stm32f4xx_hal_tim.c.obj
 .text.TIM_OC3_SetConfig
                0x08002cd0       0x70 CMakeFiles/Engineering_B_2023_C_Board.elf.dir/Drivers/STM32F4xx_HAL_Driver/Src/stm32f4xx_hal_tim.c.obj
 .text.TIM_OC4_SetConfig
                0x08002d40       0x50 CMakeFiles/Engineering_B_2023_C_Board.elf.dir/Drivers/STM32F4xx_HAL_Driver/Src/stm32f4xx_hal_tim.c.obj
 .text.TIM_TI1_ConfigInputStage
                0x08002d90       0x26 CMakeFiles/Engineering_B_2023_C_Board.elf.dir/Drivers/STM32F4xx_HAL_Driver/Src/stm32f4xx_hal_tim.c.obj
 .text.TIM_TI2_ConfigInputStage
                0x08002db6       0x28 CMakeFiles/Engineering_B_2023_C_Board.elf.dir/Drivers/STM32F4xx_HAL_Driver/Src/stm32f4xx_hal_tim.c.obj
 .text.TIM_ITRx_SetConfig
                0x08002dde       0x10 CMakeFiles/Engineering_B_2023_C_Board.elf.dir/Drivers/STM32F4xx_HAL_Driver/Src/stm32f4xx_hal_tim.c.obj
 *fill*         0x08002dee        0x2 
 .text.HAL_TIM_Base_Start_IT
                0x08002df0       0x88 CMakeFiles/Engineering_B_2023_C_Board.elf.dir/Drivers/STM32F4xx_HAL_Driver/Src/stm32f4xx_hal_tim.c.obj
                0x08002df0                HAL_TIM_Base_Start_IT
 .text.HAL_TIM_OC_DelayElapsedCallback
                0x08002e78        0x2 CMakeFiles/Engineering_B_2023_C_Board.elf.dir/Drivers/STM32F4xx_HAL_Driver/Src/stm32f4xx_hal_tim.c.obj
                0x08002e78                HAL_TIM_OC_DelayElapsedCallback
 .text.HAL_TIM_IC_CaptureCallback
                0x08002e7a        0x2 CMakeFiles/Engineering_B_2023_C_Board.elf.dir/Drivers/STM32F4xx_HAL_Driver/Src/stm32f4xx_hal_tim.c.obj
                0x08002e7a                HAL_TIM_IC_CaptureCallback
 .text.HAL_TIM_PWM_PulseFinishedCallback
                0x08002e7c        0x2 CMakeFiles/Engineering_B_2023_C_Board.elf.dir/Drivers/STM32F4xx_HAL_Driver/Src/stm32f4xx_hal_tim.c.obj
                0x08002e7c                HAL_TIM_PWM_PulseFinishedCallback
 .text.HAL_TIM_TriggerCallback
                0x08002e7e        0x2 CMakeFiles/Engineering_B_2023_C_Board.elf.dir/Drivers/STM32F4xx_HAL_Driver/Src/stm32f4xx_hal_tim.c.obj
                0x08002e7e                HAL_TIM_TriggerCallback
 .text.HAL_TIM_IRQHandler
                0x08002e80      0x17a CMakeFiles/Engineering_B_2023_C_Board.elf.dir/Drivers/STM32F4xx_HAL_Driver/Src/stm32f4xx_hal_tim.c.obj
                0x08002e80                HAL_TIM_IRQHandler
 *fill*         0x08002ffa        0x2 
 .text.TIM_Base_SetConfig
                0x08002ffc       0xc8 CMakeFiles/Engineering_B_2023_C_Board.elf.dir/Drivers/STM32F4xx_HAL_Driver/Src/stm32f4xx_hal_tim.c.obj
                0x08002ffc                TIM_Base_SetConfig
 .text.HAL_TIM_Base_Init
                0x080030c4       0x58 CMakeFiles/Engineering_B_2023_C_Board.elf.dir/Drivers/STM32F4xx_HAL_Driver/Src/stm32f4xx_hal_tim.c.obj
                0x080030c4                HAL_TIM_Base_Init
 .text.HAL_TIM_PWM_Init
                0x0800311c       0x58 CMakeFiles/Engineering_B_2023_C_Board.elf.dir/Drivers/STM32F4xx_HAL_Driver/Src/stm32f4xx_hal_tim.c.obj
                0x0800311c                HAL_TIM_PWM_Init
 .text.TIM_OC2_SetConfig
                0x08003174       0x70 CMakeFiles/Engineering_B_2023_C_Board.elf.dir/Drivers/STM32F4xx_HAL_Driver/Src/stm32f4xx_hal_tim.c.obj
                0x08003174                TIM_OC2_SetConfig
 .text.HAL_TIM_PWM_ConfigChannel
                0x080031e4       0xdc CMakeFiles/Engineering_B_2023_C_Board.elf.dir/Drivers/STM32F4xx_HAL_Driver/Src/stm32f4xx_hal_tim.c.obj
                0x080031e4                HAL_TIM_PWM_ConfigChannel
 .text.TIM_ETR_SetConfig
                0x080032c0       0x1a CMakeFiles/Engineering_B_2023_C_Board.elf.dir/Drivers/STM32F4xx_HAL_Driver/Src/stm32f4xx_hal_tim.c.obj
                0x080032c0                TIM_ETR_SetConfig
 .text.HAL_TIM_ConfigClockSource
                0x080032da       0xfe CMakeFiles/Engineering_B_2023_C_Board.elf.dir/Drivers/STM32F4xx_HAL_Driver/Src/stm32f4xx_hal_tim.c.obj
                0x080032da                HAL_TIM_ConfigClockSource
 .text.HAL_TIMEx_MasterConfigSynchronization
                0x080033d8       0x8c CMakeFiles/Engineering_B_2023_C_Board.elf.dir/Drivers/STM32F4xx_HAL_Driver/Src/stm32f4xx_hal_tim_ex.c.obj
                0x080033d8                HAL_TIMEx_MasterConfigSynchronization
 .text.HAL_TIMEx_ConfigBreakDeadTime
                0x08003464       0x52 CMakeFiles/Engineering_B_2023_C_Board.elf.dir/Drivers/STM32F4xx_HAL_Driver/Src/stm32f4xx_hal_tim_ex.c.obj
                0x08003464                HAL_TIMEx_ConfigBreakDeadTime
 .text.HAL_TIMEx_CommutCallback
                0x080034b6        0x2 CMakeFiles/Engineering_B_2023_C_Board.elf.dir/Drivers/STM32F4xx_HAL_Driver/Src/stm32f4xx_hal_tim_ex.c.obj
                0x080034b6                HAL_TIMEx_CommutCallback
 .text.HAL_TIMEx_BreakCallback
                0x080034b8        0x2 CMakeFiles/Engineering_B_2023_C_Board.elf.dir/Drivers/STM32F4xx_HAL_Driver/Src/stm32f4xx_hal_tim_ex.c.obj
                0x080034b8                HAL_TIMEx_BreakCallback
 .text.UART_EndRxTransfer
                0x080034ba       0x5c CMakeFiles/Engineering_B_2023_C_Board.elf.dir/Drivers/STM32F4xx_HAL_Driver/Src/stm32f4xx_hal_uart.c.obj
 .text.UART_Transmit_IT
                0x08003516       0x60 CMakeFiles/Engineering_B_2023_C_Board.elf.dir/Drivers/STM32F4xx_HAL_Driver/Src/stm32f4xx_hal_uart.c.obj
 *fill*         0x08003576        0x2 
 .text.UART_SetConfig
                0x08003578      0x110 CMakeFiles/Engineering_B_2023_C_Board.elf.dir/Drivers/STM32F4xx_HAL_Driver/Src/stm32f4xx_hal_uart.c.obj
 .text.HAL_UART_Init
                0x08003688       0x5e CMakeFiles/Engineering_B_2023_C_Board.elf.dir/Drivers/STM32F4xx_HAL_Driver/Src/stm32f4xx_hal_uart.c.obj
                0x08003688                HAL_UART_Init
 .text.HAL_UART_TxCpltCallback
                0x080036e6        0x2 CMakeFiles/Engineering_B_2023_C_Board.elf.dir/Drivers/STM32F4xx_HAL_Driver/Src/stm32f4xx_hal_uart.c.obj
                0x080036e6                HAL_UART_TxCpltCallback
 .text.UART_EndTransmit_IT
                0x080036e8       0x1a CMakeFiles/Engineering_B_2023_C_Board.elf.dir/Drivers/STM32F4xx_HAL_Driver/Src/stm32f4xx_hal_uart.c.obj
 .text.HAL_UART_RxCpltCallback
                0x08003702        0x2 CMakeFiles/Engineering_B_2023_C_Board.elf.dir/Drivers/STM32F4xx_HAL_Driver/Src/stm32f4xx_hal_uart.c.obj
                0x08003702                HAL_UART_RxCpltCallback
 .text.HAL_UART_ErrorCallback
                0x08003704        0x2 CMakeFiles/Engineering_B_2023_C_Board.elf.dir/Drivers/STM32F4xx_HAL_Driver/Src/stm32f4xx_hal_uart.c.obj
                0x08003704                HAL_UART_ErrorCallback
 .text.UART_DMAAbortOnError
                0x08003706       0x10 CMakeFiles/Engineering_B_2023_C_Board.elf.dir/Drivers/STM32F4xx_HAL_Driver/Src/stm32f4xx_hal_uart.c.obj
 .text.HAL_UARTEx_RxEventCallback
                0x08003716        0x2 CMakeFiles/Engineering_B_2023_C_Board.elf.dir/Drivers/STM32F4xx_HAL_Driver/Src/stm32f4xx_hal_uart.c.obj
                0x08003716                HAL_UARTEx_RxEventCallback
 .text.UART_Receive_IT
                0x08003718       0xe2 CMakeFiles/Engineering_B_2023_C_Board.elf.dir/Drivers/STM32F4xx_HAL_Driver/Src/stm32f4xx_hal_uart.c.obj
 *fill*         0x080037fa        0x2 
 .text.HAL_UART_IRQHandler
                0x080037fc      0x280 CMakeFiles/Engineering_B_2023_C_Board.elf.dir/Drivers/STM32F4xx_HAL_Driver/Src/stm32f4xx_hal_uart.c.obj
                0x080037fc                HAL_UART_IRQHandler
 .text.USB_CoreReset
                0x08003a7c       0x50 CMakeFiles/Engineering_B_2023_C_Board.elf.dir/Drivers/STM32F4xx_HAL_Driver/Src/stm32f4xx_ll_usb.c.obj
 .text.USB_CoreInit
                0x08003acc       0x8a CMakeFiles/Engineering_B_2023_C_Board.elf.dir/Drivers/STM32F4xx_HAL_Driver/Src/stm32f4xx_ll_usb.c.obj
                0x08003acc                USB_CoreInit
 *fill*         0x08003b56        0x2 
 .text.USB_SetTurnaroundTime
                0x08003b58       0xe4 CMakeFiles/Engineering_B_2023_C_Board.elf.dir/Drivers/STM32F4xx_HAL_Driver/Src/stm32f4xx_ll_usb.c.obj
                0x08003b58                USB_SetTurnaroundTime
 .text.USB_EnableGlobalInt
                0x08003c3c        0xc CMakeFiles/Engineering_B_2023_C_Board.elf.dir/Drivers/STM32F4xx_HAL_Driver/Src/stm32f4xx_ll_usb.c.obj
                0x08003c3c                USB_EnableGlobalInt
 .text.USB_DisableGlobalInt
                0x08003c48        0xc CMakeFiles/Engineering_B_2023_C_Board.elf.dir/Drivers/STM32F4xx_HAL_Driver/Src/stm32f4xx_ll_usb.c.obj
                0x08003c48                USB_DisableGlobalInt
 .text.USB_FlushTxFifo
                0x08003c54       0x50 CMakeFiles/Engineering_B_2023_C_Board.elf.dir/Drivers/STM32F4xx_HAL_Driver/Src/stm32f4xx_ll_usb.c.obj
                0x08003c54                USB_FlushTxFifo
 .text.USB_FlushRxFifo
                0x08003ca4       0x4c CMakeFiles/Engineering_B_2023_C_Board.elf.dir/Drivers/STM32F4xx_HAL_Driver/Src/stm32f4xx_ll_usb.c.obj
                0x08003ca4                USB_FlushRxFifo
 .text.USB_SetDevSpeed
                0x08003cf0        0xe CMakeFiles/Engineering_B_2023_C_Board.elf.dir/Drivers/STM32F4xx_HAL_Driver/Src/stm32f4xx_ll_usb.c.obj
                0x08003cf0                USB_SetDevSpeed
 *fill*         0x08003cfe        0x2 
 .text.USB_DevInit
                0x08003d00      0x190 CMakeFiles/Engineering_B_2023_C_Board.elf.dir/Drivers/STM32F4xx_HAL_Driver/Src/stm32f4xx_ll_usb.c.obj
                0x08003d00                USB_DevInit
 .text.USB_GetDevSpeed
                0x08003e90       0x22 CMakeFiles/Engineering_B_2023_C_Board.elf.dir/Drivers/STM32F4xx_HAL_Driver/Src/stm32f4xx_ll_usb.c.obj
                0x08003e90                USB_GetDevSpeed
 .text.USB_ActivateEndpoint
                0x08003eb2       0x9c CMakeFiles/Engineering_B_2023_C_Board.elf.dir/Drivers/STM32F4xx_HAL_Driver/Src/stm32f4xx_ll_usb.c.obj
                0x08003eb2                USB_ActivateEndpoint
 *fill*         0x08003f4e        0x2 
 .text.USB_DeactivateEndpoint
                0x08003f50       0xe0 CMakeFiles/Engineering_B_2023_C_Board.elf.dir/Drivers/STM32F4xx_HAL_Driver/Src/stm32f4xx_ll_usb.c.obj
                0x08003f50                USB_DeactivateEndpoint
 .text.USB_EP0StartXfer
                0x08004030      0x124 CMakeFiles/Engineering_B_2023_C_Board.elf.dir/Drivers/STM32F4xx_HAL_Driver/Src/stm32f4xx_ll_usb.c.obj
                0x08004030                USB_EP0StartXfer
 .text.USB_EPStopXfer
                0x08004154       0xbe CMakeFiles/Engineering_B_2023_C_Board.elf.dir/Drivers/STM32F4xx_HAL_Driver/Src/stm32f4xx_ll_usb.c.obj
                0x08004154                USB_EPStopXfer
 .text.USB_WritePacket
                0x08004212       0x2e CMakeFiles/Engineering_B_2023_C_Board.elf.dir/Drivers/STM32F4xx_HAL_Driver/Src/stm32f4xx_ll_usb.c.obj
                0x08004212                USB_WritePacket
 .text.USB_EPStartXfer
                0x08004240      0x234 CMakeFiles/Engineering_B_2023_C_Board.elf.dir/Drivers/STM32F4xx_HAL_Driver/Src/stm32f4xx_ll_usb.c.obj
                0x08004240                USB_EPStartXfer
 .text.USB_ReadPacket
                0x08004474       0x54 CMakeFiles/Engineering_B_2023_C_Board.elf.dir/Drivers/STM32F4xx_HAL_Driver/Src/stm32f4xx_ll_usb.c.obj
                0x08004474                USB_ReadPacket
 .text.USB_EPSetStall
                0x080044c8       0x5a CMakeFiles/Engineering_B_2023_C_Board.elf.dir/Drivers/STM32F4xx_HAL_Driver/Src/stm32f4xx_ll_usb.c.obj
                0x080044c8                USB_EPSetStall
 .text.USB_EPClearStall
                0x08004522       0x5c CMakeFiles/Engineering_B_2023_C_Board.elf.dir/Drivers/STM32F4xx_HAL_Driver/Src/stm32f4xx_ll_usb.c.obj
                0x08004522                USB_EPClearStall
 .text.USB_SetDevAddress
                0x0800457e       0x20 CMakeFiles/Engineering_B_2023_C_Board.elf.dir/Drivers/STM32F4xx_HAL_Driver/Src/stm32f4xx_ll_usb.c.obj
                0x0800457e                USB_SetDevAddress
 .text.USB_DevConnect
                0x0800459e       0x1c CMakeFiles/Engineering_B_2023_C_Board.elf.dir/Drivers/STM32F4xx_HAL_Driver/Src/stm32f4xx_ll_usb.c.obj
                0x0800459e                USB_DevConnect
 .text.USB_DevDisconnect
                0x080045ba       0x1c CMakeFiles/Engineering_B_2023_C_Board.elf.dir/Drivers/STM32F4xx_HAL_Driver/Src/stm32f4xx_ll_usb.c.obj
                0x080045ba                USB_DevDisconnect
 .text.USB_ReadInterrupts
                0x080045d6        0x8 CMakeFiles/Engineering_B_2023_C_Board.elf.dir/Drivers/STM32F4xx_HAL_Driver/Src/stm32f4xx_ll_usb.c.obj
                0x080045d6                USB_ReadInterrupts
 .text.USB_ReadDevAllOutEpInterrupt
                0x080045de       0x10 CMakeFiles/Engineering_B_2023_C_Board.elf.dir/Drivers/STM32F4xx_HAL_Driver/Src/stm32f4xx_ll_usb.c.obj
                0x080045de                USB_ReadDevAllOutEpInterrupt
 .text.USB_ReadDevAllInEpInterrupt
                0x080045ee       0x10 CMakeFiles/Engineering_B_2023_C_Board.elf.dir/Drivers/STM32F4xx_HAL_Driver/Src/stm32f4xx_ll_usb.c.obj
                0x080045ee                USB_ReadDevAllInEpInterrupt
 .text.USB_ReadDevOutEPInterrupt
                0x080045fe       0x12 CMakeFiles/Engineering_B_2023_C_Board.elf.dir/Drivers/STM32F4xx_HAL_Driver/Src/stm32f4xx_ll_usb.c.obj
                0x080045fe                USB_ReadDevOutEPInterrupt
 .text.USB_ReadDevInEPInterrupt
                0x08004610       0x28 CMakeFiles/Engineering_B_2023_C_Board.elf.dir/Drivers/STM32F4xx_HAL_Driver/Src/stm32f4xx_ll_usb.c.obj
                0x08004610                USB_ReadDevInEPInterrupt
 .text.USB_GetMode
                0x08004638        0x8 CMakeFiles/Engineering_B_2023_C_Board.elf.dir/Drivers/STM32F4xx_HAL_Driver/Src/stm32f4xx_ll_usb.c.obj
                0x08004638                USB_GetMode
 .text.USB_SetCurrentMode
                0x08004640       0x62 CMakeFiles/Engineering_B_2023_C_Board.elf.dir/Drivers/STM32F4xx_HAL_Driver/Src/stm32f4xx_ll_usb.c.obj
                0x08004640                USB_SetCurrentMode
 .text.USB_ActivateSetup
                0x080046a2       0x20 CMakeFiles/Engineering_B_2023_C_Board.elf.dir/Drivers/STM32F4xx_HAL_Driver/Src/stm32f4xx_ll_usb.c.obj
                0x080046a2                USB_ActivateSetup
 *fill*         0x080046c2        0x2 
 .text.USB_EP0_OutStart
                0x080046c4       0x60 CMakeFiles/Engineering_B_2023_C_Board.elf.dir/Drivers/STM32F4xx_HAL_Driver/Src/stm32f4xx_ll_usb.c.obj
                0x080046c4                USB_EP0_OutStart
 .text.USBD_CDC_EP0_RxReady
                0x08004724       0x40 CMakeFiles/Engineering_B_2023_C_Board.elf.dir/Middlewares/ST/STM32_USB_Device_Library/Class/CDC/Src/usbd_cdc.c.obj
 .text.USBD_CDC_GetDeviceQualifierDescriptor
                0x08004764        0xc CMakeFiles/Engineering_B_2023_C_Board.elf.dir/Middlewares/ST/STM32_USB_Device_Library/Class/CDC/Src/usbd_cdc.c.obj
                0x08004764                USBD_CDC_GetDeviceQualifierDescriptor
 .text.USBD_CDC_GetOtherSpeedCfgDesc
                0x08004770       0x48 CMakeFiles/Engineering_B_2023_C_Board.elf.dir/Middlewares/ST/STM32_USB_Device_Library/Class/CDC/Src/usbd_cdc.c.obj
 .text.USBD_CDC_GetFSCfgDesc
                0x080047b8       0x48 CMakeFiles/Engineering_B_2023_C_Board.elf.dir/Middlewares/ST/STM32_USB_Device_Library/Class/CDC/Src/usbd_cdc.c.obj
 .text.USBD_CDC_GetHSCfgDesc
                0x08004800       0x48 CMakeFiles/Engineering_B_2023_C_Board.elf.dir/Middlewares/ST/STM32_USB_Device_Library/Class/CDC/Src/usbd_cdc.c.obj
 .text.USBD_CDC_DataOut
                0x08004848       0x38 CMakeFiles/Engineering_B_2023_C_Board.elf.dir/Middlewares/ST/STM32_USB_Device_Library/Class/CDC/Src/usbd_cdc.c.obj
 .text.USBD_CDC_DataIn
                0x08004880       0x7c CMakeFiles/Engineering_B_2023_C_Board.elf.dir/Middlewares/ST/STM32_USB_Device_Library/Class/CDC/Src/usbd_cdc.c.obj
 .text.USBD_CDC_Setup
                0x080048fc      0x11a CMakeFiles/Engineering_B_2023_C_Board.elf.dir/Middlewares/ST/STM32_USB_Device_Library/Class/CDC/Src/usbd_cdc.c.obj
 .text.USBD_CDC_DeInit
                0x08004a16       0x64 CMakeFiles/Engineering_B_2023_C_Board.elf.dir/Middlewares/ST/STM32_USB_Device_Library/Class/CDC/Src/usbd_cdc.c.obj
 .text.USBD_CDC_Init
                0x08004a7a       0xee CMakeFiles/Engineering_B_2023_C_Board.elf.dir/Middlewares/ST/STM32_USB_Device_Library/Class/CDC/Src/usbd_cdc.c.obj
 .text.USBD_CDC_RegisterInterface
                0x08004b68       0x16 CMakeFiles/Engineering_B_2023_C_Board.elf.dir/Middlewares/ST/STM32_USB_Device_Library/Class/CDC/Src/usbd_cdc.c.obj
                0x08004b68                USBD_CDC_RegisterInterface
 .text.USBD_CDC_SetTxBuffer
                0x08004b7e       0x1c CMakeFiles/Engineering_B_2023_C_Board.elf.dir/Middlewares/ST/STM32_USB_Device_Library/Class/CDC/Src/usbd_cdc.c.obj
                0x08004b7e                USBD_CDC_SetTxBuffer
 .text.USBD_CDC_SetRxBuffer
                0x08004b9a       0x18 CMakeFiles/Engineering_B_2023_C_Board.elf.dir/Middlewares/ST/STM32_USB_Device_Library/Class/CDC/Src/usbd_cdc.c.obj
                0x08004b9a                USBD_CDC_SetRxBuffer
 .text.USBD_CDC_ReceivePacket
                0x08004bb2       0x38 CMakeFiles/Engineering_B_2023_C_Board.elf.dir/Middlewares/ST/STM32_USB_Device_Library/Class/CDC/Src/usbd_cdc.c.obj
                0x08004bb2                USBD_CDC_ReceivePacket
 .text.USBD_Init
                0x08004bea       0x2e CMakeFiles/Engineering_B_2023_C_Board.elf.dir/Middlewares/ST/STM32_USB_Device_Library/Core/Src/usbd_core.c.obj
                0x08004bea                USBD_Init
 .text.USBD_RegisterClass
                0x08004c18       0x34 CMakeFiles/Engineering_B_2023_C_Board.elf.dir/Middlewares/ST/STM32_USB_Device_Library/Core/Src/usbd_core.c.obj
                0x08004c18                USBD_RegisterClass
 .text.USBD_Start
                0x08004c4c        0x8 CMakeFiles/Engineering_B_2023_C_Board.elf.dir/Middlewares/ST/STM32_USB_Device_Library/Core/Src/usbd_core.c.obj
                0x08004c4c                USBD_Start
 .text.USBD_SetClassConfig
                0x08004c54       0x12 CMakeFiles/Engineering_B_2023_C_Board.elf.dir/Middlewares/ST/STM32_USB_Device_Library/Core/Src/usbd_core.c.obj
                0x08004c54                USBD_SetClassConfig
 .text.USBD_ClrClassConfig
                0x08004c66       0x12 CMakeFiles/Engineering_B_2023_C_Board.elf.dir/Middlewares/ST/STM32_USB_Device_Library/Core/Src/usbd_core.c.obj
                0x08004c66                USBD_ClrClassConfig
 .text.USBD_LL_SetupStage
                0x08004c78       0x58 CMakeFiles/Engineering_B_2023_C_Board.elf.dir/Middlewares/ST/STM32_USB_Device_Library/Core/Src/usbd_core.c.obj
                0x08004c78                USBD_LL_SetupStage
 .text.USBD_LL_Reset
                0x08004cd0       0x64 CMakeFiles/Engineering_B_2023_C_Board.elf.dir/Middlewares/ST/STM32_USB_Device_Library/Core/Src/usbd_core.c.obj
                0x08004cd0                USBD_LL_Reset
 .text.USBD_LL_SetSpeed
                0x08004d34        0x6 CMakeFiles/Engineering_B_2023_C_Board.elf.dir/Middlewares/ST/STM32_USB_Device_Library/Core/Src/usbd_core.c.obj
                0x08004d34                USBD_LL_SetSpeed
 .text.USBD_LL_Suspend
                0x08004d3a       0x14 CMakeFiles/Engineering_B_2023_C_Board.elf.dir/Middlewares/ST/STM32_USB_Device_Library/Core/Src/usbd_core.c.obj
                0x08004d3a                USBD_LL_Suspend
 .text.USBD_LL_Resume
                0x08004d4e       0x1a CMakeFiles/Engineering_B_2023_C_Board.elf.dir/Middlewares/ST/STM32_USB_Device_Library/Core/Src/usbd_core.c.obj
                0x08004d4e                USBD_LL_Resume
 .text.USBD_LL_SOF
                0x08004d68       0x22 CMakeFiles/Engineering_B_2023_C_Board.elf.dir/Middlewares/ST/STM32_USB_Device_Library/Core/Src/usbd_core.c.obj
                0x08004d68                USBD_LL_SOF
 .text.USBD_LL_IsoINIncomplete
                0x08004d8a       0x2e CMakeFiles/Engineering_B_2023_C_Board.elf.dir/Middlewares/ST/STM32_USB_Device_Library/Core/Src/usbd_core.c.obj
                0x08004d8a                USBD_LL_IsoINIncomplete
 .text.USBD_LL_IsoOUTIncomplete
                0x08004db8       0x2e CMakeFiles/Engineering_B_2023_C_Board.elf.dir/Middlewares/ST/STM32_USB_Device_Library/Core/Src/usbd_core.c.obj
                0x08004db8                USBD_LL_IsoOUTIncomplete
 .text.USBD_LL_DevConnected
                0x08004de6        0x4 CMakeFiles/Engineering_B_2023_C_Board.elf.dir/Middlewares/ST/STM32_USB_Device_Library/Core/Src/usbd_core.c.obj
                0x08004de6                USBD_LL_DevConnected
 .text.USBD_LL_DevDisconnected
                0x08004dea       0x20 CMakeFiles/Engineering_B_2023_C_Board.elf.dir/Middlewares/ST/STM32_USB_Device_Library/Core/Src/usbd_core.c.obj
                0x08004dea                USBD_LL_DevDisconnected
 .text.USBD_CoreFindIF
                0x08004e0a        0x4 CMakeFiles/Engineering_B_2023_C_Board.elf.dir/Middlewares/ST/STM32_USB_Device_Library/Core/Src/usbd_core.c.obj
                0x08004e0a                USBD_CoreFindIF
 .text.USBD_CoreFindEP
                0x08004e0e        0x4 CMakeFiles/Engineering_B_2023_C_Board.elf.dir/Middlewares/ST/STM32_USB_Device_Library/Core/Src/usbd_core.c.obj
                0x08004e0e                USBD_CoreFindEP
 .text.USBD_LL_DataOutStage
                0x08004e12       0xc6 CMakeFiles/Engineering_B_2023_C_Board.elf.dir/Middlewares/ST/STM32_USB_Device_Library/Core/Src/usbd_core.c.obj
                0x08004e12                USBD_LL_DataOutStage
 .text.USBD_LL_DataInStage
                0x08004ed8       0xd6 CMakeFiles/Engineering_B_2023_C_Board.elf.dir/Middlewares/ST/STM32_USB_Device_Library/Core/Src/usbd_core.c.obj
                0x08004ed8                USBD_LL_DataInStage
 .text.USBD_GetNextDesc
                0x08004fae        0xe CMakeFiles/Engineering_B_2023_C_Board.elf.dir/Middlewares/ST/STM32_USB_Device_Library/Core/Src/usbd_core.c.obj
                0x08004fae                USBD_GetNextDesc
 .text.USBD_GetEpDesc
                0x08004fbc       0x3e CMakeFiles/Engineering_B_2023_C_Board.elf.dir/Middlewares/ST/STM32_USB_Device_Library/Core/Src/usbd_core.c.obj
                0x08004fbc                USBD_GetEpDesc
 .text.USBD_GetLen
                0x08004ffa       0x14 CMakeFiles/Engineering_B_2023_C_Board.elf.dir/Middlewares/ST/STM32_USB_Device_Library/Core/Src/usbd_ctlreq.c.obj
 .text.USBD_ParseSetupRequest
                0x0800500e       0x28 CMakeFiles/Engineering_B_2023_C_Board.elf.dir/Middlewares/ST/STM32_USB_Device_Library/Core/Src/usbd_ctlreq.c.obj
                0x0800500e                USBD_ParseSetupRequest
 .text.USBD_CtlError
                0x08005036       0x14 CMakeFiles/Engineering_B_2023_C_Board.elf.dir/Middlewares/ST/STM32_USB_Device_Library/Core/Src/usbd_ctlreq.c.obj
                0x08005036                USBD_CtlError
 .text.USBD_GetDescriptor
                0x0800504a      0x18a CMakeFiles/Engineering_B_2023_C_Board.elf.dir/Middlewares/ST/STM32_USB_Device_Library/Core/Src/usbd_ctlreq.c.obj
 .text.USBD_SetAddress
                0x080051d4       0x50 CMakeFiles/Engineering_B_2023_C_Board.elf.dir/Middlewares/ST/STM32_USB_Device_Library/Core/Src/usbd_ctlreq.c.obj
 .text.USBD_SetConfig
                0x08005224       0xcc CMakeFiles/Engineering_B_2023_C_Board.elf.dir/Middlewares/ST/STM32_USB_Device_Library/Core/Src/usbd_ctlreq.c.obj
 .text.USBD_GetConfig
                0x080052f0       0x40 CMakeFiles/Engineering_B_2023_C_Board.elf.dir/Middlewares/ST/STM32_USB_Device_Library/Core/Src/usbd_ctlreq.c.obj
 .text.USBD_GetStatus
                0x08005330       0x38 CMakeFiles/Engineering_B_2023_C_Board.elf.dir/Middlewares/ST/STM32_USB_Device_Library/Core/Src/usbd_ctlreq.c.obj
 .text.USBD_SetFeature
                0x08005368       0x2a CMakeFiles/Engineering_B_2023_C_Board.elf.dir/Middlewares/ST/STM32_USB_Device_Library/Core/Src/usbd_ctlreq.c.obj
 .text.USBD_ClrFeature
                0x08005392       0x26 CMakeFiles/Engineering_B_2023_C_Board.elf.dir/Middlewares/ST/STM32_USB_Device_Library/Core/Src/usbd_ctlreq.c.obj
 .text.USBD_StdDevReq
                0x080053b8       0x76 CMakeFiles/Engineering_B_2023_C_Board.elf.dir/Middlewares/ST/STM32_USB_Device_Library/Core/Src/usbd_ctlreq.c.obj
                0x080053b8                USBD_StdDevReq
 .text.USBD_StdItfReq
                0x0800542e       0x84 CMakeFiles/Engineering_B_2023_C_Board.elf.dir/Middlewares/ST/STM32_USB_Device_Library/Core/Src/usbd_ctlreq.c.obj
                0x0800542e                USBD_StdItfReq
 .text.USBD_StdEPReq
                0x080054b2      0x230 CMakeFiles/Engineering_B_2023_C_Board.elf.dir/Middlewares/ST/STM32_USB_Device_Library/Core/Src/usbd_ctlreq.c.obj
                0x080054b2                USBD_StdEPReq
 .text.USBD_GetString
                0x080056e2       0x3a CMakeFiles/Engineering_B_2023_C_Board.elf.dir/Middlewares/ST/STM32_USB_Device_Library/Core/Src/usbd_ctlreq.c.obj
                0x080056e2                USBD_GetString
 .text.USBD_CtlSendData
                0x0800571c       0x1a CMakeFiles/Engineering_B_2023_C_Board.elf.dir/Middlewares/ST/STM32_USB_Device_Library/Core/Src/usbd_ioreq.c.obj
                0x0800571c                USBD_CtlSendData
 .text.USBD_CtlContinueSendData
                0x08005736       0x10 CMakeFiles/Engineering_B_2023_C_Board.elf.dir/Middlewares/ST/STM32_USB_Device_Library/Core/Src/usbd_ioreq.c.obj
                0x08005736                USBD_CtlContinueSendData
 .text.USBD_CtlPrepareRx
                0x08005746       0x1e CMakeFiles/Engineering_B_2023_C_Board.elf.dir/Middlewares/ST/STM32_USB_Device_Library/Core/Src/usbd_ioreq.c.obj
                0x08005746                USBD_CtlPrepareRx
 .text.USBD_CtlContinueRx
                0x08005764       0x10 CMakeFiles/Engineering_B_2023_C_Board.elf.dir/Middlewares/ST/STM32_USB_Device_Library/Core/Src/usbd_ioreq.c.obj
                0x08005764                USBD_CtlContinueRx
 .text.USBD_CtlSendStatus
                0x08005774       0x16 CMakeFiles/Engineering_B_2023_C_Board.elf.dir/Middlewares/ST/STM32_USB_Device_Library/Core/Src/usbd_ioreq.c.obj
                0x08005774                USBD_CtlSendStatus
 .text.USBD_CtlReceiveStatus
                0x0800578a       0x16 CMakeFiles/Engineering_B_2023_C_Board.elf.dir/Middlewares/ST/STM32_USB_Device_Library/Core/Src/usbd_ioreq.c.obj
                0x0800578a                USBD_CtlReceiveStatus
 .text.makeFreeRtosPriority
                0x080057a0        0xc CMakeFiles/Engineering_B_2023_C_Board.elf.dir/Middlewares/Third_Party/FreeRTOS/Source/CMSIS_RTOS/cmsis_os.c.obj
 .text.osKernelStart
                0x080057ac        0xa CMakeFiles/Engineering_B_2023_C_Board.elf.dir/Middlewares/Third_Party/FreeRTOS/Source/CMSIS_RTOS/cmsis_os.c.obj
                0x080057ac                osKernelStart
 .text.osThreadCreate
                0x080057b6       0x6a CMakeFiles/Engineering_B_2023_C_Board.elf.dir/Middlewares/Third_Party/FreeRTOS/Source/CMSIS_RTOS/cmsis_os.c.obj
                0x080057b6                osThreadCreate
 .text.osDelay  0x08005820        0xe CMakeFiles/Engineering_B_2023_C_Board.elf.dir/Middlewares/Third_Party/FreeRTOS/Source/CMSIS_RTOS/cmsis_os.c.obj
                0x08005820                osDelay
 .text.vListInitialise
                0x0800582e       0x16 CMakeFiles/Engineering_B_2023_C_Board.elf.dir/Middlewares/Third_Party/FreeRTOS/Source/list.c.obj
                0x0800582e                vListInitialise
 .text.vListInitialiseItem
                0x08005844        0x6 CMakeFiles/Engineering_B_2023_C_Board.elf.dir/Middlewares/Third_Party/FreeRTOS/Source/list.c.obj
                0x08005844                vListInitialiseItem
 .text.vListInsertEnd
                0x0800584a       0x16 CMakeFiles/Engineering_B_2023_C_Board.elf.dir/Middlewares/Third_Party/FreeRTOS/Source/list.c.obj
                0x0800584a                vListInsertEnd
 .text.vListInsert
                0x08005860       0x32 CMakeFiles/Engineering_B_2023_C_Board.elf.dir/Middlewares/Third_Party/FreeRTOS/Source/list.c.obj
                0x08005860                vListInsert
 .text.uxListRemove
                0x08005892       0x26 CMakeFiles/Engineering_B_2023_C_Board.elf.dir/Middlewares/Third_Party/FreeRTOS/Source/list.c.obj
                0x08005892                uxListRemove
 .text.prvTaskExitError
                0x080058b8       0x40 CMakeFiles/Engineering_B_2023_C_Board.elf.dir/Middlewares/Third_Party/FreeRTOS/Source/portable/GCC/ARM_CM4F/port.c.obj
 .text.prvPortStartFirstTask
                0x080058f8       0x28 CMakeFiles/Engineering_B_2023_C_Board.elf.dir/Middlewares/Third_Party/FreeRTOS/Source/portable/GCC/ARM_CM4F/port.c.obj
 .text.vPortEnableVFP
                0x08005920       0x14 CMakeFiles/Engineering_B_2023_C_Board.elf.dir/Middlewares/Third_Party/FreeRTOS/Source/portable/GCC/ARM_CM4F/port.c.obj
 .text.pxPortInitialiseStack
                0x08005934       0x2c CMakeFiles/Engineering_B_2023_C_Board.elf.dir/Middlewares/Third_Party/FreeRTOS/Source/portable/GCC/ARM_CM4F/port.c.obj
                0x08005934                pxPortInitialiseStack
 .text.SVC_Handler
                0x08005960       0x24 CMakeFiles/Engineering_B_2023_C_Board.elf.dir/Middlewares/Third_Party/FreeRTOS/Source/portable/GCC/ARM_CM4F/port.c.obj
                0x08005960                SVC_Handler
 .text.vPortEnterCritical
                0x08005984       0x44 CMakeFiles/Engineering_B_2023_C_Board.elf.dir/Middlewares/Third_Party/FreeRTOS/Source/portable/GCC/ARM_CM4F/port.c.obj
                0x08005984                vPortEnterCritical
 .text.vPortExitCritical
                0x080059c8       0x2c CMakeFiles/Engineering_B_2023_C_Board.elf.dir/Middlewares/Third_Party/FreeRTOS/Source/portable/GCC/ARM_CM4F/port.c.obj
                0x080059c8                vPortExitCritical
 *fill*         0x080059f4        0xc 
 .text.PendSV_Handler
                0x08005a00       0x64 CMakeFiles/Engineering_B_2023_C_Board.elf.dir/Middlewares/Third_Party/FreeRTOS/Source/portable/GCC/ARM_CM4F/port.c.obj
                0x08005a00                PendSV_Handler
 .text.SysTick_Handler
                0x08005a64       0x2c CMakeFiles/Engineering_B_2023_C_Board.elf.dir/Middlewares/Third_Party/FreeRTOS/Source/portable/GCC/ARM_CM4F/port.c.obj
                0x08005a64                SysTick_Handler
 .text.vPortSetupTimerInterrupt
                0x08005a90       0x28 CMakeFiles/Engineering_B_2023_C_Board.elf.dir/Middlewares/Third_Party/FreeRTOS/Source/portable/GCC/ARM_CM4F/port.c.obj
                0x08005a90                vPortSetupTimerInterrupt
 .text.xPortStartScheduler
                0x08005ab8      0x118 CMakeFiles/Engineering_B_2023_C_Board.elf.dir/Middlewares/Third_Party/FreeRTOS/Source/portable/GCC/ARM_CM4F/port.c.obj
                0x08005ab8                xPortStartScheduler
 .text.prvHeapInit
                0x08005bd0       0x64 CMakeFiles/Engineering_B_2023_C_Board.elf.dir/Middlewares/Third_Party/FreeRTOS/Source/portable/MemMang/heap_4.c.obj
 .text.prvInsertBlockIntoFreeList
                0x08005c34       0x64 CMakeFiles/Engineering_B_2023_C_Board.elf.dir/Middlewares/Third_Party/FreeRTOS/Source/portable/MemMang/heap_4.c.obj
 .text.pvPortMalloc
                0x08005c98       0xfc CMakeFiles/Engineering_B_2023_C_Board.elf.dir/Middlewares/Third_Party/FreeRTOS/Source/portable/MemMang/heap_4.c.obj
                0x08005c98                pvPortMalloc
 .text.vPortFree
                0x08005d94       0x7c CMakeFiles/Engineering_B_2023_C_Board.elf.dir/Middlewares/Third_Party/FreeRTOS/Source/portable/MemMang/heap_4.c.obj
                0x08005d94                vPortFree
 .text.prvResetNextTaskUnblockTime
                0x08005e10       0x2c CMakeFiles/Engineering_B_2023_C_Board.elf.dir/Middlewares/Third_Party/FreeRTOS/Source/tasks.c.obj
 .text.prvInitialiseNewTask
                0x08005e3c       0xa2 CMakeFiles/Engineering_B_2023_C_Board.elf.dir/Middlewares/Third_Party/FreeRTOS/Source/tasks.c.obj
 *fill*         0x08005ede        0x2 
 .text.prvInitialiseTaskLists
                0x08005ee0       0x68 CMakeFiles/Engineering_B_2023_C_Board.elf.dir/Middlewares/Third_Party/FreeRTOS/Source/tasks.c.obj
 .text.prvAddNewTaskToReadyList
                0x08005f48       0xa8 CMakeFiles/Engineering_B_2023_C_Board.elf.dir/Middlewares/Third_Party/FreeRTOS/Source/tasks.c.obj
 .text.prvDeleteTCB
                0x08005ff0       0x38 CMakeFiles/Engineering_B_2023_C_Board.elf.dir/Middlewares/Third_Party/FreeRTOS/Source/tasks.c.obj
 .text.prvCheckTasksWaitingTermination
                0x08006028       0x4c CMakeFiles/Engineering_B_2023_C_Board.elf.dir/Middlewares/Third_Party/FreeRTOS/Source/tasks.c.obj
 .text.prvIdleTask
                0x08006074       0x28 CMakeFiles/Engineering_B_2023_C_Board.elf.dir/Middlewares/Third_Party/FreeRTOS/Source/tasks.c.obj
 .text.prvAddCurrentTaskToDelayedList
                0x0800609c       0x98 CMakeFiles/Engineering_B_2023_C_Board.elf.dir/Middlewares/Third_Party/FreeRTOS/Source/tasks.c.obj
 .text.xTaskCreateStatic
                0x08006134       0x76 CMakeFiles/Engineering_B_2023_C_Board.elf.dir/Middlewares/Third_Party/FreeRTOS/Source/tasks.c.obj
                0x08006134                xTaskCreateStatic
 .text.xTaskCreate
                0x080061aa       0x68 CMakeFiles/Engineering_B_2023_C_Board.elf.dir/Middlewares/Third_Party/FreeRTOS/Source/tasks.c.obj
                0x080061aa                xTaskCreate
 *fill*         0x08006212        0x2 
 .text.vTaskStartScheduler
                0x08006214       0x74 CMakeFiles/Engineering_B_2023_C_Board.elf.dir/Middlewares/Third_Party/FreeRTOS/Source/tasks.c.obj
                0x08006214                vTaskStartScheduler
 .text.vTaskSuspendAll
                0x08006288       0x10 CMakeFiles/Engineering_B_2023_C_Board.elf.dir/Middlewares/Third_Party/FreeRTOS/Source/tasks.c.obj
                0x08006288                vTaskSuspendAll
 .text.xTaskIncrementTick
                0x08006298      0x118 CMakeFiles/Engineering_B_2023_C_Board.elf.dir/Middlewares/Third_Party/FreeRTOS/Source/tasks.c.obj
                0x08006298                xTaskIncrementTick
 .text.xTaskResumeAll
                0x080063b0       0xf8 CMakeFiles/Engineering_B_2023_C_Board.elf.dir/Middlewares/Third_Party/FreeRTOS/Source/tasks.c.obj
                0x080063b0                xTaskResumeAll
 .text.vTaskDelay
                0x080064a8       0x4c CMakeFiles/Engineering_B_2023_C_Board.elf.dir/Middlewares/Third_Party/FreeRTOS/Source/tasks.c.obj
                0x080064a8                vTaskDelay
 .text.vTaskSwitchContext
                0x080064f4       0x98 CMakeFiles/Engineering_B_2023_C_Board.elf.dir/Middlewares/Third_Party/FreeRTOS/Source/tasks.c.obj
                0x080064f4                vTaskSwitchContext
 .text.MX_USB_DEVICE_Init
                0x0800658c       0x54 CMakeFiles/Engineering_B_2023_C_Board.elf.dir/USB_DEVICE/App/usb_device.c.obj
                0x0800658c                MX_USB_DEVICE_Init
 .text.CDC_DeInit_FS
                0x080065e0        0x4 CMakeFiles/Engineering_B_2023_C_Board.elf.dir/USB_DEVICE/App/usbd_cdc_if.c.obj
 .text.CDC_Control_FS
                0x080065e4        0x4 CMakeFiles/Engineering_B_2023_C_Board.elf.dir/USB_DEVICE/App/usbd_cdc_if.c.obj
 .text.CDC_TransmitCplt_FS
                0x080065e8        0x4 CMakeFiles/Engineering_B_2023_C_Board.elf.dir/USB_DEVICE/App/usbd_cdc_if.c.obj
 .text.CDC_Receive_FS
                0x080065ec       0x1c CMakeFiles/Engineering_B_2023_C_Board.elf.dir/USB_DEVICE/App/usbd_cdc_if.c.obj
 .text.CDC_Init_FS
                0x08006608       0x28 CMakeFiles/Engineering_B_2023_C_Board.elf.dir/USB_DEVICE/App/usbd_cdc_if.c.obj
 .text.USBD_FS_DeviceDescriptor
                0x08006630        0xc CMakeFiles/Engineering_B_2023_C_Board.elf.dir/USB_DEVICE/App/usbd_desc.c.obj
                0x08006630                USBD_FS_DeviceDescriptor
 .text.USBD_FS_LangIDStrDescriptor
                0x0800663c        0xc CMakeFiles/Engineering_B_2023_C_Board.elf.dir/USB_DEVICE/App/usbd_desc.c.obj
                0x0800663c                USBD_FS_LangIDStrDescriptor
 .text.IntToUnicode
                0x08006648       0x46 CMakeFiles/Engineering_B_2023_C_Board.elf.dir/USB_DEVICE/App/usbd_desc.c.obj
 *fill*         0x0800668e        0x2 
 .text.Get_SerialNum
                0x08006690       0x38 CMakeFiles/Engineering_B_2023_C_Board.elf.dir/USB_DEVICE/App/usbd_desc.c.obj
 .text.USBD_FS_SerialStrDescriptor
                0x080066c8       0x14 CMakeFiles/Engineering_B_2023_C_Board.elf.dir/USB_DEVICE/App/usbd_desc.c.obj
                0x080066c8                USBD_FS_SerialStrDescriptor
 .text.USBD_FS_ProductStrDescriptor
                0x080066dc       0x24 CMakeFiles/Engineering_B_2023_C_Board.elf.dir/USB_DEVICE/App/usbd_desc.c.obj
                0x080066dc                USBD_FS_ProductStrDescriptor
 .text.USBD_FS_ManufacturerStrDescriptor
                0x08006700       0x1c CMakeFiles/Engineering_B_2023_C_Board.elf.dir/USB_DEVICE/App/usbd_desc.c.obj
                0x08006700                USBD_FS_ManufacturerStrDescriptor
 .text.USBD_FS_ConfigStrDescriptor
                0x0800671c       0x24 CMakeFiles/Engineering_B_2023_C_Board.elf.dir/USB_DEVICE/App/usbd_desc.c.obj
                0x0800671c                USBD_FS_ConfigStrDescriptor
 .text.USBD_FS_InterfaceStrDescriptor
                0x08006740       0x24 CMakeFiles/Engineering_B_2023_C_Board.elf.dir/USB_DEVICE/App/usbd_desc.c.obj
                0x08006740                USBD_FS_InterfaceStrDescriptor
 .text.HAL_PCD_MspInit
                0x08006764       0x84 CMakeFiles/Engineering_B_2023_C_Board.elf.dir/USB_DEVICE/Target/usbd_conf.c.obj
                0x08006764                HAL_PCD_MspInit
 .text.HAL_PCD_SetupStageCallback
                0x080067e8       0x10 CMakeFiles/Engineering_B_2023_C_Board.elf.dir/USB_DEVICE/Target/usbd_conf.c.obj
                0x080067e8                HAL_PCD_SetupStageCallback
 .text.HAL_PCD_DataOutStageCallback
                0x080067f8       0x18 CMakeFiles/Engineering_B_2023_C_Board.elf.dir/USB_DEVICE/Target/usbd_conf.c.obj
                0x080067f8                HAL_PCD_DataOutStageCallback
 .text.HAL_PCD_DataInStageCallback
                0x08006810       0x16 CMakeFiles/Engineering_B_2023_C_Board.elf.dir/USB_DEVICE/Target/usbd_conf.c.obj
                0x08006810                HAL_PCD_DataInStageCallback
 .text.HAL_PCD_SOFCallback
                0x08006826        0xc CMakeFiles/Engineering_B_2023_C_Board.elf.dir/USB_DEVICE/Target/usbd_conf.c.obj
                0x08006826                HAL_PCD_SOFCallback
 .text.HAL_PCD_ResetCallback
                0x08006832       0x2c CMakeFiles/Engineering_B_2023_C_Board.elf.dir/USB_DEVICE/Target/usbd_conf.c.obj
                0x08006832                HAL_PCD_ResetCallback
 *fill*         0x0800685e        0x2 
 .text.HAL_PCD_SuspendCallback
                0x08006860       0x30 CMakeFiles/Engineering_B_2023_C_Board.elf.dir/USB_DEVICE/Target/usbd_conf.c.obj
                0x08006860                HAL_PCD_SuspendCallback
 .text.HAL_PCD_ResumeCallback
                0x08006890        0xc CMakeFiles/Engineering_B_2023_C_Board.elf.dir/USB_DEVICE/Target/usbd_conf.c.obj
                0x08006890                HAL_PCD_ResumeCallback
 .text.HAL_PCD_ISOOUTIncompleteCallback
                0x0800689c        0xc CMakeFiles/Engineering_B_2023_C_Board.elf.dir/USB_DEVICE/Target/usbd_conf.c.obj
                0x0800689c                HAL_PCD_ISOOUTIncompleteCallback
 .text.HAL_PCD_ISOINIncompleteCallback
                0x080068a8        0xc CMakeFiles/Engineering_B_2023_C_Board.elf.dir/USB_DEVICE/Target/usbd_conf.c.obj
                0x080068a8                HAL_PCD_ISOINIncompleteCallback
 .text.HAL_PCD_ConnectCallback
                0x080068b4        0xc CMakeFiles/Engineering_B_2023_C_Board.elf.dir/USB_DEVICE/Target/usbd_conf.c.obj
                0x080068b4                HAL_PCD_ConnectCallback
 .text.HAL_PCD_DisconnectCallback
                0x080068c0        0xc CMakeFiles/Engineering_B_2023_C_Board.elf.dir/USB_DEVICE/Target/usbd_conf.c.obj
                0x080068c0                HAL_PCD_DisconnectCallback
 .text.USBD_LL_Init
                0x080068cc       0x68 CMakeFiles/Engineering_B_2023_C_Board.elf.dir/USB_DEVICE/Target/usbd_conf.c.obj
                0x080068cc                USBD_LL_Init
 .text.USBD_LL_IsStallEP
                0x08006934       0x2e CMakeFiles/Engineering_B_2023_C_Board.elf.dir/USB_DEVICE/Target/usbd_conf.c.obj
                0x08006934                USBD_LL_IsStallEP
 .text.USBD_LL_GetRxDataSize
                0x08006962        0xc CMakeFiles/Engineering_B_2023_C_Board.elf.dir/USB_DEVICE/Target/usbd_conf.c.obj
                0x08006962                USBD_LL_GetRxDataSize
 *fill*         0x0800696e        0x2 
 .text.USBD_static_malloc
                0x08006970        0x8 CMakeFiles/Engineering_B_2023_C_Board.elf.dir/USB_DEVICE/Target/usbd_conf.c.obj
                0x08006970                USBD_static_malloc
 .text.USBD_static_free
                0x08006978        0x2 CMakeFiles/Engineering_B_2023_C_Board.elf.dir/USB_DEVICE/Target/usbd_conf.c.obj
                0x08006978                USBD_static_free
 .text.USBD_Get_USB_Status
                0x0800697a       0x14 CMakeFiles/Engineering_B_2023_C_Board.elf.dir/USB_DEVICE/Target/usbd_conf.c.obj
                0x0800697a                USBD_Get_USB_Status
 .text.USBD_LL_Start
                0x0800698e       0x10 CMakeFiles/Engineering_B_2023_C_Board.elf.dir/USB_DEVICE/Target/usbd_conf.c.obj
                0x0800698e                USBD_LL_Start
 .text.USBD_LL_OpenEP
                0x0800699e       0x16 CMakeFiles/Engineering_B_2023_C_Board.elf.dir/USB_DEVICE/Target/usbd_conf.c.obj
                0x0800699e                USBD_LL_OpenEP
 .text.USBD_LL_CloseEP
                0x080069b4       0x10 CMakeFiles/Engineering_B_2023_C_Board.elf.dir/USB_DEVICE/Target/usbd_conf.c.obj
                0x080069b4                USBD_LL_CloseEP
 .text.USBD_LL_StallEP
                0x080069c4       0x10 CMakeFiles/Engineering_B_2023_C_Board.elf.dir/USB_DEVICE/Target/usbd_conf.c.obj
                0x080069c4                USBD_LL_StallEP
 .text.USBD_LL_ClearStallEP
                0x080069d4       0x10 CMakeFiles/Engineering_B_2023_C_Board.elf.dir/USB_DEVICE/Target/usbd_conf.c.obj
                0x080069d4                USBD_LL_ClearStallEP
 .text.USBD_LL_SetUSBAddress
                0x080069e4       0x10 CMakeFiles/Engineering_B_2023_C_Board.elf.dir/USB_DEVICE/Target/usbd_conf.c.obj
                0x080069e4                USBD_LL_SetUSBAddress
 .text.USBD_LL_Transmit
                0x080069f4       0x10 CMakeFiles/Engineering_B_2023_C_Board.elf.dir/USB_DEVICE/Target/usbd_conf.c.obj
                0x080069f4                USBD_LL_Transmit
 .text.USBD_LL_PrepareReceive
                0x08006a04       0x10 CMakeFiles/Engineering_B_2023_C_Board.elf.dir/USB_DEVICE/Target/usbd_conf.c.obj
                0x08006a04                USBD_LL_PrepareReceive
 .text.__libc_init_array
                0x08006a14       0x48 e:/application/10 2021.10/bin/../lib/gcc/arm-none-eabi/10.3.1/../../../../arm-none-eabi/lib/thumb/v7e-m+fp/hard\libg.a(lib_a-init.o)
                0x08006a14                __libc_init_array
 .text.memset   0x08006a5c       0xa4 e:/application/10 2021.10/bin/../lib/gcc/arm-none-eabi/10.3.1/../../../../arm-none-eabi/lib/thumb/v7e-m+fp/hard\libg.a(lib_a-memset.o)
                0x08006a5c                memset
 .text.startup.register_fini
                0x08006b00       0x14 e:/application/10 2021.10/bin/../lib/gcc/arm-none-eabi/10.3.1/../../../../arm-none-eabi/lib/thumb/v7e-m+fp/hard\libg.a(lib_a-__call_atexit.o)
 .text.atexit   0x08006b14        0xc e:/application/10 2021.10/bin/../lib/gcc/arm-none-eabi/10.3.1/../../../../arm-none-eabi/lib/thumb/v7e-m+fp/hard\libg.a(lib_a-atexit.o)
                0x08006b14                atexit
 .text.__libc_fini_array
                0x08006b20       0x2c e:/application/10 2021.10/bin/../lib/gcc/arm-none-eabi/10.3.1/../../../../arm-none-eabi/lib/thumb/v7e-m+fp/hard\libg.a(lib_a-fini.o)
                0x08006b20                __libc_fini_array
 .text.__retarget_lock_acquire_recursive
                0x08006b4c        0x4 e:/application/10 2021.10/bin/../lib/gcc/arm-none-eabi/10.3.1/../../../../arm-none-eabi/lib/thumb/v7e-m+fp/hard\libg.a(lib_a-lock.o)
                0x08006b4c                __retarget_lock_acquire_recursive
 .text.__retarget_lock_release_recursive
                0x08006b50        0x4 e:/application/10 2021.10/bin/../lib/gcc/arm-none-eabi/10.3.1/../../../../arm-none-eabi/lib/thumb/v7e-m+fp/hard\libg.a(lib_a-lock.o)
                0x08006b50                __retarget_lock_release_recursive
 .text.__register_exitproc
                0x08006b54       0x8c e:/application/10 2021.10/bin/../lib/gcc/arm-none-eabi/10.3.1/../../../../arm-none-eabi/lib/thumb/v7e-m+fp/hard\libg.a(lib_a-__atexit.o)
                0x08006b54                __register_exitproc
 *(.glue_7)
 .glue_7        0x08006be0        0x0 linker stubs
 *(.glue_7t)
 .glue_7t       0x08006be0        0x0 linker stubs
 *(.eh_frame)
 .eh_frame      0x08006be0        0x0 e:/application/10 2021.10/bin/../lib/gcc/arm-none-eabi/10.3.1/thumb/v7e-m+fp/hard/crtbegin.o
 *(.init)
 .init          0x08006be0        0x4 e:/application/10 2021.10/bin/../lib/gcc/arm-none-eabi/10.3.1/thumb/v7e-m+fp/hard/crti.o
                0x08006be0                _init
 .init          0x08006be4        0x8 e:/application/10 2021.10/bin/../lib/gcc/arm-none-eabi/10.3.1/thumb/v7e-m+fp/hard/crtn.o
 *(.fini)
 .fini          0x08006bec        0x4 e:/application/10 2021.10/bin/../lib/gcc/arm-none-eabi/10.3.1/thumb/v7e-m+fp/hard/crti.o
                0x08006bec                _fini
 .fini          0x08006bf0        0x8 e:/application/10 2021.10/bin/../lib/gcc/arm-none-eabi/10.3.1/thumb/v7e-m+fp/hard/crtn.o
                0x08006bf8                . = ALIGN (0x4)
                0x08006bf8                _etext = .

.vfp11_veneer   0x08006bf8        0x0
 .vfp11_veneer  0x08006bf8        0x0 linker stubs

.v4_bx          0x08006bf8        0x0
 .v4_bx         0x08006bf8        0x0 linker stubs

.iplt           0x08006bf8        0x0
 .iplt          0x08006bf8        0x0 e:/application/10 2021.10/bin/../lib/gcc/arm-none-eabi/10.3.1/thumb/v7e-m+fp/hard/crtbegin.o

.rodata         0x08006bf8       0x9c
                0x08006bf8                . = ALIGN (0x4)
 *(.rodata)
 .rodata        0x08006bf8       0x1c CMakeFiles/Engineering_B_2023_C_Board.elf.dir/Core/Src/freertos.c.obj
 *(.rodata*)
 .rodata.str1.4
                0x08006c14        0xc CMakeFiles/Engineering_B_2023_C_Board.elf.dir/Core/Src/freertos.c.obj
 .rodata.AHBPrescTable
                0x08006c20       0x10 CMakeFiles/Engineering_B_2023_C_Board.elf.dir/Core/Src/system_stm32f4xx.c.obj
                0x08006c20                AHBPrescTable
 .rodata.APBPrescTable
                0x08006c30        0x8 CMakeFiles/Engineering_B_2023_C_Board.elf.dir/Core/Src/system_stm32f4xx.c.obj
                0x08006c30                APBPrescTable
 .rodata.flagBitshiftOffset.0
                0x08006c38        0x8 CMakeFiles/Engineering_B_2023_C_Board.elf.dir/Drivers/STM32F4xx_HAL_Driver/Src/stm32f4xx_hal_dma.c.obj
 .rodata.vTaskStartScheduler.str1.4
                0x08006c40        0x5 CMakeFiles/Engineering_B_2023_C_Board.elf.dir/Middlewares/Third_Party/FreeRTOS/Source/tasks.c.obj
 *fill*         0x08006c45        0x3 
 .rodata.USBD_FS_ProductStrDescriptor.str1.4
                0x08006c48       0x16 CMakeFiles/Engineering_B_2023_C_Board.elf.dir/USB_DEVICE/App/usbd_desc.c.obj
 *fill*         0x08006c5e        0x2 
 .rodata.USBD_FS_ManufacturerStrDescriptor.str1.4
                0x08006c60       0x13 CMakeFiles/Engineering_B_2023_C_Board.elf.dir/USB_DEVICE/App/usbd_desc.c.obj
 *fill*         0x08006c73        0x1 
 .rodata.USBD_FS_ConfigStrDescriptor.str1.4
                0x08006c74        0xb CMakeFiles/Engineering_B_2023_C_Board.elf.dir/USB_DEVICE/App/usbd_desc.c.obj
 *fill*         0x08006c7f        0x1 
 .rodata.USBD_FS_InterfaceStrDescriptor.str1.4
                0x08006c80        0xe CMakeFiles/Engineering_B_2023_C_Board.elf.dir/USB_DEVICE/App/usbd_desc.c.obj
 *fill*         0x08006c8e        0x2 
 .rodata._global_impure_ptr
                0x08006c90        0x4 e:/application/10 2021.10/bin/../lib/gcc/arm-none-eabi/10.3.1/../../../../arm-none-eabi/lib/thumb/v7e-m+fp/hard\libg.a(lib_a-impure.o)
                0x08006c90                _global_impure_ptr
                0x08006c94                . = ALIGN (0x4)

.ARM.extab      0x08006c94        0x0
                0x08006c94                . = ALIGN (0x4)
 *(.ARM.extab* .gnu.linkonce.armextab.*)
                0x08006c94                . = ALIGN (0x4)

.ARM            0x08006c94        0x8
                0x08006c94                . = ALIGN (0x4)
                0x08006c94                __exidx_start = .
 *(.ARM.exidx*)
 .ARM.exidx     0x08006c94        0x8 e:/application/10 2021.10/bin/../lib/gcc/arm-none-eabi/10.3.1/thumb/v7e-m+fp/hard\libgcc.a(_udivmoddi4.o)
                0x08006c9c                __exidx_end = .
                0x08006c9c                . = ALIGN (0x4)

.rel.dyn        0x08006c9c        0x0
 .rel.iplt      0x08006c9c        0x0 e:/application/10 2021.10/bin/../lib/gcc/arm-none-eabi/10.3.1/thumb/v7e-m+fp/hard/crtbegin.o

.preinit_array  0x08006c9c        0x0
                0x08006c9c                . = ALIGN (0x4)
                0x08006c9c                PROVIDE (__preinit_array_start = .)
 *(.preinit_array*)
                0x08006c9c                PROVIDE (__preinit_array_end = .)
                0x08006c9c                . = ALIGN (0x4)

.init_array     0x08006c9c        0x8
                0x08006c9c                . = ALIGN (0x4)
                0x08006c9c                PROVIDE (__init_array_start = .)
 *(SORT_BY_NAME(.init_array.*))
 .init_array.00000
                0x08006c9c        0x4 e:/application/10 2021.10/bin/../lib/gcc/arm-none-eabi/10.3.1/../../../../arm-none-eabi/lib/thumb/v7e-m+fp/hard\libg.a(lib_a-__call_atexit.o)
 *(.init_array*)
 .init_array    0x08006ca0        0x4 e:/application/10 2021.10/bin/../lib/gcc/arm-none-eabi/10.3.1/thumb/v7e-m+fp/hard/crtbegin.o
                0x08006ca4                PROVIDE (__init_array_end = .)
                0x08006ca4                . = ALIGN (0x4)

.fini_array     0x08006ca4        0x4
                0x08006ca4                . = ALIGN (0x4)
                0x08006ca4                PROVIDE (__fini_array_start = .)
 *(SORT_BY_NAME(.fini_array.*))
 *(.fini_array*)
 .fini_array    0x08006ca4        0x4 e:/application/10 2021.10/bin/../lib/gcc/arm-none-eabi/10.3.1/thumb/v7e-m+fp/hard/crtbegin.o
                0x08006ca8                PROVIDE (__fini_array_end = .)
                0x08006ca8                . = ALIGN (0x4)
                0x08006ca8                _sidata = LOADADDR (.data)

.data           0x20000000      0x52c load address 0x08006ca8
                0x20000000                . = ALIGN (0x4)
                0x20000000                _sdata = .
 *(.data)
 *(.data*)
 .data.SystemCoreClock
                0x20000000        0x4 CMakeFiles/Engineering_B_2023_C_Board.elf.dir/Core/Src/system_stm32f4xx.c.obj
                0x20000000                SystemCoreClock
 .data.uwTickFreq
                0x20000004        0x1 CMakeFiles/Engineering_B_2023_C_Board.elf.dir/Drivers/STM32F4xx_HAL_Driver/Src/stm32f4xx_hal.c.obj
                0x20000004                uwTickFreq
 *fill*         0x20000005        0x3 
 .data.uwTickPrio
                0x20000008        0x4 CMakeFiles/Engineering_B_2023_C_Board.elf.dir/Drivers/STM32F4xx_HAL_Driver/Src/stm32f4xx_hal.c.obj
                0x20000008                uwTickPrio
 .data.USBD_CDC
                0x2000000c       0x38 CMakeFiles/Engineering_B_2023_C_Board.elf.dir/Middlewares/ST/STM32_USB_Device_Library/Class/CDC/Src/usbd_cdc.c.obj
                0x2000000c                USBD_CDC
 .data.USBD_CDC_CfgDesc
                0x20000044       0x43 CMakeFiles/Engineering_B_2023_C_Board.elf.dir/Middlewares/ST/STM32_USB_Device_Library/Class/CDC/Src/usbd_cdc.c.obj
 *fill*         0x20000087        0x1 
 .data.USBD_CDC_DeviceQualifierDesc
                0x20000088        0xa CMakeFiles/Engineering_B_2023_C_Board.elf.dir/Middlewares/ST/STM32_USB_Device_Library/Class/CDC/Src/usbd_cdc.c.obj
 *fill*         0x20000092        0x2 
 .data.uxCriticalNesting
                0x20000094        0x4 CMakeFiles/Engineering_B_2023_C_Board.elf.dir/Middlewares/Third_Party/FreeRTOS/Source/portable/GCC/ARM_CM4F/port.c.obj
 .data.USBD_Interface_fops_FS
                0x20000098       0x14 CMakeFiles/Engineering_B_2023_C_Board.elf.dir/USB_DEVICE/App/usbd_cdc_if.c.obj
                0x20000098                USBD_Interface_fops_FS
 .data.FS_Desc  0x200000ac       0x1c CMakeFiles/Engineering_B_2023_C_Board.elf.dir/USB_DEVICE/App/usbd_desc.c.obj
                0x200000ac                FS_Desc
 .data.USBD_FS_DeviceDesc
                0x200000c8       0x12 CMakeFiles/Engineering_B_2023_C_Board.elf.dir/USB_DEVICE/App/usbd_desc.c.obj
                0x200000c8                USBD_FS_DeviceDesc
 *fill*         0x200000da        0x2 
 .data.USBD_LangIDDesc
                0x200000dc        0x4 CMakeFiles/Engineering_B_2023_C_Board.elf.dir/USB_DEVICE/App/usbd_desc.c.obj
                0x200000dc                USBD_LangIDDesc
 .data.USBD_StringSerial
                0x200000e0       0x1a CMakeFiles/Engineering_B_2023_C_Board.elf.dir/USB_DEVICE/App/usbd_desc.c.obj
                0x200000e0                USBD_StringSerial
 *fill*         0x200000fa        0x6 
 .data.impure_data
                0x20000100      0x428 e:/application/10 2021.10/bin/../lib/gcc/arm-none-eabi/10.3.1/../../../../arm-none-eabi/lib/thumb/v7e-m+fp/hard\libg.a(lib_a-impure.o)
 .data.__atexit_recursive_mutex
                0x20000528        0x4 e:/application/10 2021.10/bin/../lib/gcc/arm-none-eabi/10.3.1/../../../../arm-none-eabi/lib/thumb/v7e-m+fp/hard\libg.a(lib_a-__call_atexit.o)
                0x20000528                __atexit_recursive_mutex
 *(.RamFunc)
 *(.RamFunc*)
                0x2000052c                . = ALIGN (0x4)
                0x2000052c                _edata = .
                0x080071d4                _siccmram = LOADADDR (.ccmram)

.igot.plt       0x2000052c        0x0 load address 0x080071d4
 .igot.plt      0x2000052c        0x0 e:/application/10 2021.10/bin/../lib/gcc/arm-none-eabi/10.3.1/thumb/v7e-m+fp/hard/crtbegin.o

.ccmram         0x10000000        0x0 load address 0x080071d4
                0x10000000                . = ALIGN (0x4)
                0x10000000                _sccmram = .
 *(.ccmram)
 *(.ccmram*)
                0x10000000                . = ALIGN (0x4)
                0x10000000                _eccmram = .
                0x10000000                . = ALIGN (0x4)

.bss            0x2000052c     0x5da8
                0x2000052c                _sbss = .
                0x2000052c                __bss_start__ = _sbss
 *(.bss)
 .bss           0x2000052c       0x1c e:/application/10 2021.10/bin/../lib/gcc/arm-none-eabi/10.3.1/thumb/v7e-m+fp/hard/crtbegin.o
 *(.bss*)
 .bss.HAL_RCC_CAN1_CLK_ENABLED
                0x20000548        0x4 CMakeFiles/Engineering_B_2023_C_Board.elf.dir/Core/Src/can.c.obj
 .bss.hcan1     0x2000054c       0x28 CMakeFiles/Engineering_B_2023_C_Board.elf.dir/Core/Src/can.c.obj
                0x2000054c                hcan1
 .bss.hcan2     0x20000574       0x28 CMakeFiles/Engineering_B_2023_C_Board.elf.dir/Core/Src/can.c.obj
                0x20000574                hcan2
 .bss.defaultTaskHandle
                0x2000059c        0x4 CMakeFiles/Engineering_B_2023_C_Board.elf.dir/Core/Src/freertos.c.obj
                0x2000059c                defaultTaskHandle
 .bss.xIdleStack
                0x200005a0      0x200 CMakeFiles/Engineering_B_2023_C_Board.elf.dir/Core/Src/freertos.c.obj
 .bss.xIdleTaskTCBBuffer
                0x200007a0       0x54 CMakeFiles/Engineering_B_2023_C_Board.elf.dir/Core/Src/freertos.c.obj
 .bss.htim2     0x200007f4       0x48 CMakeFiles/Engineering_B_2023_C_Board.elf.dir/Core/Src/stm32f4xx_hal_timebase_tim.c.obj
                0x200007f4                htim2
 .bss.htim1     0x2000083c       0x48 CMakeFiles/Engineering_B_2023_C_Board.elf.dir/Core/Src/tim.c.obj
                0x2000083c                htim1
 .bss.htim4     0x20000884       0x48 CMakeFiles/Engineering_B_2023_C_Board.elf.dir/Core/Src/tim.c.obj
                0x20000884                htim4
 .bss.hdma_usart3_rx
                0x200008cc       0x60 CMakeFiles/Engineering_B_2023_C_Board.elf.dir/Core/Src/usart.c.obj
                0x200008cc                hdma_usart3_rx
 .bss.huart3    0x2000092c       0x44 CMakeFiles/Engineering_B_2023_C_Board.elf.dir/Core/Src/usart.c.obj
                0x2000092c                huart3
 .bss.uwTick    0x20000970        0x4 CMakeFiles/Engineering_B_2023_C_Board.elf.dir/Drivers/STM32F4xx_HAL_Driver/Src/stm32f4xx_hal.c.obj
                0x20000970                uwTick
 .bss.cfgidx.0  0x20000974        0x1 CMakeFiles/Engineering_B_2023_C_Board.elf.dir/Middlewares/ST/STM32_USB_Device_Library/Core/Src/usbd_ctlreq.c.obj
 .bss.ucMaxSysCallPriority
                0x20000975        0x1 CMakeFiles/Engineering_B_2023_C_Board.elf.dir/Middlewares/Third_Party/FreeRTOS/Source/portable/GCC/ARM_CM4F/port.c.obj
 *fill*         0x20000976        0x2 
 .bss.ulMaxPRIGROUPValue
                0x20000978        0x4 CMakeFiles/Engineering_B_2023_C_Board.elf.dir/Middlewares/Third_Party/FreeRTOS/Source/portable/GCC/ARM_CM4F/port.c.obj
 .bss.pxEnd     0x2000097c        0x4 CMakeFiles/Engineering_B_2023_C_Board.elf.dir/Middlewares/Third_Party/FreeRTOS/Source/portable/MemMang/heap_4.c.obj
 .bss.ucHeap    0x20000980     0x3c00 CMakeFiles/Engineering_B_2023_C_Board.elf.dir/Middlewares/Third_Party/FreeRTOS/Source/portable/MemMang/heap_4.c.obj
 .bss.xBlockAllocatedBit
                0x20004580        0x4 CMakeFiles/Engineering_B_2023_C_Board.elf.dir/Middlewares/Third_Party/FreeRTOS/Source/portable/MemMang/heap_4.c.obj
 .bss.xFreeBytesRemaining
                0x20004584        0x4 CMakeFiles/Engineering_B_2023_C_Board.elf.dir/Middlewares/Third_Party/FreeRTOS/Source/portable/MemMang/heap_4.c.obj
 .bss.xMinimumEverFreeBytesRemaining
                0x20004588        0x4 CMakeFiles/Engineering_B_2023_C_Board.elf.dir/Middlewares/Third_Party/FreeRTOS/Source/portable/MemMang/heap_4.c.obj
 .bss.xNumberOfSuccessfulAllocations
                0x2000458c        0x4 CMakeFiles/Engineering_B_2023_C_Board.elf.dir/Middlewares/Third_Party/FreeRTOS/Source/portable/MemMang/heap_4.c.obj
 .bss.xNumberOfSuccessfulFrees
                0x20004590        0x4 CMakeFiles/Engineering_B_2023_C_Board.elf.dir/Middlewares/Third_Party/FreeRTOS/Source/portable/MemMang/heap_4.c.obj
 .bss.xStart    0x20004594        0x8 CMakeFiles/Engineering_B_2023_C_Board.elf.dir/Middlewares/Third_Party/FreeRTOS/Source/portable/MemMang/heap_4.c.obj
 .bss.pxCurrentTCB
                0x2000459c        0x4 CMakeFiles/Engineering_B_2023_C_Board.elf.dir/Middlewares/Third_Party/FreeRTOS/Source/tasks.c.obj
                0x2000459c                pxCurrentTCB
 .bss.pxDelayedTaskList
                0x200045a0        0x4 CMakeFiles/Engineering_B_2023_C_Board.elf.dir/Middlewares/Third_Party/FreeRTOS/Source/tasks.c.obj
 .bss.pxOverflowDelayedTaskList
                0x200045a4        0x4 CMakeFiles/Engineering_B_2023_C_Board.elf.dir/Middlewares/Third_Party/FreeRTOS/Source/tasks.c.obj
 .bss.pxReadyTasksLists
                0x200045a8       0x8c CMakeFiles/Engineering_B_2023_C_Board.elf.dir/Middlewares/Third_Party/FreeRTOS/Source/tasks.c.obj
 .bss.uxCurrentNumberOfTasks
                0x20004634        0x4 CMakeFiles/Engineering_B_2023_C_Board.elf.dir/Middlewares/Third_Party/FreeRTOS/Source/tasks.c.obj
 .bss.uxDeletedTasksWaitingCleanUp
                0x20004638        0x4 CMakeFiles/Engineering_B_2023_C_Board.elf.dir/Middlewares/Third_Party/FreeRTOS/Source/tasks.c.obj
 .bss.uxSchedulerSuspended
                0x2000463c        0x4 CMakeFiles/Engineering_B_2023_C_Board.elf.dir/Middlewares/Third_Party/FreeRTOS/Source/tasks.c.obj
 .bss.uxTaskNumber
                0x20004640        0x4 CMakeFiles/Engineering_B_2023_C_Board.elf.dir/Middlewares/Third_Party/FreeRTOS/Source/tasks.c.obj
 .bss.uxTopReadyPriority
                0x20004644        0x4 CMakeFiles/Engineering_B_2023_C_Board.elf.dir/Middlewares/Third_Party/FreeRTOS/Source/tasks.c.obj
 .bss.xDelayedTaskList1
                0x20004648       0x14 CMakeFiles/Engineering_B_2023_C_Board.elf.dir/Middlewares/Third_Party/FreeRTOS/Source/tasks.c.obj
 .bss.xDelayedTaskList2
                0x2000465c       0x14 CMakeFiles/Engineering_B_2023_C_Board.elf.dir/Middlewares/Third_Party/FreeRTOS/Source/tasks.c.obj
 .bss.xIdleTaskHandle
                0x20004670        0x4 CMakeFiles/Engineering_B_2023_C_Board.elf.dir/Middlewares/Third_Party/FreeRTOS/Source/tasks.c.obj
 .bss.xNextTaskUnblockTime
                0x20004674        0x4 CMakeFiles/Engineering_B_2023_C_Board.elf.dir/Middlewares/Third_Party/FreeRTOS/Source/tasks.c.obj
 .bss.xNumOfOverflows
                0x20004678        0x4 CMakeFiles/Engineering_B_2023_C_Board.elf.dir/Middlewares/Third_Party/FreeRTOS/Source/tasks.c.obj
 .bss.xPendedTicks
                0x2000467c        0x4 CMakeFiles/Engineering_B_2023_C_Board.elf.dir/Middlewares/Third_Party/FreeRTOS/Source/tasks.c.obj
 .bss.xPendingReadyList
                0x20004680       0x14 CMakeFiles/Engineering_B_2023_C_Board.elf.dir/Middlewares/Third_Party/FreeRTOS/Source/tasks.c.obj
 .bss.xSchedulerRunning
                0x20004694        0x4 CMakeFiles/Engineering_B_2023_C_Board.elf.dir/Middlewares/Third_Party/FreeRTOS/Source/tasks.c.obj
 .bss.xSuspendedTaskList
                0x20004698       0x14 CMakeFiles/Engineering_B_2023_C_Board.elf.dir/Middlewares/Third_Party/FreeRTOS/Source/tasks.c.obj
 .bss.xTasksWaitingTermination